[Licensing::Module] Trying to connect to existing licensing client channel...
[Licensing::IpcConnector] Successfully connected to: "LicenseClient-03051" at "2026-02-02T15:08:43.9763637Z"
Built from '6000.3/staging' branch; Version is '6000.3.4f1 (fdd3b8998ec4) revision 16634808'; Using compiler version '194234433'; Build Type 'Release'
OS: 'Windows 11  (10.0.26200) Professional' Language: 'ru' Physical Memory: 16236 MB
BatchMode: 1, IsHumanControllingUs: 0, StartBugReporterOnCrash: 0, Is64bit: 1
System  architecture: x64
Process architecture: x64
Date: 2026-02-02T15:08:43Z

COMMAND LINE ARGUMENTS:
E:\unity\6000.3.4f1\Editor\Unity.exe
-adb2
-batchMode
-noUpm
-name
AssetImportWorker4
-projectPath
E:/Unity Project/tap tap dashGD511/tap tap dash GD511
-logFile
Logs/AssetImportWorker4.log
-srvPort
62307
-licensingIpc
LicenseClient-03051
-job-worker-count
11
-background-job-worker-count
8
-gc-helper-count
1
-name
AssetImport
Successfully changed project path to: E:/Unity Project/tap tap dashGD511/tap tap dash GD511
E:/Unity Project/tap tap dashGD511/tap tap dash GD511
[UnityMemory] Configuration Parameters - Can be set up in boot.config
    "memorysetup-temp-allocator-size-nav-mesh-worker=65536"
    "memorysetup-temp-allocator-size-audio-worker=65536"
    "memorysetup-temp-allocator-size-gfx=262144"
    "memorysetup-allocator-temp-initial-block-size-main=262144"
    "memorysetup-allocator-temp-initial-block-size-worker=262144"
    "memorysetup-temp-allocator-size-background-worker=32768"
    "memorysetup-temp-allocator-size-job-worker=262144"
    "memorysetup-temp-allocator-size-preload-manager=33554432"
    "memorysetup-temp-allocator-size-gi-baking-worker=262144"
    "memorysetup-temp-allocator-size-gi-baking-worker=262144"
    "memorysetup-temp-allocator-size-gi-baking-worker=262144"
    "memorysetup-temp-allocator-size-gi-baking-worker=262144"
    "memorysetup-temp-allocator-size-gi-baking-worker=262144"
    "memorysetup-bucket-allocator-granularity=16"
    "memorysetup-bucket-allocator-bucket-count=8"
    "memorysetup-bucket-allocator-block-size=33554432"
    "memorysetup-bucket-allocator-block-count=8"
    "memorysetup-main-allocator-block-size=16777216"
    "memorysetup-thread-allocator-block-size=16777216"
    "memorysetup-gfx-main-allocator-block-size=16777216"
    "memorysetup-gfx-thread-allocator-block-size=16777216"
    "memorysetup-cache-allocator-block-size=4194304"
    "memorysetup-typetree-allocator-block-size=2097152"
    "memorysetup-profiler-bucket-allocator-granularity=16"
    "memorysetup-profiler-bucket-allocator-bucket-count=8"
    "memorysetup-profiler-bucket-allocator-block-size=33554432"
    "memorysetup-profiler-bucket-allocator-block-count=8"
    "memorysetup-profiler-allocator-block-size=16777216"
    "memorysetup-profiler-editor-allocator-block-size=1048576"
    "memorysetup-temp-allocator-size-main=16777216"
    "memorysetup-job-temp-allocator-block-size=2097152"
    "memorysetup-job-temp-allocator-block-size-background=1048576"
    "memorysetup-job-temp-allocator-reduction-small-platforms=262144"
    "memorysetup-temp-allocator-size-cloud-worker=32768"
Player connection [36060]  Target information:

Player connection [36060]  * "[IP] 192.168.0.100 [Port] 0 [Flags] 2 [Guid] 3793916755 [EditorId] 3793916755 [Version] 1048832 [Id] WindowsEditor(7,AndrewPC) [Debug] 1 [PackageName] WindowsEditor [ProjectName] Editor" 

Player connection [36060]  * "[IP] 10.0.85.2 [Port] 0 [Flags] 2 [Guid] 3793916755 [EditorId] 3793916755 [Version] 1048832 [Id] WindowsEditor(7,AndrewPC) [Debug] 1 [PackageName] WindowsEditor [ProjectName] Editor" 

Player connection [36060]  * "[IP] 192.168.56.1 [Port] 0 [Flags] 2 [Guid] 3793916755 [EditorId] 3793916755 [Version] 1048832 [Id] WindowsEditor(7,AndrewPC) [Debug] 1 [PackageName] WindowsEditor [ProjectName] Editor" 

Player connection [36060] Host joined multi-casting on [225.0.0.222:54997]...
Player connection [36060] Host joined alternative multi-casting on [225.0.0.222:34997]...
JobSystem: Creating JobQueue using job-worker-count value 11
Input System module state changed to: Initialized.
[Physics::Module] Initialized fallback backend.
[Physics::Module] Id: 0xdecafbad
Library Redirect Path: Library/
[Physics::Module] Selected backend.
[Physics::Module] Name: PhysX
[Physics::Module] Id: 0xf2b8ea05
[Physics::Module] SDK Version: 4.1.2
[Physics::Module] Integration Version: 1.0.0
[Physics::Module] Threading Mode: Multi-Threaded
Refreshing native plugins compatible for Editor in 11.24 ms, found 3 plugins.
Preloading 0 native plugins for Editor in 0.00 ms.
Initialize engine version: 6000.3.4f1 (fdd3b8998ec4)
[Subsystems] Discovering subsystems at path E:/unity/6000.3.4f1/Editor/Data/Resources/UnitySubsystems
[Subsystems] Discovering subsystems at path E:/Unity Project/tap tap dashGD511/tap tap dash GD511/Assets
GfxDevice: creating device client; kGfxThreadingModeNonThreaded
Direct3D:
    Version:  Direct3D 11.0 [level 11.1]
    Renderer: AMD Radeon RX 580 2048SP (ID=0x6fdf)
    Vendor:   ATI
    VRAM:     8170 MB
    Driver:   31.0.12027.9001
Initialize mono
Mono path[0] = 'E:/unity/6000.3.4f1/Editor/Data/Managed'
Mono path[1] = 'E:/unity/6000.3.4f1/Editor/Data/MonoBleedingEdge/lib/mono/unityjit-win32'
Mono config path = 'E:/unity/6000.3.4f1/Editor/Data/MonoBleedingEdge/etc'
Using monoOptions --debugger-agent=transport=dt_socket,embedding=1,server=y,suspend=n,address=127.0.0.1:56716
Begin MonoManager ReloadAssembly
Registering precompiled unity dll's ...
Register platform support module: E:/unity/6000.3.4f1/Editor/Data/PlaybackEngines/WebGLSupport/UnityEditor.WebGL.Extensions.dll
Register platform support module: E:/unity/6000.3.4f1/Editor/Data/PlaybackEngines/WindowsStandaloneSupport/UnityEditor.WindowsStandalone.Extensions.dll
Registered in 0.003757 seconds.
- Loaded All Assemblies, in  1.263 seconds
Native extension for WindowsStandalone target not found
Native extension for WebGL target not found
ScheduleIndexationOnStartup MainProcess:False IndexOnStartup:True
Mono: successfully reloaded assembly
- Finished resetting the current domain, in  1.179 seconds
Domain Reload Profiling: 2440ms
	BeginReloadAssembly (453ms)
		ExecutionOrderSort (0ms)
		DisableScriptedObjects (0ms)
		BackupInstance (0ms)
		ReleaseScriptingObjects (0ms)
		CreateAndSetChildDomain (2ms)
	RebuildCommonClasses (109ms)
	RebuildNativeTypeToScriptingClass (44ms)
	initialDomainReloadingComplete (139ms)
	LoadAllAssembliesAndSetupDomain (515ms)
		LoadAssemblies (452ms)
		RebuildTransferFunctionScriptingTraits (0ms)
		AnalyzeDomain (508ms)
			TypeCache.Refresh (504ms)
				TypeCache.ScanAssembly (465ms)
			BuildScriptInfoCaches (0ms)
			ResolveRequiredComponents (1ms)
	FinalizeReload (1180ms)
		ReleaseScriptCaches (0ms)
		RebuildScriptCaches (0ms)
		SetupLoadedEditorAssemblies (1054ms)
			LogAssemblyErrors (0ms)
			InitializePlatformSupportModulesInManaged (134ms)
			SetLoadedEditorAssemblies (7ms)
			BeforeProcessingInitializeOnLoad (240ms)
			ProcessInitializeOnLoadAttributes (455ms)
			ProcessInitializeOnLoadMethodAttributes (218ms)
			AfterProcessingInitializeOnLoad (0ms)
			EditorAssembliesLoaded (0ms)
		ExecutionOrderSort2 (0ms)
		AwakeInstancesAfterBackupRestoration (0ms)
[Licensing::Client] Handshaking with LicensingClient:
  Version:                 1.17.4+4293ba1
  Session Id:              44a7ffb025a2425287c2230e877adb78
  Correlation Id:          7c8eaf41241a1288635266aec62ec46d
  External correlation Id: 3238679087199393561
  Machine Id:              fl+u5cdejddwypgSW6GhqK0MRfU=
[Licensing::Module] Successfully connected to LicensingClient on channel: "LicenseClient-03051" (connect: 0.00s, validation: 0.00s, handshake: 3.88s)
[Licensing::IpcConnector] Successfully connected to: "LicenseClient-03051-notifications" at "2026-02-02T15:08:47.8598166Z"
[Licensing::Module] Licensing Background thread has ended after 3.88s
========================================================================
Worker process is ready to serve import requests
Import Worker Mode flag is 0x00
Begin MonoManager ReloadAssembly
[Licensing::Client] Successfully resolved entitlement details
[Licensing::Module] License group:
  Id: 10171059585381-UnityPersXXXX
  Product: Unity Personal
  Type: Assigned
  Expiration: Unlimited
- Loaded All Assemblies, in  2.345 seconds
Refreshing native plugins compatible for Editor in 2.01 ms, found 3 plugins.
Native extension for WindowsStandalone target not found
Native extension for WebGL target not found
Package Manager log level set to [2]
[Package Manager] Failed to launch server process. Reason: Unity was launched with the -noUpm command-line argument
[Package Manager] Unable to send message (not connected to server process).
[Package Manager] Cannot connect to Unity Package Manager local server
ScheduleIndexationOnStartup MainProcess:False IndexOnStartup:True
Mono: successfully reloaded assembly
- Finished resetting the current domain, in  1.698 seconds
Domain Reload Profiling: 4043ms
	BeginReloadAssembly (491ms)
		ExecutionOrderSort (0ms)
		DisableScriptedObjects (12ms)
		BackupInstance (0ms)
		ReleaseScriptingObjects (0ms)
		CreateAndSetChildDomain (85ms)
	RebuildCommonClasses (98ms)
	RebuildNativeTypeToScriptingClass (27ms)
	initialDomainReloadingComplete (70ms)
	LoadAllAssembliesAndSetupDomain (1658ms)
		LoadAssemblies (1288ms)
		RebuildTransferFunctionScriptingTraits (0ms)
		AnalyzeDomain (674ms)
			TypeCache.Refresh (516ms)
				TypeCache.ScanAssembly (475ms)
			BuildScriptInfoCaches (116ms)
			ResolveRequiredComponents (28ms)
	FinalizeReload (1699ms)
		ReleaseScriptCaches (0ms)
		RebuildScriptCaches (0ms)
		SetupLoadedEditorAssemblies (1394ms)
			LogAssemblyErrors (0ms)
			InitializePlatformSupportModulesInManaged (4ms)
			SetLoadedEditorAssemblies (9ms)
			BeforeProcessingInitializeOnLoad (426ms)
			ProcessInitializeOnLoadAttributes (801ms)
			ProcessInitializeOnLoadMethodAttributes (146ms)
			AfterProcessingInitializeOnLoad (8ms)
			EditorAssembliesLoaded (0ms)
		ExecutionOrderSort2 (0ms)
		AwakeInstancesAfterBackupRestoration (13ms)
WARNING: Shader Unsupported: 'Hidden/Universal Render Pipeline/Terrain/Lit (Base Pass)' - All subshaders removed
WARNING: Shader Did you use #pragma only_renderers and omit this platform?
WARNING: Shader If subshaders removal was intentional, you may have forgotten turning Fallback off?
WARNING: Shader Unsupported: 'Hidden/Universal Render Pipeline/Terrain/Lit (Base Pass)' - All subshaders removed
WARNING: Shader Did you use #pragma only_renderers and omit this platform?
WARNING: Shader If subshaders removal was intentional, you may have forgotten turning Fallback off?
WARNING: Shader Unsupported: 'Universal Render Pipeline/Terrain/Lit' - All subshaders removed
WARNING: Shader Did you use #pragma only_renderers and omit this platform?
WARNING: Shader If subshaders removal was intentional, you may have forgotten turning Fallback off?
WARNING: Shader Unsupported: 'Universal Render Pipeline/Terrain/Lit' - All subshaders removed
WARNING: Shader Did you use #pragma only_renderers and omit this platform?
WARNING: Shader If subshaders removal was intentional, you may have forgotten turning Fallback off?
Launched and connected shader compiler UnityShaderCompiler.exe after 0.04 seconds
Refreshing native plugins compatible for Editor in 1.23 ms, found 3 plugins.
Preloading 0 native plugins for Editor in 0.00 ms.
Unloading 45 Unused Serialized files (Serialized files now loaded: 0)
Unloading 6271 unused Assets / (7.1 MB). Loaded Objects now: 6907.
Memory consumption went from 144.4 MB to 137.2 MB.
Total: 30.344900 ms (FindLiveObjects: 3.340600 ms CreateObjectMapping: 2.492300 ms MarkObjects: 14.019500 ms  DeleteObjects: 10.490400 ms)

========================================================================
Received Import Request.
  Time since last request: 45426.628198 seconds.
  path: Assets/POLYGON - FPS free/scripts/laser_script.cs
  artifactKey: Guid(e8e3326206d17ee4883bef3dcf7aab85) Importer(2089858483,b0f066a214c2f5e87bad3c948f4d605d)
Start importing Assets/POLYGON - FPS free/scripts/laser_script.cs using Guid(e8e3326206d17ee4883bef3dcf7aab85) Importer(2089858483,b0f066a214c2f5e87bad3c948f4d605d) (ScriptedImporter) -> (artifact id: 'd50a237f7bbdf26cb4e70d24ee7e8d9d') in 0.1869242 seconds
Number of updated asset objects reloaded before import = 0Number of asset objects unloaded after import = 0

========================================================================
Received Import Request.
  Time since last request: 0.000031 seconds.
  path: Assets/POLYGON - FPS free/weapons raw/equipment_mats/suppressor_d/suppressor_d.fbx
  artifactKey: Guid(15bf41351815fb344ac263b4819d0584) Importer(2089858483,b0f066a214c2f5e87bad3c948f4d605d)
Start importing Assets/POLYGON - FPS free/weapons raw/equipment_mats/suppressor_d/suppressor_d.fbx using Guid(15bf41351815fb344ac263b4819d0584) Importer(2089858483,b0f066a214c2f5e87bad3c948f4d605d) (ScriptedImporter) -> (artifact id: 'b8520a13e5904a1f1cbe319624f22389') in 0.1684826 seconds
Number of updated asset objects reloaded before import = 0Number of asset objects unloaded after import = 9

========================================================================
Received Import Request.
  Time since last request: 0.000038 seconds.
  path: Assets/POLYGON - FPS free/Prefabs/bullet_shells/45acp_prefab.prefab
  artifactKey: Guid(0035e33c1d9673a4f8a0aa7a0ed21032) Importer(2089858483,b0f066a214c2f5e87bad3c948f4d605d)
Start importing Assets/POLYGON - FPS free/Prefabs/bullet_shells/45acp_prefab.prefab using Guid(0035e33c1d9673a4f8a0aa7a0ed21032) Importer(2089858483,b0f066a214c2f5e87bad3c948f4d605d) (ScriptedImporter) -> (artifact id: 'fac35096244c60ee44b3798ac419a4f7') in 0.1027025 seconds
Number of updated asset objects reloaded before import = 0Number of asset objects unloaded after import = 10

========================================================================
Received Import Request.
  Time since last request: 0.000048 seconds.
  path: Assets/POLYGON - FPS free/weapons raw/bullet_shells_fbxTexMat
  artifactKey: Guid(738dca4628ebf2845a85c2b77c177e90) Importer(2089858483,b0f066a214c2f5e87bad3c948f4d605d)
Start importing Assets/POLYGON - FPS free/weapons raw/bullet_shells_fbxTexMat using Guid(738dca4628ebf2845a85c2b77c177e90) Importer(2089858483,b0f066a214c2f5e87bad3c948f4d605d) (ScriptedImporter) -> (artifact id: '19419acd40e81792a4171e26de05e1e8') in 0.0194491 seconds
Number of updated asset objects reloaded before import = 0Number of asset objects unloaded after import = 1

========================================================================
Received Import Request.
  Time since last request: 0.000147 seconds.
  path: Assets/POLYGON - FPS free/scripts/destory_simple.cs
  artifactKey: Guid(68558ffcdbbb8f14a9e5680cf0af8b1c) Importer(2089858483,b0f066a214c2f5e87bad3c948f4d605d)
Start importing Assets/POLYGON - FPS free/scripts/destory_simple.cs using Guid(68558ffcdbbb8f14a9e5680cf0af8b1c) Importer(2089858483,b0f066a214c2f5e87bad3c948f4d605d) (ScriptedImporter) -> (artifact id: '0e5d121d65cf8cc00e2b75d760affcef') in 0.0245867 seconds
Number of updated asset objects reloaded before import = 0Number of asset objects unloaded after import = 0

========================================================================
Received Import Request.
  Time since last request: 0.000193 seconds.
  path: Assets/POLYGON - FPS free/weapons raw/equipment_mats/Scope_c/Materials
  artifactKey: Guid(8fdbe6fcc1d8da64d8704fc901b60e71) Importer(2089858483,b0f066a214c2f5e87bad3c948f4d605d)
Start importing Assets/POLYGON - FPS free/weapons raw/equipment_mats/Scope_c/Materials using Guid(8fdbe6fcc1d8da64d8704fc901b60e71) Importer(2089858483,b0f066a214c2f5e87bad3c948f4d605d) (ScriptedImporter) -> (artifact id: '1a5b043e054dd14fef7e5b1dd11eaf99') in 0.0189937 seconds
Number of updated asset objects reloaded before import = 0Number of asset objects unloaded after import = 1

========================================================================
Received Import Request.
  Time since last request: 0.000159 seconds.
  path: Assets/POLYGON - FPS free/Prefabs/pickUp_prefabs/equipment/suppressor_a_pickUp_prefab.prefab
  artifactKey: Guid(569cd46a989c0754da667e3e0a779bd4) Importer(2089858483,b0f066a214c2f5e87bad3c948f4d605d)
Start importing Assets/POLYGON - FPS free/Prefabs/pickUp_prefabs/equipment/suppressor_a_pickUp_prefab.prefab using Guid(569cd46a989c0754da667e3e0a779bd4) Importer(2089858483,b0f066a214c2f5e87bad3c948f4d605d) (ScriptedImporter) -> (artifact id: '66fc1dc626da9dd99a1ac484eab9d677') in 0.0619711 seconds
Number of updated asset objects reloaded before import = 0Number of asset objects unloaded after import = 12

========================================================================
Received Import Request.
  Time since last request: 0.000026 seconds.
  path: Assets/POLYGON - FPS free/weapons raw/equipment_mats/laser_a/laser_a_emission.png
  artifactKey: Guid(06118871263818c43bdac173da32e506) Importer(2089858483,b0f066a214c2f5e87bad3c948f4d605d)
Start importing Assets/POLYGON - FPS free/weapons raw/equipment_mats/laser_a/laser_a_emission.png using Guid(06118871263818c43bdac173da32e506) Importer(2089858483,b0f066a214c2f5e87bad3c948f4d605d) (ScriptedImporter) -> (artifact id: '18cd4a5bd4016a2348b712007344c809') in 0.0883213 seconds
Number of updated asset objects reloaded before import = 0Number of asset objects unloaded after import = 1

========================================================================
Received Import Request.
  Time since last request: 0.000152 seconds.
  path: Assets/POLYGON - FPS free/weapons raw/equipment_mats/lamp_laser_b/lamp_laser_b.png
  artifactKey: Guid(c821dba5eb541754b87dcc93c9dbe2cf) Importer(2089858483,b0f066a214c2f5e87bad3c948f4d605d)
Start importing Assets/POLYGON - FPS free/weapons raw/equipment_mats/lamp_laser_b/lamp_laser_b.png using Guid(c821dba5eb541754b87dcc93c9dbe2cf) Importer(2089858483,b0f066a214c2f5e87bad3c948f4d605d) (ScriptedImporter) -> (artifact id: 'd8ada03b759b406c427cba1c047083a5') in 0.0403041 seconds
Number of updated asset objects reloaded before import = 0Number of asset objects unloaded after import = 1

========================================================================
Received Import Request.
  Time since last request: 0.000140 seconds.
  path: Assets/POLYGON - FPS free/weapons raw/equipment_mats/red_dot_e/red_dot_e.fbx
  artifactKey: Guid(c679c854d0570d842a6a0e5eb07e1c45) Importer(2089858483,b0f066a214c2f5e87bad3c948f4d605d)
Start importing Assets/POLYGON - FPS free/weapons raw/equipment_mats/red_dot_e/red_dot_e.fbx using Guid(c679c854d0570d842a6a0e5eb07e1c45) Importer(2089858483,b0f066a214c2f5e87bad3c948f4d605d) (ScriptedImporter) -> (artifact id: '3f8ad11c6ff6b4ec41fc9ce899c07766') in 0.0491278 seconds
Number of updated asset objects reloaded before import = 0Number of asset objects unloaded after import = 25

========================================================================
Received Import Request.
  Time since last request: 0.000026 seconds.
  path: Assets/POLYGON - FPS free/map/particles/pink.mat
  artifactKey: Guid(8e24f4608a714bf458383864a7df8a30) Importer(2089858483,b0f066a214c2f5e87bad3c948f4d605d)
Start importing Assets/POLYGON - FPS free/map/particles/pink.mat using Guid(8e24f4608a714bf458383864a7df8a30) Importer(2089858483,b0f066a214c2f5e87bad3c948f4d605d) (ScriptedImporter) -> (artifact id: 'c4229b443eaea0cbb5a10275af296ef9') in 0.0234497 seconds
Number of updated asset objects reloaded before import = 0Number of asset objects unloaded after import = 1

========================================================================
Received Import Request.
  Time since last request: 0.000094 seconds.
  path: Assets/POLYGON - FPS free/weapons raw/equipment_mats/lamp_c/lamp_c.png
  artifactKey: Guid(27fdbed1a1f420342990762a3d405724) Importer(2089858483,b0f066a214c2f5e87bad3c948f4d605d)
Start importing Assets/POLYGON - FPS free/weapons raw/equipment_mats/lamp_c/lamp_c.png using Guid(27fdbed1a1f420342990762a3d405724) Importer(2089858483,b0f066a214c2f5e87bad3c948f4d605d) (ScriptedImporter) -> (artifact id: '8f4f03d2348e806ad16769c3c27a0d0d') in 0.0437772 seconds
Number of updated asset objects reloaded before import = 0Number of asset objects unloaded after import = 1

========================================================================
Received Import Request.
  Time since last request: 0.000085 seconds.
  path: Assets/POLYGON - FPS free/weapons raw/equipment_mats/Scope_b/scope_b.png
  artifactKey: Guid(feeb4ec4244aba242a58e1d5d2a959c3) Importer(2089858483,b0f066a214c2f5e87bad3c948f4d605d)
Start importing Assets/POLYGON - FPS free/weapons raw/equipment_mats/Scope_b/scope_b.png using Guid(feeb4ec4244aba242a58e1d5d2a959c3) Importer(2089858483,b0f066a214c2f5e87bad3c948f4d605d) (ScriptedImporter) -> (artifact id: '8785be3404a5a889e1733ca8edfa8a54') in 0.0272578 seconds
Number of updated asset objects reloaded before import = 0Number of asset objects unloaded after import = 1

========================================================================
Received Import Request.
  Time since last request: 0.000135 seconds.
  path: Assets/POLYGON - FPS free/weapons raw/old_pistol/holder.png
  artifactKey: Guid(1556496c85e71d44b8bb6d819a740925) Importer(2089858483,b0f066a214c2f5e87bad3c948f4d605d)
Start importing Assets/POLYGON - FPS free/weapons raw/old_pistol/holder.png using Guid(1556496c85e71d44b8bb6d819a740925) Importer(2089858483,b0f066a214c2f5e87bad3c948f4d605d) (ScriptedImporter) -> (artifact id: '3384038eb0ec41804dd21d5ea64d803e') in 0.0424174 seconds
Number of updated asset objects reloaded before import = 0Number of asset objects unloaded after import = 1

========================================================================
Received Import Request.
  Time since last request: 0.000172 seconds.
  path: Assets/POLYGON - FPS free/killer bunny/AniSound/on_corp.mask
  artifactKey: Guid(a577b6487744edf439b5815df0958745) Importer(2089858483,b0f066a214c2f5e87bad3c948f4d605d)
Start importing Assets/POLYGON - FPS free/killer bunny/AniSound/on_corp.mask using Guid(a577b6487744edf439b5815df0958745) Importer(2089858483,b0f066a214c2f5e87bad3c948f4d605d) (ScriptedImporter) -> (artifact id: '98291acfe401c988c3c41584e8a74166') in 0.0615774 seconds
Number of updated asset objects reloaded before import = 0Number of asset objects unloaded after import = 1

========================================================================
Received Import Request.
  Time since last request: 0.000033 seconds.
  path: Assets/POLYGON - FPS free/scripts/axe.cs
  artifactKey: Guid(70e5934bf22d78d41b2fdf4d88e9e228) Importer(2089858483,b0f066a214c2f5e87bad3c948f4d605d)
Start importing Assets/POLYGON - FPS free/scripts/axe.cs using Guid(70e5934bf22d78d41b2fdf4d88e9e228) Importer(2089858483,b0f066a214c2f5e87bad3c948f4d605d) (ScriptedImporter) -> (artifact id: '5c35b3a55ac6ca0c193a429e4a2fef6b') in 0.033291 seconds
Number of updated asset objects reloaded before import = 0Number of asset objects unloaded after import = 0

========================================================================
Received Import Request.
  Time since last request: 0.000174 seconds.
  path: Assets/POLYGON - FPS free/Prefabs/pickUp_prefabs/equipment/Scope_b_pickUp_prefab.prefab
  artifactKey: Guid(178754c0ce0acdc4497c584c7954fafb) Importer(2089858483,b0f066a214c2f5e87bad3c948f4d605d)
Start importing Assets/POLYGON - FPS free/Prefabs/pickUp_prefabs/equipment/Scope_b_pickUp_prefab.prefab using Guid(178754c0ce0acdc4497c584c7954fafb) Importer(2089858483,b0f066a214c2f5e87bad3c948f4d605d) (ScriptedImporter) -> (artifact id: '8c760f623c841b10a3db43b0839897a6') in 0.0535687 seconds
Number of updated asset objects reloaded before import = 0Number of asset objects unloaded after import = 37

========================================================================
Received Import Request.
  Time since last request: 0.000039 seconds.
  path: Assets/POLYGON - FPS free/killer bunny/MatTex/bunn_head_drops.mat
  artifactKey: Guid(3f4534e6adf39bb468f153c45ec6db3f) Importer(2089858483,b0f066a214c2f5e87bad3c948f4d605d)
Start importing Assets/POLYGON - FPS free/killer bunny/MatTex/bunn_head_drops.mat using Guid(3f4534e6adf39bb468f153c45ec6db3f) Importer(2089858483,b0f066a214c2f5e87bad3c948f4d605d) (ScriptedImporter) -> (artifact id: '6b1de4665625db5be2516a98c2477cf7') in 0.0564709 seconds
Number of updated asset objects reloaded before import = 0Number of asset objects unloaded after import = 3

========================================================================
Received Import Request.
  Time since last request: 0.000038 seconds.
  path: Assets/POLYGON - FPS free/weapons raw/equipment_mats/lamp_a/lamp_a.png
  artifactKey: Guid(044a28b9f2665e4479bb772c47baee70) Importer(2089858483,b0f066a214c2f5e87bad3c948f4d605d)
Start importing Assets/POLYGON - FPS free/weapons raw/equipment_mats/lamp_a/lamp_a.png using Guid(044a28b9f2665e4479bb772c47baee70) Importer(2089858483,b0f066a214c2f5e87bad3c948f4d605d) (ScriptedImporter) -> (artifact id: '17a15b89eb4ff0a75ef747b3452e0215') in 0.0301113 seconds
Number of updated asset objects reloaded before import = 0Number of asset objects unloaded after import = 1

========================================================================
Received Import Request.
  Time since last request: 0.000090 seconds.
  path: Assets/POLYGON - FPS free/weapons raw/bullet_shells_fbxTexMat/12,7 × 99.png
  artifactKey: Guid(a5745be977a4e844da234a5e8d077442) Importer(2089858483,b0f066a214c2f5e87bad3c948f4d605d)
Start importing Assets/POLYGON - FPS free/weapons raw/bullet_shells_fbxTexMat/12,7 × 99.png using Guid(a5745be977a4e844da234a5e8d077442) Importer(2089858483,b0f066a214c2f5e87bad3c948f4d605d) (ScriptedImporter) -> (artifact id: '098f69e4a13ebd805d8c6f6317c44ee6') in 0.052603 seconds
Number of updated asset objects reloaded before import = 0Number of asset objects unloaded after import = 1

========================================================================
Received Import Request.
  Time since last request: 0.000084 seconds.
  path: Assets/POLYGON - FPS free/weapon icon/weapon icon lighting/ClusterSub.PNG
  artifactKey: Guid(74cd7cd3fa4b0b943ae300b32aea3e21) Importer(2089858483,b0f066a214c2f5e87bad3c948f4d605d)
Start importing Assets/POLYGON - FPS free/weapon icon/weapon icon lighting/ClusterSub.PNG using Guid(74cd7cd3fa4b0b943ae300b32aea3e21) Importer(2089858483,b0f066a214c2f5e87bad3c948f4d605d) (ScriptedImporter) -> (artifact id: '635387715f9bc38dda51beec7607cec4') in 0.0508428 seconds
Number of updated asset objects reloaded before import = 0Number of asset objects unloaded after import = 3

========================================================================
Received Import Request.
  Time since last request: 0.015368 seconds.
  path: Assets/POLYGON - FPS free/polygon fps sounds/hit sounds
  artifactKey: Guid(e73084b4c06e77049a5110d4127ee6fb) Importer(2089858483,b0f066a214c2f5e87bad3c948f4d605d)
Start importing Assets/POLYGON - FPS free/polygon fps sounds/hit sounds using Guid(e73084b4c06e77049a5110d4127ee6fb) Importer(2089858483,b0f066a214c2f5e87bad3c948f4d605d) (ScriptedImporter) -> (artifact id: '9e5bf95f12f8c0537838d5c9d07ff2f3') in 0.0169913 seconds
Number of updated asset objects reloaded before import = 0Number of asset objects unloaded after import = 1

========================================================================
Received Import Request.
  Time since last request: 0.000152 seconds.
  path: Assets/POLYGON - FPS free/weapon icon/crowbar.PNG
  artifactKey: Guid(5c8773abcd334ff41a06661fcf3e2157) Importer(2089858483,b0f066a214c2f5e87bad3c948f4d605d)
Start importing Assets/POLYGON - FPS free/weapon icon/crowbar.PNG using Guid(5c8773abcd334ff41a06661fcf3e2157) Importer(2089858483,b0f066a214c2f5e87bad3c948f4d605d) (ScriptedImporter) -> (artifact id: '6a80f2572f6db50ceeda8bf4f0471cde') in 0.0497702 seconds
Number of updated asset objects reloaded before import = 0Number of asset objects unloaded after import = 3

========================================================================
Received Import Request.
  Time since last request: 0.000027 seconds.
  path: Assets/POLYGON - FPS free/weapons raw/laser_1.mat
  artifactKey: Guid(91558289fa5e8514fbc062b48dc591c5) Importer(2089858483,b0f066a214c2f5e87bad3c948f4d605d)
Start importing Assets/POLYGON - FPS free/weapons raw/laser_1.mat using Guid(91558289fa5e8514fbc062b48dc591c5) Importer(2089858483,b0f066a214c2f5e87bad3c948f4d605d) (ScriptedImporter) -> (artifact id: 'f8059c8446c8a1f2a16cf8399c439438') in 0.0279134 seconds
Number of updated asset objects reloaded before import = 0Number of asset objects unloaded after import = 1

========================================================================
Received Import Request.
  Time since last request: 0.000132 seconds.
  path: Assets/POLYGON - FPS free/killer bunny/fbxInfo
  artifactKey: Guid(327ff52ff1a3aa340b2a4100d4b78a49) Importer(2089858483,b0f066a214c2f5e87bad3c948f4d605d)
Start importing Assets/POLYGON - FPS free/killer bunny/fbxInfo using Guid(327ff52ff1a3aa340b2a4100d4b78a49) Importer(2089858483,b0f066a214c2f5e87bad3c948f4d605d) (ScriptedImporter) -> (artifact id: '1e2291200a8bee3ff5c8e1e87a84f9a0') in 0.0251099 seconds
Number of updated asset objects reloaded before import = 0Number of asset objects unloaded after import = 1

========================================================================
Received Import Request.
  Time since last request: 0.000067 seconds.
  path: Assets/POLYGON - FPS free/Prefabs/props/TexMat/lever_off.png
  artifactKey: Guid(68371fb0cdaa7b74ab68be1cb5bd4ed2) Importer(2089858483,b0f066a214c2f5e87bad3c948f4d605d)
Start importing Assets/POLYGON - FPS free/Prefabs/props/TexMat/lever_off.png using Guid(68371fb0cdaa7b74ab68be1cb5bd4ed2) Importer(2089858483,b0f066a214c2f5e87bad3c948f4d605d) (ScriptedImporter) -> (artifact id: 'b6f39169e88f4130a295fe3b25a181aa') in 0.0423684 seconds
Number of updated asset objects reloaded before import = 0Number of asset objects unloaded after import = 1

========================================================================
Received Import Request.
  Time since last request: 0.000097 seconds.
  path: Assets/POLYGON - FPS free/map/particles/TexMat/muzzle_flash.mat
  artifactKey: Guid(a723faca4382a994fa41af108a55235b) Importer(2089858483,b0f066a214c2f5e87bad3c948f4d605d)
Start importing Assets/POLYGON - FPS free/map/particles/TexMat/muzzle_flash.mat using Guid(a723faca4382a994fa41af108a55235b) Importer(2089858483,b0f066a214c2f5e87bad3c948f4d605d) (ScriptedImporter) -> (artifact id: 'b2ec991aa7693fd2a24988fb4f6b0d83') in 0.0365791 seconds
Number of updated asset objects reloaded before import = 0Number of asset objects unloaded after import = 2

========================================================================
Received Import Request.
  Time since last request: 0.000030 seconds.
  path: Assets/POLYGON - FPS free/weapons raw/equipment_mats/point.mat
  artifactKey: Guid(8b534926379bf64458117d5d93e8ed3e) Importer(2089858483,b0f066a214c2f5e87bad3c948f4d605d)
Start importing Assets/POLYGON - FPS free/weapons raw/equipment_mats/point.mat using Guid(8b534926379bf64458117d5d93e8ed3e) Importer(2089858483,b0f066a214c2f5e87bad3c948f4d605d) (ScriptedImporter) -> (artifact id: '37831fe4872c7ee91df17803e2b278c2') in 0.0276292 seconds
Number of updated asset objects reloaded before import = 0Number of asset objects unloaded after import = 2

========================================================================
Received Import Request.
  Time since last request: 0.000024 seconds.
  path: Assets/POLYGON - FPS free/weapons raw/equipment_mats/lamp_laser_b/lamp_laser_b.fbx
  artifactKey: Guid(682b0d8908a64b7489c7dc519affc7ea) Importer(2089858483,b0f066a214c2f5e87bad3c948f4d605d)
Start importing Assets/POLYGON - FPS free/weapons raw/equipment_mats/lamp_laser_b/lamp_laser_b.fbx using Guid(682b0d8908a64b7489c7dc519affc7ea) Importer(2089858483,b0f066a214c2f5e87bad3c948f4d605d) (ScriptedImporter) -> (artifact id: '7197d662bdf55553d920c871d10c8c52') in 0.0310725 seconds
Number of updated asset objects reloaded before import = 0Number of asset objects unloaded after import = 9

========================================================================
Received Import Request.
  Time since last request: 0.000022 seconds.
  path: Assets/POLYGON - FPS free/weapons raw/bullet_shells_fbxTexMat/45acp.png
  artifactKey: Guid(d81eafb4e53fe3343a844cbe6ac689da) Importer(2089858483,b0f066a214c2f5e87bad3c948f4d605d)
Start importing Assets/POLYGON - FPS free/weapons raw/bullet_shells_fbxTexMat/45acp.png using Guid(d81eafb4e53fe3343a844cbe6ac689da) Importer(2089858483,b0f066a214c2f5e87bad3c948f4d605d) (ScriptedImporter) -> (artifact id: 'dcfb93974031f9f741b17258910df8ca') in 0.0469734 seconds
Number of updated asset objects reloaded before import = 0Number of asset objects unloaded after import = 1

========================================================================
Received Import Request.
  Time since last request: 0.000170 seconds.
  path: Assets/POLYGON - FPS free/weapon icon/hunterrifle.PNG
  artifactKey: Guid(6083ae73c14161b499cc0bc10fc5fb85) Importer(2089858483,b0f066a214c2f5e87bad3c948f4d605d)
Start importing Assets/POLYGON - FPS free/weapon icon/hunterrifle.PNG using Guid(6083ae73c14161b499cc0bc10fc5fb85) Importer(2089858483,b0f066a214c2f5e87bad3c948f4d605d) (ScriptedImporter) -> (artifact id: 'c8394638f21667145a508b3002616b61') in 0.0523481 seconds
Number of updated asset objects reloaded before import = 0Number of asset objects unloaded after import = 3

========================================================================
Received Import Request.
  Time since last request: 0.000029 seconds.
  path: Assets/POLYGON - FPS free/weapons raw/equipment_mats/red_dot_d/red_dot_d.mat
  artifactKey: Guid(c34ee3a2951959e48b57a87f2370f695) Importer(2089858483,b0f066a214c2f5e87bad3c948f4d605d)
Start importing Assets/POLYGON - FPS free/weapons raw/equipment_mats/red_dot_d/red_dot_d.mat using Guid(c34ee3a2951959e48b57a87f2370f695) Importer(2089858483,b0f066a214c2f5e87bad3c948f4d605d) (ScriptedImporter) -> (artifact id: 'c070377eaf1a58f47feafcc2cad01f47') in 0.0247601 seconds
Number of updated asset objects reloaded before import = 0Number of asset objects unloaded after import = 2

========================================================================
Received Import Request.
  Time since last request: 0.000052 seconds.
  path: Assets/POLYGON - FPS free/Prefabs/pickUp_prefabs/equipment/lamp_a_pickUp_prefab.prefab
  artifactKey: Guid(bcd40f689dfe53e489f53b88bc1ff466) Importer(2089858483,b0f066a214c2f5e87bad3c948f4d605d)
Start importing Assets/POLYGON - FPS free/Prefabs/pickUp_prefabs/equipment/lamp_a_pickUp_prefab.prefab using Guid(bcd40f689dfe53e489f53b88bc1ff466) Importer(2089858483,b0f066a214c2f5e87bad3c948f4d605d) (ScriptedImporter) -> (artifact id: '7dd79c5aafb452b2e7b92b2d4481ce10') in 0.0382602 seconds
Number of updated asset objects reloaded before import = 0Number of asset objects unloaded after import = 12

========================================================================
Received Import Request.
  Time since last request: 0.000042 seconds.
  path: Assets/POLYGON - FPS free/killer bunny/AniSound/on_legs.mask
  artifactKey: Guid(904985b81ab01694e984ad8e97b5e125) Importer(2089858483,b0f066a214c2f5e87bad3c948f4d605d)
Start importing Assets/POLYGON - FPS free/killer bunny/AniSound/on_legs.mask using Guid(904985b81ab01694e984ad8e97b5e125) Importer(2089858483,b0f066a214c2f5e87bad3c948f4d605d) (ScriptedImporter) -> (artifact id: '09e9e594396aecce8d3f5d041712aba1') in 0.0221079 seconds
Number of updated asset objects reloaded before import = 0Number of asset objects unloaded after import = 1

========================================================================
Received Import Request.
  Time since last request: 0.000064 seconds.
  path: Assets/POLYGON - FPS free/weapons raw/fireaxe
  artifactKey: Guid(7daedfb41147a54469c99b4cae3aaf35) Importer(2089858483,b0f066a214c2f5e87bad3c948f4d605d)
Start importing Assets/POLYGON - FPS free/weapons raw/fireaxe using Guid(7daedfb41147a54469c99b4cae3aaf35) Importer(2089858483,b0f066a214c2f5e87bad3c948f4d605d) (ScriptedImporter) -> (artifact id: 'e24a3744522c6d10af1dcfa71196fefc') in 0.0235616 seconds
Number of updated asset objects reloaded before import = 0Number of asset objects unloaded after import = 1

========================================================================
Received Import Request.
  Time since last request: 0.000173 seconds.
  path: Assets/POLYGON - FPS free/Prefabs/props/fbx
  artifactKey: Guid(4c606c4f98d7fd9499b1d357f71401de) Importer(2089858483,b0f066a214c2f5e87bad3c948f4d605d)
Start importing Assets/POLYGON - FPS free/Prefabs/props/fbx using Guid(4c606c4f98d7fd9499b1d357f71401de) Importer(2089858483,b0f066a214c2f5e87bad3c948f4d605d) (ScriptedImporter) -> (artifact id: '9d7d0147808303c83be35e279f76ed24') in 0.0358359 seconds
Number of updated asset objects reloaded before import = 0Number of asset objects unloaded after import = 1

========================================================================
Received Import Request.
  Time since last request: 0.000099 seconds.
  path: Assets/POLYGON - FPS free/polygon fps sounds/legs/walk.wav
  artifactKey: Guid(c9ff6542e42961040b5f76a576429d21) Importer(2089858483,b0f066a214c2f5e87bad3c948f4d605d)
Start importing Assets/POLYGON - FPS free/polygon fps sounds/legs/walk.wav using Guid(c9ff6542e42961040b5f76a576429d21) Importer(2089858483,b0f066a214c2f5e87bad3c948f4d605d) (ScriptedImporter) -> (artifact id: '551a772887f3a8f5689e28ca6fc9a46b') in 0.079263 seconds
Number of updated asset objects reloaded before import = 0Number of asset objects unloaded after import = 1

========================================================================
Received Import Request.
  Time since last request: 0.000121 seconds.
  path: Assets/POLYGON - FPS free/scripts/flame_script.cs
  artifactKey: Guid(afc5434675ea50f48906d2dddcd5537e) Importer(2089858483,b0f066a214c2f5e87bad3c948f4d605d)
Start importing Assets/POLYGON - FPS free/scripts/flame_script.cs using Guid(afc5434675ea50f48906d2dddcd5537e) Importer(2089858483,b0f066a214c2f5e87bad3c948f4d605d) (ScriptedImporter) -> (artifact id: '6ba1170f8b12e26f93e53e9b3286852e') in 0.0248484 seconds
Number of updated asset objects reloaded before import = 0Number of asset objects unloaded after import = 0

========================================================================
Received Import Request.
  Time since last request: 0.000126 seconds.
  path: Assets/POLYGON - FPS free/Player_fps_files/animations/Polygon_FPS - Animation axe.fbx
  artifactKey: Guid(394308357f36dc94e89e150fb6b347d0) Importer(2089858483,b0f066a214c2f5e87bad3c948f4d605d)
Start importing Assets/POLYGON - FPS free/Player_fps_files/animations/Polygon_FPS - Animation axe.fbx using Guid(394308357f36dc94e89e150fb6b347d0) Importer(2089858483,b0f066a214c2f5e87bad3c948f4d605d) (ScriptedImporter) -> (artifact id: 'f72193e6b12466cf0bdf8ab9ad9c3f2e') in 0.109555 seconds
Number of updated asset objects reloaded before import = 0Number of asset objects unloaded after import = 154

========================================================================
Received Import Request.
  Time since last request: 0.000026 seconds.
  path: Assets/POLYGON - FPS free/Prefabs/props/prop_sounds/Click_lever.wav
  artifactKey: Guid(83f02a2748fb0184d9af1e1488154c23) Importer(2089858483,b0f066a214c2f5e87bad3c948f4d605d)
Start importing Assets/POLYGON - FPS free/Prefabs/props/prop_sounds/Click_lever.wav using Guid(83f02a2748fb0184d9af1e1488154c23) Importer(2089858483,b0f066a214c2f5e87bad3c948f4d605d) (ScriptedImporter) -> (artifact id: '2ccda5878521aebbd2794ee5d3c0a1c4') in 0.0688341 seconds
Number of updated asset objects reloaded before import = 0Number of asset objects unloaded after import = 1

========================================================================
Received Import Request.
  Time since last request: 0.000101 seconds.
  path: Assets/POLYGON - FPS free/weapons raw/equipment_mats/lamp_c/lamp_c_emission.png
  artifactKey: Guid(7b3445880c2233b48975d628308d84e5) Importer(2089858483,b0f066a214c2f5e87bad3c948f4d605d)
Start importing Assets/POLYGON - FPS free/weapons raw/equipment_mats/lamp_c/lamp_c_emission.png using Guid(7b3445880c2233b48975d628308d84e5) Importer(2089858483,b0f066a214c2f5e87bad3c948f4d605d) (ScriptedImporter) -> (artifact id: '9c5cff7aa096d7dc3fd3a095bff62d2d') in 0.0435278 seconds
Number of updated asset objects reloaded before import = 0Number of asset objects unloaded after import = 1

========================================================================
Received Import Request.
  Time since last request: 0.000195 seconds.
  path: Assets/POLYGON - FPS free/weapon icon/weapon icon lighting/blast_set.PNG
  artifactKey: Guid(344670af07b630740bb04f1368ecf4e9) Importer(2089858483,b0f066a214c2f5e87bad3c948f4d605d)
Start importing Assets/POLYGON - FPS free/weapon icon/weapon icon lighting/blast_set.PNG using Guid(344670af07b630740bb04f1368ecf4e9) Importer(2089858483,b0f066a214c2f5e87bad3c948f4d605d) (ScriptedImporter) -> (artifact id: '9788e4af05a36719c94ecb975fabdb0b') in 0.0434946 seconds
Number of updated asset objects reloaded before import = 0Number of asset objects unloaded after import = 3

========================================================================
Received Import Request.
  Time since last request: 0.000022 seconds.
  path: Assets/POLYGON - FPS free/killer bunny
  artifactKey: Guid(82c2e291f2a76854a80be8372459d1ec) Importer(2089858483,b0f066a214c2f5e87bad3c948f4d605d)
Start importing Assets/POLYGON - FPS free/killer bunny using Guid(82c2e291f2a76854a80be8372459d1ec) Importer(2089858483,b0f066a214c2f5e87bad3c948f4d605d) (ScriptedImporter) -> (artifact id: '264ce11bc272970bf2ee10869db88c64') in 0.0203253 seconds
Number of updated asset objects reloaded before import = 0Number of asset objects unloaded after import = 1

========================================================================
Received Import Request.
  Time since last request: 0.026314 seconds.
  path: Assets/POLYGON - FPS free/polygon fps sounds/hit sounds/hit flesh.wav
  artifactKey: Guid(c5d4042343853344f9f5e71ecf7d6e3c) Importer(2089858483,b0f066a214c2f5e87bad3c948f4d605d)
Start importing Assets/POLYGON - FPS free/polygon fps sounds/hit sounds/hit flesh.wav using Guid(c5d4042343853344f9f5e71ecf7d6e3c) Importer(2089858483,b0f066a214c2f5e87bad3c948f4d605d) (ScriptedImporter) -> (artifact id: '09c3954049535db227cb481c323a9ad9') in 0.1178768 seconds
Number of updated asset objects reloaded before import = 0Number of asset objects unloaded after import = 1

========================================================================
Received Import Request.
  Time since last request: 0.000046 seconds.
  path: Assets/POLYGON - FPS free/weapons raw/equipment_mats/red_dot_e/red_dot_e.png
  artifactKey: Guid(0852cc0e875e24c499b54a8010d7b3c4) Importer(2089858483,b0f066a214c2f5e87bad3c948f4d605d)
Start importing Assets/POLYGON - FPS free/weapons raw/equipment_mats/red_dot_e/red_dot_e.png using Guid(0852cc0e875e24c499b54a8010d7b3c4) Importer(2089858483,b0f066a214c2f5e87bad3c948f4d605d) (ScriptedImporter) -> (artifact id: '88a60ffef353d764cad32a6fc8daadc6') in 0.0298896 seconds
Number of updated asset objects reloaded before import = 0Number of asset objects unloaded after import = 1

========================================================================
Received Import Request.
  Time since last request: 0.000109 seconds.
  path: Assets/POLYGON - FPS free/scene/demo_map/NavMesh.asset
  artifactKey: Guid(be535f3743c841244a8e74e3412180f1) Importer(2089858483,b0f066a214c2f5e87bad3c948f4d605d)
Start importing Assets/POLYGON - FPS free/scene/demo_map/NavMesh.asset using Guid(be535f3743c841244a8e74e3412180f1) Importer(2089858483,b0f066a214c2f5e87bad3c948f4d605d) (ScriptedImporter) -> (artifact id: '4ee453e94d04922b9adefa5295fb6876') in 0.0456918 seconds
Number of updated asset objects reloaded before import = 0Number of asset objects unloaded after import = 1

========================================================================
Received Import Request.
  Time since last request: 0.000120 seconds.
  path: Assets/POLYGON - FPS free/Prefabs/bullet_shells/5.7x28_prefab.prefab
  artifactKey: Guid(ccc9fc532e2e38b4e863e81be8c225a7) Importer(2089858483,b0f066a214c2f5e87bad3c948f4d605d)
Start importing Assets/POLYGON - FPS free/Prefabs/bullet_shells/5.7x28_prefab.prefab using Guid(ccc9fc532e2e38b4e863e81be8c225a7) Importer(2089858483,b0f066a214c2f5e87bad3c948f4d605d) (ScriptedImporter) -> (artifact id: '8b8f4de16af2bb56387bf10c69a78f73') in 0.0489381 seconds
Number of updated asset objects reloaded before import = 0Number of asset objects unloaded after import = 12

========================================================================
Received Import Request.
  Time since last request: 0.000026 seconds.
  path: Assets/POLYGON - FPS free/legs.mask
  artifactKey: Guid(6621e4b0d958cc04581b0761fe3fa410) Importer(2089858483,b0f066a214c2f5e87bad3c948f4d605d)
Start importing Assets/POLYGON - FPS free/legs.mask using Guid(6621e4b0d958cc04581b0761fe3fa410) Importer(2089858483,b0f066a214c2f5e87bad3c948f4d605d) (ScriptedImporter) -> (artifact id: 'f9b4531108eb1d585bb00abc374554f6') in 0.0163021 seconds
Number of updated asset objects reloaded before import = 0Number of asset objects unloaded after import = 1

========================================================================
Received Import Request.
  Time since last request: 0.000071 seconds.
  path: Assets/POLYGON - FPS free/weapon icon/weapon icon lighting/old_pistol.PNG
  artifactKey: Guid(95c8772c6214d0942b2ad6e42ac34984) Importer(2089858483,b0f066a214c2f5e87bad3c948f4d605d)
Start importing Assets/POLYGON - FPS free/weapon icon/weapon icon lighting/old_pistol.PNG using Guid(95c8772c6214d0942b2ad6e42ac34984) Importer(2089858483,b0f066a214c2f5e87bad3c948f4d605d) (ScriptedImporter) -> (artifact id: '969c2e721f1e3c1920b902279346c88a') in 0.0292623 seconds
Number of updated asset objects reloaded before import = 0Number of asset objects unloaded after import = 3

========================================================================
Received Import Request.
  Time since last request: 0.000045 seconds.
  path: Assets/POLYGON - FPS free/map/particles/fire_prefab.prefab
  artifactKey: Guid(58141bbc48e80db4f8701fa600a39d5c) Importer(2089858483,b0f066a214c2f5e87bad3c948f4d605d)
Start importing Assets/POLYGON - FPS free/map/particles/fire_prefab.prefab using Guid(58141bbc48e80db4f8701fa600a39d5c) Importer(2089858483,b0f066a214c2f5e87bad3c948f4d605d) (ScriptedImporter) -> (artifact id: '391ff91456f4770a159cc7e2b7397100') in 0.1664631 seconds
Number of updated asset objects reloaded before import = 0Number of asset objects unloaded after import = 6

========================================================================
Received Import Request.
  Time since last request: 0.000035 seconds.
  path: Assets/POLYGON - FPS free/map/fbx/test_map.fbx
  artifactKey: Guid(485646088cbce5348857006a0f975c58) Importer(2089858483,b0f066a214c2f5e87bad3c948f4d605d)
Start importing Assets/POLYGON - FPS free/map/fbx/test_map.fbx using Guid(485646088cbce5348857006a0f975c58) Importer(2089858483,b0f066a214c2f5e87bad3c948f4d605d) (ScriptedImporter) -> (artifact id: '82a0c8f7c45cf6598ce9b31b8b308648') in 0.1588981 seconds
Number of updated asset objects reloaded before import = 0Number of asset objects unloaded after import = 56

========================================================================
Received Import Request.
  Time since last request: 0.000040 seconds.
  path: Assets/POLYGON - FPS free/weapons raw
  artifactKey: Guid(d9e88f9e4e2e74f4aac8f8b931ac4f80) Importer(2089858483,b0f066a214c2f5e87bad3c948f4d605d)
Start importing Assets/POLYGON - FPS free/weapons raw using Guid(d9e88f9e4e2e74f4aac8f8b931ac4f80) Importer(2089858483,b0f066a214c2f5e87bad3c948f4d605d) (ScriptedImporter) -> (artifact id: 'fb2b5a3bb9cd483b03d8ca3b81c5eddc') in 0.0157742 seconds
Number of updated asset objects reloaded before import = 0Number of asset objects unloaded after import = 1

========================================================================
Received Import Request.
  Time since last request: 0.000106 seconds.
  path: Assets/POLYGON - FPS free/weapon icon/rp9.PNG
  artifactKey: Guid(07d2c0381bbdf7a4da55db11f3c76c15) Importer(2089858483,b0f066a214c2f5e87bad3c948f4d605d)
Start importing Assets/POLYGON - FPS free/weapon icon/rp9.PNG using Guid(07d2c0381bbdf7a4da55db11f3c76c15) Importer(2089858483,b0f066a214c2f5e87bad3c948f4d605d) (ScriptedImporter) -> (artifact id: 'aca55d3e4fe6333096c2888c0f3815c1') in 0.0537038 seconds
Number of updated asset objects reloaded before import = 0Number of asset objects unloaded after import = 3

========================================================================
Received Import Request.
  Time since last request: 0.000023 seconds.
  path: Assets/POLYGON - FPS free/map/fbx/texture6.mat
  artifactKey: Guid(99164fe2eb4b3304ea1ff8fbfe797b95) Importer(2089858483,b0f066a214c2f5e87bad3c948f4d605d)
Start importing Assets/POLYGON - FPS free/map/fbx/texture6.mat using Guid(99164fe2eb4b3304ea1ff8fbfe797b95) Importer(2089858483,b0f066a214c2f5e87bad3c948f4d605d) (ScriptedImporter) -> (artifact id: 'fb2d51531c20305b84ccdbe3477edb07') in 0.0209425 seconds
Number of updated asset objects reloaded before import = 0Number of asset objects unloaded after import = 2

========================================================================
Received Import Request.
  Time since last request: 0.000024 seconds.
  path: Assets/POLYGON - FPS free/Player_fps_files/fbx
  artifactKey: Guid(a3d7854d930f46447a20f9a0e25f4bef) Importer(2089858483,b0f066a214c2f5e87bad3c948f4d605d)
Start importing Assets/POLYGON - FPS free/Player_fps_files/fbx using Guid(a3d7854d930f46447a20f9a0e25f4bef) Importer(2089858483,b0f066a214c2f5e87bad3c948f4d605d) (ScriptedImporter) -> (artifact id: 'dfb424ce1723e5aa8237aae856ebb3ba') in 0.0265049 seconds
Number of updated asset objects reloaded before import = 0Number of asset objects unloaded after import = 1

========================================================================
Received Import Request.
  Time since last request: 0.000109 seconds.
  path: Assets/POLYGON - FPS free/Prefabs/Polygon_FPS_prefab.prefab
  artifactKey: Guid(856c031b7995ff24583a97d5c45ed012) Importer(2089858483,b0f066a214c2f5e87bad3c948f4d605d)
Start importing Assets/POLYGON - FPS free/Prefabs/Polygon_FPS_prefab.prefab using Guid(856c031b7995ff24583a97d5c45ed012) Importer(2089858483,b0f066a214c2f5e87bad3c948f4d605d) (ScriptedImporter) -> (artifact id: '5d30ef20f8370e8fc027e296ec54c488') in 0.3466058 seconds
Number of updated asset objects reloaded before import = 0Number of asset objects unloaded after import = 1611

========================================================================
Received Import Request.
  Time since last request: 0.000058 seconds.
  path: Assets/POLYGON - FPS free/weapon icon/weapon icon lighting/streetsub.PNG
  artifactKey: Guid(0e464853484755f49acba4ec2057b0fe) Importer(2089858483,b0f066a214c2f5e87bad3c948f4d605d)
Start importing Assets/POLYGON - FPS free/weapon icon/weapon icon lighting/streetsub.PNG using Guid(0e464853484755f49acba4ec2057b0fe) Importer(2089858483,b0f066a214c2f5e87bad3c948f4d605d) (ScriptedImporter) -> (artifact id: 'ce7fb4b6478dc4e06f31956985ad36bf') in 0.0439962 seconds
Number of updated asset objects reloaded before import = 0Number of asset objects unloaded after import = 3

========================================================================
Received Import Request.
  Time since last request: 0.005988 seconds.
  path: Assets/POLYGON - FPS free/weapon icon/weapon icon lighting/sce5.PNG
  artifactKey: Guid(767e8adc4b852154d890d9a7a2dc54db) Importer(2089858483,b0f066a214c2f5e87bad3c948f4d605d)
Start importing Assets/POLYGON - FPS free/weapon icon/weapon icon lighting/sce5.PNG using Guid(767e8adc4b852154d890d9a7a2dc54db) Importer(2089858483,b0f066a214c2f5e87bad3c948f4d605d) (ScriptedImporter) -> (artifact id: '0bc7f81c31ceb76c8e20390795ee33b0') in 0.0425807 seconds
Number of updated asset objects reloaded before import = 0Number of asset objects unloaded after import = 3

========================================================================
Received Import Request.
  Time since last request: 0.000052 seconds.
  path: Assets/POLYGON - FPS free/weapons raw/bullet_shells_fbxTexMat/12,7 × 99.mat
  artifactKey: Guid(ba8193452ed924946bf206c5d29378cf) Importer(2089858483,b0f066a214c2f5e87bad3c948f4d605d)
Start importing Assets/POLYGON - FPS free/weapons raw/bullet_shells_fbxTexMat/12,7 × 99.mat using Guid(ba8193452ed924946bf206c5d29378cf) Importer(2089858483,b0f066a214c2f5e87bad3c948f4d605d) (ScriptedImporter) -> (artifact id: '31d7fdc3c92c43731c0bd3d793462890') in 0.0329936 seconds
Number of updated asset objects reloaded before import = 0Number of asset objects unloaded after import = 2

========================================================================
Received Import Request.
  Time since last request: 0.000038 seconds.
  path: Assets/POLYGON - FPS free/weapons raw/equipment_mats/lamp_c/lamp_c.mat
  artifactKey: Guid(e740cdfeb1d7301409c2d3d7c6c27260) Importer(2089858483,b0f066a214c2f5e87bad3c948f4d605d)
Start importing Assets/POLYGON - FPS free/weapons raw/equipment_mats/lamp_c/lamp_c.mat using Guid(e740cdfeb1d7301409c2d3d7c6c27260) Importer(2089858483,b0f066a214c2f5e87bad3c948f4d605d) (ScriptedImporter) -> (artifact id: 'cc8c31cb4b7de169578080c531e6efee') in 0.0367866 seconds
Number of updated asset objects reloaded before import = 0Number of asset objects unloaded after import = 3

========================================================================
Received Import Request.
  Time since last request: 0.000025 seconds.
  path: Assets/POLYGON - FPS free/polygon fps sounds/hit sounds/hit stone.wav
  artifactKey: Guid(373ebaea07740cd44b402421b591db7b) Importer(2089858483,b0f066a214c2f5e87bad3c948f4d605d)
Start importing Assets/POLYGON - FPS free/polygon fps sounds/hit sounds/hit stone.wav using Guid(373ebaea07740cd44b402421b591db7b) Importer(2089858483,b0f066a214c2f5e87bad3c948f4d605d) (ScriptedImporter) -> (artifact id: '4afe76ee28c9fc4e777f70e6716fe158') in 0.0715529 seconds
Number of updated asset objects reloaded before import = 0Number of asset objects unloaded after import = 1

========================================================================
Received Import Request.
  Time since last request: 0.000066 seconds.
  path: Assets/POLYGON - FPS free/map/fbx/texture2.mat
  artifactKey: Guid(0593a0a5905735a45978171a34e60ee4) Importer(2089858483,b0f066a214c2f5e87bad3c948f4d605d)
Start importing Assets/POLYGON - FPS free/map/fbx/texture2.mat using Guid(0593a0a5905735a45978171a34e60ee4) Importer(2089858483,b0f066a214c2f5e87bad3c948f4d605d) (ScriptedImporter) -> (artifact id: 'caa86f6a848407cc04db5ae4bc553e62') in 0.0265036 seconds
Number of updated asset objects reloaded before import = 0Number of asset objects unloaded after import = 2

========================================================================
Received Import Request.
  Time since last request: 0.000042 seconds.
  path: Assets/POLYGON - FPS free/weapons raw/equipment_mats/suppressor_a/suppressor_a.mat
  artifactKey: Guid(1373e21334386b9408edefaf63b143e6) Importer(2089858483,b0f066a214c2f5e87bad3c948f4d605d)
Start importing Assets/POLYGON - FPS free/weapons raw/equipment_mats/suppressor_a/suppressor_a.mat using Guid(1373e21334386b9408edefaf63b143e6) Importer(2089858483,b0f066a214c2f5e87bad3c948f4d605d) (ScriptedImporter) -> (artifact id: '0817233625854999e0c360ed35d7bf1f') in 0.0231273 seconds
Number of updated asset objects reloaded before import = 0Number of asset objects unloaded after import = 2

========================================================================
Received Import Request.
  Time since last request: 0.000025 seconds.
  path: Assets/POLYGON - FPS free/weapon icon/weapon icon lighting/auge.PNG
  artifactKey: Guid(7ea0f45bc8d084943b1add037c9b2843) Importer(2089858483,b0f066a214c2f5e87bad3c948f4d605d)
Start importing Assets/POLYGON - FPS free/weapon icon/weapon icon lighting/auge.PNG using Guid(7ea0f45bc8d084943b1add037c9b2843) Importer(2089858483,b0f066a214c2f5e87bad3c948f4d605d) (ScriptedImporter) -> (artifact id: '2582206c2d79dd81f0d5a980980d55b2') in 0.0384922 seconds
Number of updated asset objects reloaded before import = 0Number of asset objects unloaded after import = 3

========================================================================
Received Import Request.
  Time since last request: 0.000022 seconds.
  path: Assets/POLYGON - FPS free/polygon fps sounds/auge
  artifactKey: Guid(04e80d0a61cba0a4d9db3c13d11754cf) Importer(2089858483,b0f066a214c2f5e87bad3c948f4d605d)
Start importing Assets/POLYGON - FPS free/polygon fps sounds/auge using Guid(04e80d0a61cba0a4d9db3c13d11754cf) Importer(2089858483,b0f066a214c2f5e87bad3c948f4d605d) (ScriptedImporter) -> (artifact id: '07a245e0cbeb9abde06ad25490159324') in 0.0168648 seconds
Number of updated asset objects reloaded before import = 0Number of asset objects unloaded after import = 1

========================================================================
Received Import Request.
  Time since last request: 0.000094 seconds.
  path: Assets/POLYGON - FPS free/Prefabs/props
  artifactKey: Guid(58f5162c5b1b5c54e8fb254dd0c5ffab) Importer(2089858483,b0f066a214c2f5e87bad3c948f4d605d)
Start importing Assets/POLYGON - FPS free/Prefabs/props using Guid(58f5162c5b1b5c54e8fb254dd0c5ffab) Importer(2089858483,b0f066a214c2f5e87bad3c948f4d605d) (ScriptedImporter) -> (artifact id: 'ce814af45f6edc1e390de0f2c7bfdabe') in 0.0174512 seconds
Number of updated asset objects reloaded before import = 0Number of asset objects unloaded after import = 1

========================================================================
Received Import Request.
  Time since last request: 0.000111 seconds.
  path: Assets/POLYGON - FPS free/weapon icon/revolver.PNG
  artifactKey: Guid(72df9454bbf9a6a46931033e8f709d98) Importer(2089858483,b0f066a214c2f5e87bad3c948f4d605d)
Start importing Assets/POLYGON - FPS free/weapon icon/revolver.PNG using Guid(72df9454bbf9a6a46931033e8f709d98) Importer(2089858483,b0f066a214c2f5e87bad3c948f4d605d) (ScriptedImporter) -> (artifact id: '48530f76f4536c7d10dce59ae6aa8819') in 0.0418368 seconds
Number of updated asset objects reloaded before import = 0Number of asset objects unloaded after import = 3

========================================================================
Received Import Request.
  Time since last request: 0.000027 seconds.
  path: Assets/POLYGON - FPS free/weapons raw/equipment_mats/Scope_a/scope_a.png
  artifactKey: Guid(393e82ec647606047bfbf7a9d0a7cfd3) Importer(2089858483,b0f066a214c2f5e87bad3c948f4d605d)
Start importing Assets/POLYGON - FPS free/weapons raw/equipment_mats/Scope_a/scope_a.png using Guid(393e82ec647606047bfbf7a9d0a7cfd3) Importer(2089858483,b0f066a214c2f5e87bad3c948f4d605d) (ScriptedImporter) -> (artifact id: 'f3cb30dd78ba02f9ed15953788d6d2e3') in 0.0252117 seconds
Number of updated asset objects reloaded before import = 0Number of asset objects unloaded after import = 1

========================================================================
Received Import Request.
  Time since last request: 0.000093 seconds.
  path: Assets/POLYGON - FPS free/Prefabs/bullet_shells
  artifactKey: Guid(dd7e7f789290f724db1193d4999ee663) Importer(2089858483,b0f066a214c2f5e87bad3c948f4d605d)
Start importing Assets/POLYGON - FPS free/Prefabs/bullet_shells using Guid(dd7e7f789290f724db1193d4999ee663) Importer(2089858483,b0f066a214c2f5e87bad3c948f4d605d) (ScriptedImporter) -> (artifact id: '663ca4f1c68c5aacf489e285c0d78d21') in 0.0170216 seconds
Number of updated asset objects reloaded before import = 0Number of asset objects unloaded after import = 1

========================================================================
Received Import Request.
  Time since last request: 0.000088 seconds.
  path: Assets/POLYGON - FPS free/weapon icon
  artifactKey: Guid(0d1ecf2dd6a66c649a9f994d9a87c613) Importer(2089858483,b0f066a214c2f5e87bad3c948f4d605d)
Start importing Assets/POLYGON - FPS free/weapon icon using Guid(0d1ecf2dd6a66c649a9f994d9a87c613) Importer(2089858483,b0f066a214c2f5e87bad3c948f4d605d) (ScriptedImporter) -> (artifact id: '96af9e8bbf1f5af31b72c4ee4bd794c3') in 0.0173308 seconds
Number of updated asset objects reloaded before import = 0Number of asset objects unloaded after import = 1

========================================================================
Received Import Request.
  Time since last request: 0.000123 seconds.
  path: Assets/POLYGON - FPS free/weapons raw/bullet_shells_fbxTexMat/5.7x28.png
  artifactKey: Guid(19b441ee4d75e8c4fae4dcef213deb39) Importer(2089858483,b0f066a214c2f5e87bad3c948f4d605d)
Start importing Assets/POLYGON - FPS free/weapons raw/bullet_shells_fbxTexMat/5.7x28.png using Guid(19b441ee4d75e8c4fae4dcef213deb39) Importer(2089858483,b0f066a214c2f5e87bad3c948f4d605d) (ScriptedImporter) -> (artifact id: '70de9025d19503071f1a077cdc385fa7') in 0.025659 seconds
Number of updated asset objects reloaded before import = 0Number of asset objects unloaded after import = 1

========================================================================
Received Import Request.
  Time since last request: 0.000097 seconds.
  path: Assets/POLYGON - FPS free/weapons raw/Equipment_raw_prefab/All_in_one_scopes.prefab
  artifactKey: Guid(5f79472d0cdb72c4b9d03e876f0cfd83) Importer(2089858483,b0f066a214c2f5e87bad3c948f4d605d)
Start importing Assets/POLYGON - FPS free/weapons raw/Equipment_raw_prefab/All_in_one_scopes.prefab using Guid(5f79472d0cdb72c4b9d03e876f0cfd83) Importer(2089858483,b0f066a214c2f5e87bad3c948f4d605d) (ScriptedImporter) -> (artifact id: '422bef8085c4b83b6fc4f22ec0f4065c') in 0.062292 seconds
Number of updated asset objects reloaded before import = 0Number of asset objects unloaded after import = 200

========================================================================
Received Import Request.
  Time since last request: 0.000035 seconds.
  path: Assets/_Recovery/0.unity
  artifactKey: Guid(d8599632a41250b4e8c7c3beb058e12f) Importer(2089858483,b0f066a214c2f5e87bad3c948f4d605d)
Start importing Assets/_Recovery/0.unity using Guid(d8599632a41250b4e8c7c3beb058e12f) Importer(2089858483,b0f066a214c2f5e87bad3c948f4d605d) (ScriptedImporter) -> (artifact id: 'fc379c859779a519097c8dee353a8bf5') in 0.0449465 seconds
Number of updated asset objects reloaded before import = 0Number of asset objects unloaded after import = 1

========================================================================
Received Import Request.
  Time since last request: 0.000076 seconds.
  path: Assets/_Recovery
  artifactKey: Guid(0f5a62ce2ac48cc44bc76c19c44d4e31) Importer(2089858483,b0f066a214c2f5e87bad3c948f4d605d)
Start importing Assets/_Recovery using Guid(0f5a62ce2ac48cc44bc76c19c44d4e31) Importer(2089858483,b0f066a214c2f5e87bad3c948f4d605d) (ScriptedImporter) -> (artifact id: '69c4a2e01f8461c77f716795d03d23f6') in 0.0152298 seconds
Number of updated asset objects reloaded before import = 0Number of asset objects unloaded after import = 1

========================================================================
Received Import Request.
  Time since last request: 0.000106 seconds.
  path: Assets/POLYGON - FPS free/weapons raw/equipment_mats/laser_b
  artifactKey: Guid(875969cee05bf36469e364b09c19a5f0) Importer(2089858483,b0f066a214c2f5e87bad3c948f4d605d)
Start importing Assets/POLYGON - FPS free/weapons raw/equipment_mats/laser_b using Guid(875969cee05bf36469e364b09c19a5f0) Importer(2089858483,b0f066a214c2f5e87bad3c948f4d605d) (ScriptedImporter) -> (artifact id: 'd911269215a973b18222e88beb1e1e54') in 0.0162707 seconds
Number of updated asset objects reloaded before import = 0Number of asset objects unloaded after import = 1

========================================================================
Received Import Request.
  Time since last request: 0.000105 seconds.
  path: Assets/POLYGON - FPS free/weapons raw/equipment_mats/Scope_b
  artifactKey: Guid(e67473a0d4b40b248995caaff172ff08) Importer(2089858483,b0f066a214c2f5e87bad3c948f4d605d)
Start importing Assets/POLYGON - FPS free/weapons raw/equipment_mats/Scope_b using Guid(e67473a0d4b40b248995caaff172ff08) Importer(2089858483,b0f066a214c2f5e87bad3c948f4d605d) (ScriptedImporter) -> (artifact id: '6ee29ac24645cbbe5c6bbf4cb5452ea9') in 0.0167868 seconds
Number of updated asset objects reloaded before import = 0Number of asset objects unloaded after import = 1

========================================================================
Received Import Request.
  Time since last request: 0.000110 seconds.
  path: Assets/POLYGON - FPS free/Prefabs/pickUp_prefabs/equipment/lamp_laser_b_prefab.prefab
  artifactKey: Guid(5f770afb66728ad45a7396ce82d60f8f) Importer(2089858483,b0f066a214c2f5e87bad3c948f4d605d)
Start importing Assets/POLYGON - FPS free/Prefabs/pickUp_prefabs/equipment/lamp_laser_b_prefab.prefab using Guid(5f770afb66728ad45a7396ce82d60f8f) Importer(2089858483,b0f066a214c2f5e87bad3c948f4d605d) (ScriptedImporter) -> (artifact id: '12fb59bfc6d26786102b775b8244f584') in 0.0442599 seconds
Number of updated asset objects reloaded before import = 0Number of asset objects unloaded after import = 12

========================================================================
Received Import Request.
  Time since last request: 0.000026 seconds.
  path: Assets/POLYGON - FPS free/weapons raw/bullet_shells_fbxTexMat/magnum.mat
  artifactKey: Guid(2d07eedb9e9823347a0744572f4c15fe) Importer(2089858483,b0f066a214c2f5e87bad3c948f4d605d)
Start importing Assets/POLYGON - FPS free/weapons raw/bullet_shells_fbxTexMat/magnum.mat using Guid(2d07eedb9e9823347a0744572f4c15fe) Importer(2089858483,b0f066a214c2f5e87bad3c948f4d605d) (ScriptedImporter) -> (artifact id: 'e5f11b05b2ced8d9fcc3bcd5efa326c7') in 0.0342434 seconds
Number of updated asset objects reloaded before import = 0Number of asset objects unloaded after import = 2

========================================================================
Received Import Request.
  Time since last request: 0.000036 seconds.
  path: Assets/POLYGON - FPS free/weapons raw/equipment_mats/laser_a/laser_a.png
  artifactKey: Guid(e6597e416d7716246846c94609ac9fa7) Importer(2089858483,b0f066a214c2f5e87bad3c948f4d605d)
Start importing Assets/POLYGON - FPS free/weapons raw/equipment_mats/laser_a/laser_a.png using Guid(e6597e416d7716246846c94609ac9fa7) Importer(2089858483,b0f066a214c2f5e87bad3c948f4d605d) (ScriptedImporter) -> (artifact id: 'f90f8ca817fa56f8d788bde9fc87a3a8') in 0.0255191 seconds
Number of updated asset objects reloaded before import = 0Number of asset objects unloaded after import = 1

========================================================================
Received Import Request.
  Time since last request: 0.000051 seconds.
  path: Assets/POLYGON - FPS free/weapons raw/equipment_mats/red_dot_d/red_dot_d.fbx
  artifactKey: Guid(ef413c93511b61c44ae6a3ec23d721df) Importer(2089858483,b0f066a214c2f5e87bad3c948f4d605d)
Start importing Assets/POLYGON - FPS free/weapons raw/equipment_mats/red_dot_d/red_dot_d.fbx using Guid(ef413c93511b61c44ae6a3ec23d721df) Importer(2089858483,b0f066a214c2f5e87bad3c948f4d605d) (ScriptedImporter) -> (artifact id: 'e0dc62ec7cfa560719e33dc2ef3ff5fe') in 0.0363012 seconds
Number of updated asset objects reloaded before import = 0Number of asset objects unloaded after import = 20

========================================================================
Received Import Request.
  Time since last request: 0.000047 seconds.
  path: Assets/POLYGON - FPS free/polygon fps sounds/legs/walk_duck.wav
  artifactKey: Guid(d011bc9b33b1bbe4f8fe9f7d3aa1de54) Importer(2089858483,b0f066a214c2f5e87bad3c948f4d605d)
Start importing Assets/POLYGON - FPS free/polygon fps sounds/legs/walk_duck.wav using Guid(d011bc9b33b1bbe4f8fe9f7d3aa1de54) Importer(2089858483,b0f066a214c2f5e87bad3c948f4d605d) (ScriptedImporter) -> (artifact id: 'f3a374e53b9972c525c70a1914f15e58') in 0.0644677 seconds
Number of updated asset objects reloaded before import = 0Number of asset objects unloaded after import = 1

========================================================================
Received Import Request.
  Time since last request: 0.000090 seconds.
  path: Assets/POLYGON - FPS free/weapon icon/weapon icon lighting/machinegun.PNG
  artifactKey: Guid(d88e16720e6240446beb69bba20562be) Importer(2089858483,b0f066a214c2f5e87bad3c948f4d605d)
Start importing Assets/POLYGON - FPS free/weapon icon/weapon icon lighting/machinegun.PNG using Guid(d88e16720e6240446beb69bba20562be) Importer(2089858483,b0f066a214c2f5e87bad3c948f4d605d) (ScriptedImporter) -> (artifact id: 'cfdcaca90e7ca669a8bb06ee93c864ab') in 0.0416248 seconds
Number of updated asset objects reloaded before import = 0Number of asset objects unloaded after import = 3

Editor requested this worker to shutdown with reason: Scaling down because of idle timeout
AssetImportWorker is now disconnected from the server
Process exiting
Exiting without the bug reporter. Application will terminate with return code 0