database is locked
[Licensing::Module] Trying to connect to existing licensing client channel...
[Licensing::IpcConnector] Successfully connected to: "LicenseClient-03051" at "2026-02-02T15:08:44.0097993Z"
Built from '6000.3/staging' branch; Version is '6000.3.4f1 (fdd3b8998ec4) revision 16634808'; Using compiler version '194234433'; Build Type 'Release'
OS: 'Windows 11  (10.0.26200) Professional' Language: 'ru' Physical Memory: 16236 MB
BatchMode: 1, IsHumanControllingUs: 0, StartBugReporterOnCrash: 0, Is64bit: 1
System  architecture: x64
Process architecture: x64
Date: 2026-02-02T15:08:44Z

COMMAND LINE ARGUMENTS:
E:\unity\6000.3.4f1\Editor\Unity.exe
-adb2
-batchMode
-noUpm
-name
AssetImportWorker1
-projectPath
E:/Unity Project/tap tap dashGD511/tap tap dash GD511
-logFile
Logs/AssetImportWorker1.log
-srvPort
62307
-licensingIpc
LicenseClient-03051
-job-worker-count
11
-background-job-worker-count
8
-gc-helper-count
1
-name
AssetImport
Successfully changed project path to: E:/Unity Project/tap tap dashGD511/tap tap dash GD511
E:/Unity Project/tap tap dashGD511/tap tap dash GD511
[UnityMemory] Configuration Parameters - Can be set up in boot.config
    "memorysetup-temp-allocator-size-nav-mesh-worker=65536"
    "memorysetup-temp-allocator-size-audio-worker=65536"
    "memorysetup-temp-allocator-size-gfx=262144"
    "memorysetup-allocator-temp-initial-block-size-main=262144"
    "memorysetup-allocator-temp-initial-block-size-worker=262144"
    "memorysetup-temp-allocator-size-background-worker=32768"
    "memorysetup-temp-allocator-size-job-worker=262144"
    "memorysetup-temp-allocator-size-preload-manager=33554432"
    "memorysetup-temp-allocator-size-gi-baking-worker=262144"
    "memorysetup-temp-allocator-size-gi-baking-worker=262144"
    "memorysetup-temp-allocator-size-gi-baking-worker=262144"
    "memorysetup-temp-allocator-size-gi-baking-worker=262144"
    "memorysetup-temp-allocator-size-gi-baking-worker=262144"
    "memorysetup-bucket-allocator-granularity=16"
    "memorysetup-bucket-allocator-bucket-count=8"
    "memorysetup-bucket-allocator-block-size=33554432"
    "memorysetup-bucket-allocator-block-count=8"
    "memorysetup-main-allocator-block-size=16777216"
    "memorysetup-thread-allocator-block-size=16777216"
    "memorysetup-gfx-main-allocator-block-size=16777216"
    "memorysetup-gfx-thread-allocator-block-size=16777216"
    "memorysetup-cache-allocator-block-size=4194304"
    "memorysetup-typetree-allocator-block-size=2097152"
    "memorysetup-profiler-bucket-allocator-granularity=16"
    "memorysetup-profiler-bucket-allocator-bucket-count=8"
    "memorysetup-profiler-bucket-allocator-block-size=33554432"
    "memorysetup-profiler-bucket-allocator-block-count=8"
    "memorysetup-profiler-allocator-block-size=16777216"
    "memorysetup-profiler-editor-allocator-block-size=1048576"
    "memorysetup-temp-allocator-size-main=16777216"
    "memorysetup-job-temp-allocator-block-size=2097152"
    "memorysetup-job-temp-allocator-block-size-background=1048576"
    "memorysetup-job-temp-allocator-reduction-small-platforms=262144"
    "memorysetup-temp-allocator-size-cloud-worker=32768"
Player connection [30404]  Target information:

Player connection [30404]  * "[IP] 192.168.0.100 [Port] 0 [Flags] 2 [Guid] 1939747405 [EditorId] 1939747405 [Version] 1048832 [Id] WindowsEditor(7,AndrewPC) [Debug] 1 [PackageName] WindowsEditor [ProjectName] Editor" 

Player connection [30404]  * "[IP] 10.0.85.2 [Port] 0 [Flags] 2 [Guid] 1939747405 [EditorId] 1939747405 [Version] 1048832 [Id] WindowsEditor(7,AndrewPC) [Debug] 1 [PackageName] WindowsEditor [ProjectName] Editor" 

Player connection [30404]  * "[IP] 192.168.56.1 [Port] 0 [Flags] 2 [Guid] 1939747405 [EditorId] 1939747405 [Version] 1048832 [Id] WindowsEditor(7,AndrewPC) [Debug] 1 [PackageName] WindowsEditor [ProjectName] Editor" 

Player connection [30404] Host joined multi-casting on [225.0.0.222:54997]...
Player connection [30404] Host joined alternative multi-casting on [225.0.0.222:34997]...
JobSystem: Creating JobQueue using job-worker-count value 11
Input System module state changed to: Initialized.
[Physics::Module] Initialized fallback backend.
[Physics::Module] Id: 0xdecafbad
Library Redirect Path: Library/
[Physics::Module] Selected backend.
[Physics::Module] Name: PhysX
[Physics::Module] Id: 0xf2b8ea05
[Physics::Module] SDK Version: 4.1.2
[Physics::Module] Integration Version: 1.0.0
[Physics::Module] Threading Mode: Multi-Threaded
Refreshing native plugins compatible for Editor in 14.93 ms, found 3 plugins.
Preloading 0 native plugins for Editor in 0.00 ms.
Initialize engine version: 6000.3.4f1 (fdd3b8998ec4)
[Subsystems] Discovering subsystems at path E:/unity/6000.3.4f1/Editor/Data/Resources/UnitySubsystems
[Subsystems] Discovering subsystems at path E:/Unity Project/tap tap dashGD511/tap tap dash GD511/Assets
GfxDevice: creating device client; kGfxThreadingModeNonThreaded
Direct3D:
    Version:  Direct3D 11.0 [level 11.1]
    Renderer: AMD Radeon RX 580 2048SP (ID=0x6fdf)
    Vendor:   ATI
    VRAM:     8170 MB
    Driver:   31.0.12027.9001
Initialize mono
Mono path[0] = 'E:/unity/6000.3.4f1/Editor/Data/Managed'
Mono path[1] = 'E:/unity/6000.3.4f1/Editor/Data/MonoBleedingEdge/lib/mono/unityjit-win32'
Mono config path = 'E:/unity/6000.3.4f1/Editor/Data/MonoBleedingEdge/etc'
Using monoOptions --debugger-agent=transport=dt_socket,embedding=1,server=y,suspend=n,address=127.0.0.1:56476
Begin MonoManager ReloadAssembly
Registering precompiled unity dll's ...
Register platform support module: E:/unity/6000.3.4f1/Editor/Data/PlaybackEngines/WebGLSupport/UnityEditor.WebGL.Extensions.dll
Register platform support module: E:/unity/6000.3.4f1/Editor/Data/PlaybackEngines/WindowsStandaloneSupport/UnityEditor.WindowsStandalone.Extensions.dll
Registered in 0.005547 seconds.
- Loaded All Assemblies, in  1.308 seconds
Native extension for WindowsStandalone target not found
Native extension for WebGL target not found
ScheduleIndexationOnStartup MainProcess:False IndexOnStartup:True
Mono: successfully reloaded assembly
- Finished resetting the current domain, in  1.167 seconds
Domain Reload Profiling: 2475ms
	BeginReloadAssembly (467ms)
		ExecutionOrderSort (0ms)
		DisableScriptedObjects (0ms)
		BackupInstance (0ms)
		ReleaseScriptingObjects (0ms)
		CreateAndSetChildDomain (1ms)
	RebuildCommonClasses (90ms)
	RebuildNativeTypeToScriptingClass (46ms)
	initialDomainReloadingComplete (151ms)
	LoadAllAssembliesAndSetupDomain (553ms)
		LoadAssemblies (465ms)
		RebuildTransferFunctionScriptingTraits (0ms)
		AnalyzeDomain (546ms)
			TypeCache.Refresh (541ms)
				TypeCache.ScanAssembly (497ms)
			BuildScriptInfoCaches (0ms)
			ResolveRequiredComponents (1ms)
	FinalizeReload (1168ms)
		ReleaseScriptCaches (0ms)
		RebuildScriptCaches (0ms)
		SetupLoadedEditorAssemblies (1034ms)
			LogAssemblyErrors (0ms)
			InitializePlatformSupportModulesInManaged (125ms)
			SetLoadedEditorAssemblies (9ms)
			BeforeProcessingInitializeOnLoad (247ms)
			ProcessInitializeOnLoadAttributes (450ms)
			ProcessInitializeOnLoadMethodAttributes (203ms)
			AfterProcessingInitializeOnLoad (0ms)
			EditorAssembliesLoaded (0ms)
		ExecutionOrderSort2 (0ms)
		AwakeInstancesAfterBackupRestoration (0ms)
[Licensing::Client] Handshaking with LicensingClient:
  Version:                 1.17.4+4293ba1
  Session Id:              71720aef08114cb2820ecbb4e02ae1f8
  Correlation Id:          7c8eaf41241a1288635266aec62ec46d
  External correlation Id: 1869077530628540415
  Machine Id:              fl+u5cdejddwypgSW6GhqK0MRfU=
[Licensing::Module] Successfully connected to LicensingClient on channel: "LicenseClient-03051" (connect: 0.00s, validation: 0.00s, handshake: 3.85s)
[Licensing::IpcConnector] Successfully connected to: "LicenseClient-03051-notifications" at "2026-02-02T15:08:47.8588262Z"
[Licensing::Module] Licensing Background thread has ended after 3.85s
========================================================================
Worker process is ready to serve import requests
Import Worker Mode flag is 0x00
Begin MonoManager ReloadAssembly
[Licensing::Client] Successfully resolved entitlement details
[Licensing::Module] License group:
  Id: 10171059585381-UnityPersXXXX
  Product: Unity Personal
  Type: Assigned
  Expiration: Unlimited
- Loaded All Assemblies, in  2.347 seconds
Refreshing native plugins compatible for Editor in 1.46 ms, found 3 plugins.
Native extension for WindowsStandalone target not found
Native extension for WebGL target not found
Package Manager log level set to [2]
[Package Manager] Failed to launch server process. Reason: Unity was launched with the -noUpm command-line argument
[Package Manager] Unable to send message (not connected to server process).
[Package Manager] Cannot connect to Unity Package Manager local server
ScheduleIndexationOnStartup MainProcess:False IndexOnStartup:True
Mono: successfully reloaded assembly
- Finished resetting the current domain, in  1.720 seconds
Domain Reload Profiling: 4066ms
	BeginReloadAssembly (466ms)
		ExecutionOrderSort (0ms)
		DisableScriptedObjects (17ms)
		BackupInstance (0ms)
		ReleaseScriptingObjects (0ms)
		CreateAndSetChildDomain (93ms)
	RebuildCommonClasses (87ms)
	RebuildNativeTypeToScriptingClass (30ms)
	initialDomainReloadingComplete (81ms)
	LoadAllAssembliesAndSetupDomain (1681ms)
		LoadAssemblies (1251ms)
		RebuildTransferFunctionScriptingTraits (0ms)
		AnalyzeDomain (684ms)
			TypeCache.Refresh (516ms)
				TypeCache.ScanAssembly (474ms)
			BuildScriptInfoCaches (124ms)
			ResolveRequiredComponents (32ms)
	FinalizeReload (1721ms)
		ReleaseScriptCaches (0ms)
		RebuildScriptCaches (0ms)
		SetupLoadedEditorAssemblies (1411ms)
			LogAssemblyErrors (0ms)
			InitializePlatformSupportModulesInManaged (4ms)
			SetLoadedEditorAssemblies (10ms)
			BeforeProcessingInitializeOnLoad (446ms)
			ProcessInitializeOnLoadAttributes (786ms)
			ProcessInitializeOnLoadMethodAttributes (150ms)
			AfterProcessingInitializeOnLoad (13ms)
			EditorAssembliesLoaded (1ms)
		ExecutionOrderSort2 (0ms)
		AwakeInstancesAfterBackupRestoration (16ms)
WARNING: Shader Unsupported: 'Hidden/Universal Render Pipeline/Terrain/Lit (Base Pass)' - All subshaders removed
WARNING: Shader Did you use #pragma only_renderers and omit this platform?
WARNING: Shader If subshaders removal was intentional, you may have forgotten turning Fallback off?
WARNING: Shader Unsupported: 'Hidden/Universal Render Pipeline/Terrain/Lit (Base Pass)' - All subshaders removed
WARNING: Shader Did you use #pragma only_renderers and omit this platform?
WARNING: Shader If subshaders removal was intentional, you may have forgotten turning Fallback off?
WARNING: Shader Unsupported: 'Universal Render Pipeline/Terrain/Lit' - All subshaders removed
WARNING: Shader Did you use #pragma only_renderers and omit this platform?
WARNING: Shader If subshaders removal was intentional, you may have forgotten turning Fallback off?
WARNING: Shader Unsupported: 'Universal Render Pipeline/Terrain/Lit' - All subshaders removed
WARNING: Shader Did you use #pragma only_renderers and omit this platform?
WARNING: Shader If subshaders removal was intentional, you may have forgotten turning Fallback off?
Launched and connected shader compiler UnityShaderCompiler.exe after 0.04 seconds
Refreshing native plugins compatible for Editor in 1.52 ms, found 3 plugins.
Preloading 0 native plugins for Editor in 0.00 ms.
Unloading 45 Unused Serialized files (Serialized files now loaded: 0)
Unloading 6271 unused Assets / (7.0 MB). Loaded Objects now: 6907.
Memory consumption went from 146.3 MB to 139.4 MB.
Total: 31.884000 ms (FindLiveObjects: 2.980800 ms CreateObjectMapping: 2.314400 ms MarkObjects: 15.417600 ms  DeleteObjects: 11.168700 ms)

========================================================================
Received Import Request.
  Time since last request: 45426.630307 seconds.
  path: Assets/POLYGON - FPS free/weapons raw/equipment_mats/Scope_b/Materials/cam_4.mat
  artifactKey: Guid(010f9563daf8b5845b60d031ac439858) Importer(2089858483,b0f066a214c2f5e87bad3c948f4d605d)
Start importing Assets/POLYGON - FPS free/weapons raw/equipment_mats/Scope_b/Materials/cam_4.mat using Guid(010f9563daf8b5845b60d031ac439858) Importer(2089858483,b0f066a214c2f5e87bad3c948f4d605d) (ScriptedImporter) -> (artifact id: '1be0eb75b99296d5fcac344597305b98') in 0.2299332 seconds
Number of updated asset objects reloaded before import = 0Number of asset objects unloaded after import = 2

========================================================================
Received Import Request.
  Time since last request: 0.000036 seconds.
  path: Assets/POLYGON - FPS free/map/particles/TexMat/muzzle_flash.png
  artifactKey: Guid(9604225138a2d194bb0c70f49166b566) Importer(2089858483,b0f066a214c2f5e87bad3c948f4d605d)
Start importing Assets/POLYGON - FPS free/map/particles/TexMat/muzzle_flash.png using Guid(9604225138a2d194bb0c70f49166b566) Importer(2089858483,b0f066a214c2f5e87bad3c948f4d605d) (ScriptedImporter) -> (artifact id: '341e404a037d2cc081303983e90f9586') in 0.1197563 seconds
Number of updated asset objects reloaded before import = 0Number of asset objects unloaded after import = 1

========================================================================
Received Import Request.
  Time since last request: 0.000128 seconds.
  path: Assets/POLYGON - FPS free/weapons raw/Equipment_raw_prefab/AudioClip_on_point.prefab
  artifactKey: Guid(dd9cfba581d957948a7fc62fbabfc5e0) Importer(2089858483,b0f066a214c2f5e87bad3c948f4d605d)
Start importing Assets/POLYGON - FPS free/weapons raw/Equipment_raw_prefab/AudioClip_on_point.prefab using Guid(dd9cfba581d957948a7fc62fbabfc5e0) Importer(2089858483,b0f066a214c2f5e87bad3c948f4d605d) (ScriptedImporter) -> (artifact id: '2cb31a31957ffc2ee5f43f2a709c9ba4') in 0.1071557 seconds
Number of updated asset objects reloaded before import = 0Number of asset objects unloaded after import = 6

========================================================================
Received Import Request.
  Time since last request: 0.000076 seconds.
  path: Assets/POLYGON - FPS free/Player_fps_files/animations/Animator
  artifactKey: Guid(c924bbddcef1f804188f50aab6e5bf9d) Importer(2089858483,b0f066a214c2f5e87bad3c948f4d605d)
Start importing Assets/POLYGON - FPS free/Player_fps_files/animations/Animator using Guid(c924bbddcef1f804188f50aab6e5bf9d) Importer(2089858483,b0f066a214c2f5e87bad3c948f4d605d) (ScriptedImporter) -> (artifact id: '072d454540ebc2536b872dd7e5828c3c') in 0.0179376 seconds
Number of updated asset objects reloaded before import = 0Number of asset objects unloaded after import = 1

========================================================================
Received Import Request.
  Time since last request: 0.000133 seconds.
  path: Assets/POLYGON - FPS free/weapons raw/old_pistol/old_pistol.fbx
  artifactKey: Guid(d067fa59e58e44446996e1f773c1c83b) Importer(2089858483,b0f066a214c2f5e87bad3c948f4d605d)
Start importing Assets/POLYGON - FPS free/weapons raw/old_pistol/old_pistol.fbx using Guid(d067fa59e58e44446996e1f773c1c83b) Importer(2089858483,b0f066a214c2f5e87bad3c948f4d605d) (ScriptedImporter) -> (artifact id: '8dae9134bcdb4bb0bf6e16b39b143ad6') in 0.121668 seconds
Number of updated asset objects reloaded before import = 0Number of asset objects unloaded after import = 14

========================================================================
Received Import Request.
  Time since last request: 0.000033 seconds.
  path: Assets/POLYGON - FPS free/weapons raw/equipment_mats/lamp_laser_a
  artifactKey: Guid(9df345640c746c24695ce3581628981b) Importer(2089858483,b0f066a214c2f5e87bad3c948f4d605d)
Start importing Assets/POLYGON - FPS free/weapons raw/equipment_mats/lamp_laser_a using Guid(9df345640c746c24695ce3581628981b) Importer(2089858483,b0f066a214c2f5e87bad3c948f4d605d) (ScriptedImporter) -> (artifact id: '81fd26c09fae60dc974502effdced667') in 0.0236575 seconds
Number of updated asset objects reloaded before import = 0Number of asset objects unloaded after import = 1

========================================================================
Received Import Request.
  Time since last request: 0.000137 seconds.
  path: Assets/POLYGON - FPS free/weapons raw/bullet_shells_fbxTexMat/5.7x28.fbx
  artifactKey: Guid(1ea0431e78a63bd4991410763f4b610d) Importer(2089858483,b0f066a214c2f5e87bad3c948f4d605d)
Start importing Assets/POLYGON - FPS free/weapons raw/bullet_shells_fbxTexMat/5.7x28.fbx using Guid(1ea0431e78a63bd4991410763f4b610d) Importer(2089858483,b0f066a214c2f5e87bad3c948f4d605d) (ScriptedImporter) -> (artifact id: 'e9bbafe7852420404570ff49b5cfc677') in 0.0696796 seconds
Number of updated asset objects reloaded before import = 0Number of asset objects unloaded after import = 9

========================================================================
Received Import Request.
  Time since last request: 0.000024 seconds.
  path: Assets/POLYGON - FPS free/weapons raw/equipment_mats/red_dot_e
  artifactKey: Guid(e219aace0c40e5b48966824377e9b91a) Importer(2089858483,b0f066a214c2f5e87bad3c948f4d605d)
Start importing Assets/POLYGON - FPS free/weapons raw/equipment_mats/red_dot_e using Guid(e219aace0c40e5b48966824377e9b91a) Importer(2089858483,b0f066a214c2f5e87bad3c948f4d605d) (ScriptedImporter) -> (artifact id: '84ed3ad24d25c4dc1bee2d39710fc5c0') in 0.0247335 seconds
Number of updated asset objects reloaded before import = 0Number of asset objects unloaded after import = 1

========================================================================
Received Import Request.
  Time since last request: 0.000128 seconds.
  path: Assets/POLYGON - FPS free/weapon icon/knife.PNG
  artifactKey: Guid(67e32bc6e4adf324c996e7468423b492) Importer(2089858483,b0f066a214c2f5e87bad3c948f4d605d)
Start importing Assets/POLYGON - FPS free/weapon icon/knife.PNG using Guid(67e32bc6e4adf324c996e7468423b492) Importer(2089858483,b0f066a214c2f5e87bad3c948f4d605d) (ScriptedImporter) -> (artifact id: '63209e45f1a7d8363b623843123c1c79') in 0.0589128 seconds
Number of updated asset objects reloaded before import = 0Number of asset objects unloaded after import = 3

========================================================================
Received Import Request.
  Time since last request: 0.000024 seconds.
  path: Assets/POLYGON - FPS free/scene/demo_map.unity
  artifactKey: Guid(19fab4276374c3b408b0afe0a064b529) Importer(2089858483,b0f066a214c2f5e87bad3c948f4d605d)
Start importing Assets/POLYGON - FPS free/scene/demo_map.unity using Guid(19fab4276374c3b408b0afe0a064b529) Importer(2089858483,b0f066a214c2f5e87bad3c948f4d605d) (ScriptedImporter) -> (artifact id: 'd899ac79c2717c5416b5083db35e383c') in 0.0523477 seconds
Number of updated asset objects reloaded before import = 0Number of asset objects unloaded after import = 1

========================================================================
Received Import Request.
  Time since last request: 0.000167 seconds.
  path: Assets/POLYGON - FPS free/map/particles/wood_particle.prefab
  artifactKey: Guid(d63d15beb811fd54cb68b48a5fb0610d) Importer(2089858483,b0f066a214c2f5e87bad3c948f4d605d)
Start importing Assets/POLYGON - FPS free/map/particles/wood_particle.prefab using Guid(d63d15beb811fd54cb68b48a5fb0610d) Importer(2089858483,b0f066a214c2f5e87bad3c948f4d605d) (ScriptedImporter) -> (artifact id: 'efa7965cdce1251797d9f648c8a4678f') in 0.1872559 seconds
Number of updated asset objects reloaded before import = 0Number of asset objects unloaded after import = 6

========================================================================
Received Import Request.
  Time since last request: 0.000066 seconds.
  path: Assets/POLYGON - FPS free/weapons raw/aim_point/aim_point_mat.mat
  artifactKey: Guid(ac1d46fb75020f74ea5fb504901f45eb) Importer(2089858483,b0f066a214c2f5e87bad3c948f4d605d)
Start importing Assets/POLYGON - FPS free/weapons raw/aim_point/aim_point_mat.mat using Guid(ac1d46fb75020f74ea5fb504901f45eb) Importer(2089858483,b0f066a214c2f5e87bad3c948f4d605d) (ScriptedImporter) -> (artifact id: '9e0ddab44818bede4dfec63f4490df6f') in 0.0264403 seconds
Number of updated asset objects reloaded before import = 0Number of asset objects unloaded after import = 2

========================================================================
Received Import Request.
  Time since last request: 0.000035 seconds.
  path: Assets/POLYGON - FPS free/Prefabs/props/TexMat/plywood_box.png
  artifactKey: Guid(b04d3a030ae9cf14ebd9c42b3fd437fb) Importer(2089858483,b0f066a214c2f5e87bad3c948f4d605d)
Start importing Assets/POLYGON - FPS free/Prefabs/props/TexMat/plywood_box.png using Guid(b04d3a030ae9cf14ebd9c42b3fd437fb) Importer(2089858483,b0f066a214c2f5e87bad3c948f4d605d) (ScriptedImporter) -> (artifact id: '8175ded6e24d1994df37d5f1b7c25713') in 0.0338311 seconds
Number of updated asset objects reloaded before import = 0Number of asset objects unloaded after import = 1

========================================================================
Received Import Request.
  Time since last request: 0.000087 seconds.
  path: Assets/POLYGON - FPS free/weapons raw/equipment_mats/suppressor_b/suppressor_b.mat
  artifactKey: Guid(088ec3f8245105f4ca20c6a558fb9acb) Importer(2089858483,b0f066a214c2f5e87bad3c948f4d605d)
Start importing Assets/POLYGON - FPS free/weapons raw/equipment_mats/suppressor_b/suppressor_b.mat using Guid(088ec3f8245105f4ca20c6a558fb9acb) Importer(2089858483,b0f066a214c2f5e87bad3c948f4d605d) (ScriptedImporter) -> (artifact id: 'a5c0884903fff0e82f7fd5822f8ce769') in 0.0218286 seconds
Number of updated asset objects reloaded before import = 0Number of asset objects unloaded after import = 2

========================================================================
Received Import Request.
  Time since last request: 0.000028 seconds.
  path: Assets/POLYGON - FPS free/weapons raw/equipment_mats/Dot_green.mat
  artifactKey: Guid(247587cea8c27f944a8705e92088a738) Importer(2089858483,b0f066a214c2f5e87bad3c948f4d605d)
Start importing Assets/POLYGON - FPS free/weapons raw/equipment_mats/Dot_green.mat using Guid(247587cea8c27f944a8705e92088a738) Importer(2089858483,b0f066a214c2f5e87bad3c948f4d605d) (ScriptedImporter) -> (artifact id: 'fd9365fb7ced3ba0d16822866b7403fa') in 0.0233976 seconds
Number of updated asset objects reloaded before import = 0Number of asset objects unloaded after import = 1

========================================================================
Received Import Request.
  Time since last request: 0.000118 seconds.
  path: Assets/POLYGON - FPS free/weapons raw/equipment_mats/suppressor_a/suppressor_a.png
  artifactKey: Guid(b44c831f7859f8a49b997114e67fbdb9) Importer(2089858483,b0f066a214c2f5e87bad3c948f4d605d)
Start importing Assets/POLYGON - FPS free/weapons raw/equipment_mats/suppressor_a/suppressor_a.png using Guid(b44c831f7859f8a49b997114e67fbdb9) Importer(2089858483,b0f066a214c2f5e87bad3c948f4d605d) (ScriptedImporter) -> (artifact id: '5597e7b061085d653838e15181dd954a') in 0.031147 seconds
Number of updated asset objects reloaded before import = 0Number of asset objects unloaded after import = 1

========================================================================
Received Import Request.
  Time since last request: 0.000136 seconds.
  path: Assets/POLYGON - FPS free/map
  artifactKey: Guid(0e4719265868cae4cab837766ae0bdae) Importer(2089858483,b0f066a214c2f5e87bad3c948f4d605d)
Start importing Assets/POLYGON - FPS free/map using Guid(0e4719265868cae4cab837766ae0bdae) Importer(2089858483,b0f066a214c2f5e87bad3c948f4d605d) (ScriptedImporter) -> (artifact id: 'ad224086bdcf7a2b50a17dc1662fe2cb') in 0.0158201 seconds
Number of updated asset objects reloaded before import = 0Number of asset objects unloaded after import = 1

========================================================================
Received Import Request.
  Time since last request: 0.000156 seconds.
  path: Assets/POLYGON - FPS free/map/particles/TexMat/metall.mat
  artifactKey: Guid(cfe5c9c84b28d0343a488f915936f234) Importer(2089858483,b0f066a214c2f5e87bad3c948f4d605d)
Start importing Assets/POLYGON - FPS free/map/particles/TexMat/metall.mat using Guid(cfe5c9c84b28d0343a488f915936f234) Importer(2089858483,b0f066a214c2f5e87bad3c948f4d605d) (ScriptedImporter) -> (artifact id: 'cdcfe80b6ca60ceeec548788a5ab7b20') in 0.0402367 seconds
Number of updated asset objects reloaded before import = 0Number of asset objects unloaded after import = 1

========================================================================
Received Import Request.
  Time since last request: 0.000329 seconds.
  path: Assets/POLYGON - FPS free/weapons raw/equipment_mats/lamp_a/lamp_a.mat
  artifactKey: Guid(19f7462a3a5c97d4d97356cea90abac9) Importer(2089858483,b0f066a214c2f5e87bad3c948f4d605d)
Start importing Assets/POLYGON - FPS free/weapons raw/equipment_mats/lamp_a/lamp_a.mat using Guid(19f7462a3a5c97d4d97356cea90abac9) Importer(2089858483,b0f066a214c2f5e87bad3c948f4d605d) (ScriptedImporter) -> (artifact id: 'b91449de31ce3d60d8b2eb418fba7e06') in 0.0324253 seconds
Number of updated asset objects reloaded before import = 0Number of asset objects unloaded after import = 3

========================================================================
Received Import Request.
  Time since last request: 0.000035 seconds.
  path: Assets/POLYGON - FPS free/weapons raw/equipment_mats/Scope_b/Materials
  artifactKey: Guid(7adccbab31abc624fa3fe67eadca1b8b) Importer(2089858483,b0f066a214c2f5e87bad3c948f4d605d)
Start importing Assets/POLYGON - FPS free/weapons raw/equipment_mats/Scope_b/Materials using Guid(7adccbab31abc624fa3fe67eadca1b8b) Importer(2089858483,b0f066a214c2f5e87bad3c948f4d605d) (ScriptedImporter) -> (artifact id: '1ee60244f3f78491a54e15b70fafbf8c') in 0.0154176 seconds
Number of updated asset objects reloaded before import = 0Number of asset objects unloaded after import = 1

========================================================================
Received Import Request.
  Time since last request: 0.015671 seconds.
  path: Assets/POLYGON - FPS free/weapons raw/equipment_mats/laser_b/laser_b.mat
  artifactKey: Guid(d07fac2d7b7c50640b0ed1826a43dbf0) Importer(2089858483,b0f066a214c2f5e87bad3c948f4d605d)
Start importing Assets/POLYGON - FPS free/weapons raw/equipment_mats/laser_b/laser_b.mat using Guid(d07fac2d7b7c50640b0ed1826a43dbf0) Importer(2089858483,b0f066a214c2f5e87bad3c948f4d605d) (ScriptedImporter) -> (artifact id: '99f271b2c25fa215aadc992caf626b57') in 0.0676679 seconds
Number of updated asset objects reloaded before import = 0Number of asset objects unloaded after import = 3

========================================================================
Received Import Request.
  Time since last request: 0.000030 seconds.
  path: Assets/POLYGON - FPS free/weapon icon/fireaxe.PNG
  artifactKey: Guid(1bdb5cf6409a98047ac8da65fa0b8b0e) Importer(2089858483,b0f066a214c2f5e87bad3c948f4d605d)
Start importing Assets/POLYGON - FPS free/weapon icon/fireaxe.PNG using Guid(1bdb5cf6409a98047ac8da65fa0b8b0e) Importer(2089858483,b0f066a214c2f5e87bad3c948f4d605d) (ScriptedImporter) -> (artifact id: '47a4a4946cfc2cae1c28f4d39b2f2270') in 0.0546097 seconds
Number of updated asset objects reloaded before import = 0Number of asset objects unloaded after import = 3

========================================================================
Received Import Request.
  Time since last request: 0.000037 seconds.
  path: Assets/POLYGON - FPS free/polygon fps sounds/glass breaks.wav
  artifactKey: Guid(4c29955dfb64bab4c8fd5ac8cfc3156a) Importer(2089858483,b0f066a214c2f5e87bad3c948f4d605d)
Start importing Assets/POLYGON - FPS free/polygon fps sounds/glass breaks.wav using Guid(4c29955dfb64bab4c8fd5ac8cfc3156a) Importer(2089858483,b0f066a214c2f5e87bad3c948f4d605d) (ScriptedImporter) -> (artifact id: 'ffb73f69ac5db4fc3c7f72488a96913e') in 0.1097454 seconds
Number of updated asset objects reloaded before import = 0Number of asset objects unloaded after import = 1

========================================================================
Received Import Request.
  Time since last request: 0.000030 seconds.
  path: Assets/POLYGON - FPS free/polygon fps sounds/old_pistol/reload empty old_pistol.wav
  artifactKey: Guid(7bd4890c0a65d454081837a75296f049) Importer(2089858483,b0f066a214c2f5e87bad3c948f4d605d)
Start importing Assets/POLYGON - FPS free/polygon fps sounds/old_pistol/reload empty old_pistol.wav using Guid(7bd4890c0a65d454081837a75296f049) Importer(2089858483,b0f066a214c2f5e87bad3c948f4d605d) (ScriptedImporter) -> (artifact id: '0346cf47b3de7f65de0c3cf8686a153f') in 0.0932688 seconds
Number of updated asset objects reloaded before import = 0Number of asset objects unloaded after import = 1

========================================================================
Received Import Request.
  Time since last request: 0.000185 seconds.
  path: Assets/POLYGON - FPS free/Prefabs/props/petrol_prefab.prefab
  artifactKey: Guid(1eac0aae58a38ae4697b45dd64e1143f) Importer(2089858483,b0f066a214c2f5e87bad3c948f4d605d)
Start importing Assets/POLYGON - FPS free/Prefabs/props/petrol_prefab.prefab using Guid(1eac0aae58a38ae4697b45dd64e1143f) Importer(2089858483,b0f066a214c2f5e87bad3c948f4d605d) (ScriptedImporter) -> (artifact id: '0bc1b93d8ec37a846c822e500e2df89c') in 0.1034297 seconds
Number of updated asset objects reloaded before import = 0Number of asset objects unloaded after import = 35

========================================================================
Received Import Request.
  Time since last request: 0.000026 seconds.
  path: Assets/POLYGON - FPS free/weapons raw/laser.fbx
  artifactKey: Guid(663f08f426561f043aaf020f5bf597d7) Importer(2089858483,b0f066a214c2f5e87bad3c948f4d605d)
Start importing Assets/POLYGON - FPS free/weapons raw/laser.fbx using Guid(663f08f426561f043aaf020f5bf597d7) Importer(2089858483,b0f066a214c2f5e87bad3c948f4d605d) (ScriptedImporter) -> (artifact id: '05efced32469547b09f762c450e92a87') in 0.0434878 seconds
Number of updated asset objects reloaded before import = 0Number of asset objects unloaded after import = 17

========================================================================
Received Import Request.
  Time since last request: 0.000028 seconds.
  path: Assets/POLYGON - FPS free/scene/demo_map
  artifactKey: Guid(ebbaad38e1275104db5c51d90ab54992) Importer(2089858483,b0f066a214c2f5e87bad3c948f4d605d)
Start importing Assets/POLYGON - FPS free/scene/demo_map using Guid(ebbaad38e1275104db5c51d90ab54992) Importer(2089858483,b0f066a214c2f5e87bad3c948f4d605d) (ScriptedImporter) -> (artifact id: 'd5a63c46b680045487c6b0fc739b29a1') in 0.0169968 seconds
Number of updated asset objects reloaded before import = 0Number of asset objects unloaded after import = 1

========================================================================
Received Import Request.
  Time since last request: 0.000133 seconds.
  path: Assets/POLYGON - FPS free/Player_fps_files/fbx/charakter_addon.fbx
  artifactKey: Guid(e0a3b461aa6982d4082195f324c1f40b) Importer(2089858483,b0f066a214c2f5e87bad3c948f4d605d)
Start importing Assets/POLYGON - FPS free/Player_fps_files/fbx/charakter_addon.fbx using Guid(e0a3b461aa6982d4082195f324c1f40b) Importer(2089858483,b0f066a214c2f5e87bad3c948f4d605d) (ScriptedImporter) -> (artifact id: '3aaf31b1070671cc638168d440691568') in 0.0595289 seconds
Number of updated asset objects reloaded before import = 0Number of asset objects unloaded after import = 60

========================================================================
Received Import Request.
  Time since last request: 0.000049 seconds.
  path: Assets/POLYGON - FPS free/polygon fps sounds/explosion.wav
  artifactKey: Guid(cf4b2cb375a6bb447a75e4c7bf118fe6) Importer(2089858483,b0f066a214c2f5e87bad3c948f4d605d)
Start importing Assets/POLYGON - FPS free/polygon fps sounds/explosion.wav using Guid(cf4b2cb375a6bb447a75e4c7bf118fe6) Importer(2089858483,b0f066a214c2f5e87bad3c948f4d605d) (ScriptedImporter) -> (artifact id: '8a56566416c32874a7c920f7fe3f699a') in 0.0866312 seconds
Number of updated asset objects reloaded before import = 0Number of asset objects unloaded after import = 1

========================================================================
Received Import Request.
  Time since last request: 0.000032 seconds.
  path: Assets/POLYGON - FPS free/Prefabs/props/TexMat/Lantern.png
  artifactKey: Guid(3e7f7597cffd21542ac3fc84dcfc53e4) Importer(2089858483,b0f066a214c2f5e87bad3c948f4d605d)
Start importing Assets/POLYGON - FPS free/Prefabs/props/TexMat/Lantern.png using Guid(3e7f7597cffd21542ac3fc84dcfc53e4) Importer(2089858483,b0f066a214c2f5e87bad3c948f4d605d) (ScriptedImporter) -> (artifact id: 'e1abb40b73a6766d4debba84fa29b759') in 0.0387219 seconds
Number of updated asset objects reloaded before import = 0Number of asset objects unloaded after import = 1

========================================================================
Received Import Request.
  Time since last request: 0.000154 seconds.
  path: Assets/POLYGON - FPS free/Prefabs
  artifactKey: Guid(5921ba64f896f174f9e50baa245b6c98) Importer(2089858483,b0f066a214c2f5e87bad3c948f4d605d)
Start importing Assets/POLYGON - FPS free/Prefabs using Guid(5921ba64f896f174f9e50baa245b6c98) Importer(2089858483,b0f066a214c2f5e87bad3c948f4d605d) (ScriptedImporter) -> (artifact id: '9659fae55805cd1eee8c1bd6c9c2ea5a') in 0.0249644 seconds
Number of updated asset objects reloaded before import = 0Number of asset objects unloaded after import = 1

========================================================================
Received Import Request.
  Time since last request: 0.000100 seconds.
  path: Assets/POLYGON - FPS free/Player_fps_files/MatTex
  artifactKey: Guid(9081e67432b24084180aa29d01cb6882) Importer(2089858483,b0f066a214c2f5e87bad3c948f4d605d)
Start importing Assets/POLYGON - FPS free/Player_fps_files/MatTex using Guid(9081e67432b24084180aa29d01cb6882) Importer(2089858483,b0f066a214c2f5e87bad3c948f4d605d) (ScriptedImporter) -> (artifact id: '3053016c0a6231a199223eac786cbd4f') in 0.0193923 seconds
Number of updated asset objects reloaded before import = 0Number of asset objects unloaded after import = 1

========================================================================
Received Import Request.
  Time since last request: 0.000447 seconds.
  path: Assets/POLYGON - FPS free/Prefabs/pickUp_prefabs/equipment
  artifactKey: Guid(334aaa4624ef1e8459db92d58a564a2d) Importer(2089858483,b0f066a214c2f5e87bad3c948f4d605d)
Start importing Assets/POLYGON - FPS free/Prefabs/pickUp_prefabs/equipment using Guid(334aaa4624ef1e8459db92d58a564a2d) Importer(2089858483,b0f066a214c2f5e87bad3c948f4d605d) (ScriptedImporter) -> (artifact id: '3b5bffdf5f7d5f9107a4658ef34f6d1d') in 0.020037 seconds
Number of updated asset objects reloaded before import = 0Number of asset objects unloaded after import = 1

========================================================================
Received Import Request.
  Time since last request: 0.000146 seconds.
  path: Assets/POLYGON - FPS free/Prefabs/pickUp_prefabs
  artifactKey: Guid(166f3fb0fab69de43a99a4e69dd9445b) Importer(2089858483,b0f066a214c2f5e87bad3c948f4d605d)
Start importing Assets/POLYGON - FPS free/Prefabs/pickUp_prefabs using Guid(166f3fb0fab69de43a99a4e69dd9445b) Importer(2089858483,b0f066a214c2f5e87bad3c948f4d605d) (ScriptedImporter) -> (artifact id: '24dea18a2352c1bd52be5068f4a4c4dd') in 0.0171634 seconds
Number of updated asset objects reloaded before import = 0Number of asset objects unloaded after import = 1

========================================================================
Received Import Request.
  Time since last request: 0.000080 seconds.
  path: Assets/POLYGON - FPS free/polygon fps sounds/auge/reload unempty auge.wav
  artifactKey: Guid(a669e6e5a406b9440bb982600810104c) Importer(2089858483,b0f066a214c2f5e87bad3c948f4d605d)
Start importing Assets/POLYGON - FPS free/polygon fps sounds/auge/reload unempty auge.wav using Guid(a669e6e5a406b9440bb982600810104c) Importer(2089858483,b0f066a214c2f5e87bad3c948f4d605d) (ScriptedImporter) -> (artifact id: 'b33e2c4d21525f608579459eb3f59faf') in 0.1060963 seconds
Number of updated asset objects reloaded before import = 0Number of asset objects unloaded after import = 1

========================================================================
Received Import Request.
  Time since last request: 0.000049 seconds.
  path: Assets/POLYGON - FPS free/weapons raw/fireaxe/fireaxe.png
  artifactKey: Guid(e2025b952303fb64f8c26a55371bf9c4) Importer(2089858483,b0f066a214c2f5e87bad3c948f4d605d)
Start importing Assets/POLYGON - FPS free/weapons raw/fireaxe/fireaxe.png using Guid(e2025b952303fb64f8c26a55371bf9c4) Importer(2089858483,b0f066a214c2f5e87bad3c948f4d605d) (ScriptedImporter) -> (artifact id: '2b34bf9e09d615d221e7a97e2b307cdf') in 0.0279689 seconds
Number of updated asset objects reloaded before import = 0Number of asset objects unloaded after import = 1

========================================================================
Received Import Request.
  Time since last request: 0.000190 seconds.
  path: Assets/POLYGON - FPS free/weapon icon/ClusterSub.PNG
  artifactKey: Guid(80fbc78ecacfff74c9691956d48d66dc) Importer(2089858483,b0f066a214c2f5e87bad3c948f4d605d)
Start importing Assets/POLYGON - FPS free/weapon icon/ClusterSub.PNG using Guid(80fbc78ecacfff74c9691956d48d66dc) Importer(2089858483,b0f066a214c2f5e87bad3c948f4d605d) (ScriptedImporter) -> (artifact id: '65563638d4d929ba06037fb834150f6c') in 0.0506889 seconds
Number of updated asset objects reloaded before import = 0Number of asset objects unloaded after import = 3

========================================================================
Received Import Request.
  Time since last request: 0.000027 seconds.
  path: Assets/POLYGON - FPS free/weapon icon/weapon icon lighting
  artifactKey: Guid(0cd4938e1e68c5e4fa3c266369a02922) Importer(2089858483,b0f066a214c2f5e87bad3c948f4d605d)
Start importing Assets/POLYGON - FPS free/weapon icon/weapon icon lighting using Guid(0cd4938e1e68c5e4fa3c266369a02922) Importer(2089858483,b0f066a214c2f5e87bad3c948f4d605d) (ScriptedImporter) -> (artifact id: 'b7b4784d90ecb1f851d0bd2f0e686bc9') in 0.0175644 seconds
Number of updated asset objects reloaded before import = 0Number of asset objects unloaded after import = 1

========================================================================
Received Import Request.
  Time since last request: 0.020549 seconds.
  path: Assets/POLYGON - FPS free/weapons raw/Equipment_raw_prefab/suppressor_d_prefab.prefab
  artifactKey: Guid(82e5ef9cb4895c54b8e0f5312752c0bc) Importer(2089858483,b0f066a214c2f5e87bad3c948f4d605d)
Start importing Assets/POLYGON - FPS free/weapons raw/Equipment_raw_prefab/suppressor_d_prefab.prefab using Guid(82e5ef9cb4895c54b8e0f5312752c0bc) Importer(2089858483,b0f066a214c2f5e87bad3c948f4d605d) (ScriptedImporter) -> (artifact id: 'f6832bf748fbf48e2cacf0162a97aad8') in 0.0592036 seconds
Number of updated asset objects reloaded before import = 0Number of asset objects unloaded after import = 9

========================================================================
Received Import Request.
  Time since last request: 0.000048 seconds.
  path: Assets/POLYGON - FPS free/killer bunny/fbxInfo/Killer_bunny.fbx
  artifactKey: Guid(017ee33ebf4c6b1468b25d5d02943f1b) Importer(2089858483,b0f066a214c2f5e87bad3c948f4d605d)
Start importing Assets/POLYGON - FPS free/killer bunny/fbxInfo/Killer_bunny.fbx using Guid(017ee33ebf4c6b1468b25d5d02943f1b) Importer(2089858483,b0f066a214c2f5e87bad3c948f4d605d) (ScriptedImporter) -> (artifact id: 'bc6ea5dbe0f58a3650c834a9d7987882') in 0.1152335 seconds
Number of updated asset objects reloaded before import = 0Number of asset objects unloaded after import = 153

========================================================================
Received Import Request.
  Time since last request: 0.000030 seconds.
  path: Assets/POLYGON - FPS free/weapon icon/weapon icon lighting/rocket_launcher.PNG
  artifactKey: Guid(eeba08e2261590547871bee19ec6f80a) Importer(2089858483,b0f066a214c2f5e87bad3c948f4d605d)
Start importing Assets/POLYGON - FPS free/weapon icon/weapon icon lighting/rocket_launcher.PNG using Guid(eeba08e2261590547871bee19ec6f80a) Importer(2089858483,b0f066a214c2f5e87bad3c948f4d605d) (ScriptedImporter) -> (artifact id: 'fe82d60cd2686aac476c86233750873d') in 0.0444631 seconds
Number of updated asset objects reloaded before import = 0Number of asset objects unloaded after import = 3

========================================================================
Received Import Request.
  Time since last request: 0.000037 seconds.
  path: Assets/POLYGON - FPS free/weapons raw/old_pistol/old_pistol_a.png
  artifactKey: Guid(e1af8ae1b1579a847ab9fe07caeadf7d) Importer(2089858483,b0f066a214c2f5e87bad3c948f4d605d)
Start importing Assets/POLYGON - FPS free/weapons raw/old_pistol/old_pistol_a.png using Guid(e1af8ae1b1579a847ab9fe07caeadf7d) Importer(2089858483,b0f066a214c2f5e87bad3c948f4d605d) (ScriptedImporter) -> (artifact id: '5b17d07fd97c1b974c81acfb9bf2d19e') in 0.0247986 seconds
Number of updated asset objects reloaded before import = 0Number of asset objects unloaded after import = 1

========================================================================
Received Import Request.
  Time since last request: 0.000107 seconds.
  path: Assets/POLYGON - FPS free/weapons raw/equipment_mats/lamp_laser_a/lamp_laser_a_a.png
  artifactKey: Guid(54a751072003f144faefd55f72999f95) Importer(2089858483,b0f066a214c2f5e87bad3c948f4d605d)
Start importing Assets/POLYGON - FPS free/weapons raw/equipment_mats/lamp_laser_a/lamp_laser_a_a.png using Guid(54a751072003f144faefd55f72999f95) Importer(2089858483,b0f066a214c2f5e87bad3c948f4d605d) (ScriptedImporter) -> (artifact id: '7c87135f700ae2c7fbe1bbe783ffa1db') in 0.0315273 seconds
Number of updated asset objects reloaded before import = 0Number of asset objects unloaded after import = 1

========================================================================
Received Import Request.
  Time since last request: 0.000119 seconds.
  path: Assets/POLYGON - FPS free/polygon fps sounds/auge/shoot  silence auge.wav
  artifactKey: Guid(ff431a356e3f5214485d58b842347f97) Importer(2089858483,b0f066a214c2f5e87bad3c948f4d605d)
Start importing Assets/POLYGON - FPS free/polygon fps sounds/auge/shoot  silence auge.wav using Guid(ff431a356e3f5214485d58b842347f97) Importer(2089858483,b0f066a214c2f5e87bad3c948f4d605d) (ScriptedImporter) -> (artifact id: '1c5a5f2de6f8fb755412062c83c7c6b2') in 0.0842494 seconds
Number of updated asset objects reloaded before import = 0Number of asset objects unloaded after import = 1

========================================================================
Received Import Request.
  Time since last request: 0.000079 seconds.
  path: Assets/POLYGON - FPS free/weapons raw/equipment_mats/red_dot_e/Materials/cam_2.mat
  artifactKey: Guid(a244333a252caa542889ece3fd429ab3) Importer(2089858483,b0f066a214c2f5e87bad3c948f4d605d)
Start importing Assets/POLYGON - FPS free/weapons raw/equipment_mats/red_dot_e/Materials/cam_2.mat using Guid(a244333a252caa542889ece3fd429ab3) Importer(2089858483,b0f066a214c2f5e87bad3c948f4d605d) (ScriptedImporter) -> (artifact id: 'fa13f00bfb6f4ce2c90eb1f2ca70546c') in 0.0259451 seconds
Number of updated asset objects reloaded before import = 0Number of asset objects unloaded after import = 2

========================================================================
Received Import Request.
  Time since last request: 0.000026 seconds.
  path: Assets/POLYGON - FPS free/Prefabs/pickUp_prefabs/equipment/red_dot_b_pickUp_prefab.prefab
  artifactKey: Guid(c42e877b439bf3f4d96235401389a8c0) Importer(2089858483,b0f066a214c2f5e87bad3c948f4d605d)
Start importing Assets/POLYGON - FPS free/Prefabs/pickUp_prefabs/equipment/red_dot_b_pickUp_prefab.prefab using Guid(c42e877b439bf3f4d96235401389a8c0) Importer(2089858483,b0f066a214c2f5e87bad3c948f4d605d) (ScriptedImporter) -> (artifact id: 'ab23db26b0551680dac394420330c504') in 0.0424711 seconds
Number of updated asset objects reloaded before import = 0Number of asset objects unloaded after import = 22

========================================================================
Received Import Request.
  Time since last request: 0.000039 seconds.
  path: Assets/POLYGON - FPS free/map/particles/TexMat/wood.mat
  artifactKey: Guid(6daf5b1c7c1333d44a18236ed144281a) Importer(2089858483,b0f066a214c2f5e87bad3c948f4d605d)
Start importing Assets/POLYGON - FPS free/map/particles/TexMat/wood.mat using Guid(6daf5b1c7c1333d44a18236ed144281a) Importer(2089858483,b0f066a214c2f5e87bad3c948f4d605d) (ScriptedImporter) -> (artifact id: '06adfed03b166d6b1d9f67e170a17eaf') in 0.0409401 seconds
Number of updated asset objects reloaded before import = 0Number of asset objects unloaded after import = 1

========================================================================
Received Import Request.
  Time since last request: 0.000089 seconds.
  path: Assets/POLYGON - FPS free/weapon icon/weapon icon lighting/hunterrifle.PNG
  artifactKey: Guid(7bef01263082e0e4498e4484c5c116bc) Importer(2089858483,b0f066a214c2f5e87bad3c948f4d605d)
Start importing Assets/POLYGON - FPS free/weapon icon/weapon icon lighting/hunterrifle.PNG using Guid(7bef01263082e0e4498e4484c5c116bc) Importer(2089858483,b0f066a214c2f5e87bad3c948f4d605d) (ScriptedImporter) -> (artifact id: '3f3fda927a07a942310572256ba02ffa') in 0.0705642 seconds
Number of updated asset objects reloaded before import = 0Number of asset objects unloaded after import = 3

========================================================================
Received Import Request.
  Time since last request: 0.000032 seconds.
  path: Assets/POLYGON - FPS free/map/fbx/texture8.png
  artifactKey: Guid(723a0029496004c4d906da96c05d7026) Importer(2089858483,b0f066a214c2f5e87bad3c948f4d605d)
Start importing Assets/POLYGON - FPS free/map/fbx/texture8.png using Guid(723a0029496004c4d906da96c05d7026) Importer(2089858483,b0f066a214c2f5e87bad3c948f4d605d) (ScriptedImporter) -> (artifact id: '739bad15becc63cb04ef5df854283267') in 0.0258037 seconds
Number of updated asset objects reloaded before import = 0Number of asset objects unloaded after import = 1

========================================================================
Received Import Request.
  Time since last request: 0.000102 seconds.
  path: Assets/POLYGON - FPS free/weapon icon/sce5.PNG
  artifactKey: Guid(cf8eabf114d4a044b91137d3fad06f26) Importer(2089858483,b0f066a214c2f5e87bad3c948f4d605d)
Start importing Assets/POLYGON - FPS free/weapon icon/sce5.PNG using Guid(cf8eabf114d4a044b91137d3fad06f26) Importer(2089858483,b0f066a214c2f5e87bad3c948f4d605d) (ScriptedImporter) -> (artifact id: 'e2bb7d52347d550398575c40a559638d') in 0.0452992 seconds
Number of updated asset objects reloaded before import = 0Number of asset objects unloaded after import = 3

========================================================================
Received Import Request.
  Time since last request: 0.000029 seconds.
  path: Assets/POLYGON - FPS free/weapons raw/equipment_mats/suppressor_c/Suppressor_c.mat
  artifactKey: Guid(10652f3354d475043beed7f1754adc99) Importer(2089858483,b0f066a214c2f5e87bad3c948f4d605d)
Start importing Assets/POLYGON - FPS free/weapons raw/equipment_mats/suppressor_c/Suppressor_c.mat using Guid(10652f3354d475043beed7f1754adc99) Importer(2089858483,b0f066a214c2f5e87bad3c948f4d605d) (ScriptedImporter) -> (artifact id: '8722cfeb1179d4286a5ced9273584d0f') in 0.0199069 seconds
Number of updated asset objects reloaded before import = 0Number of asset objects unloaded after import = 2

========================================================================
Received Import Request.
  Time since last request: 0.000043 seconds.
  path: Assets/POLYGON - FPS free/weapons raw/equipment_mats/lamp_b/lamp_b.mat
  artifactKey: Guid(d46f4fdffd5cfa447ac38f17a9ea7e15) Importer(2089858483,b0f066a214c2f5e87bad3c948f4d605d)
Start importing Assets/POLYGON - FPS free/weapons raw/equipment_mats/lamp_b/lamp_b.mat using Guid(d46f4fdffd5cfa447ac38f17a9ea7e15) Importer(2089858483,b0f066a214c2f5e87bad3c948f4d605d) (ScriptedImporter) -> (artifact id: '47cfd71cd3b188b00ec9944e04eda2b9') in 0.0365663 seconds
Number of updated asset objects reloaded before import = 0Number of asset objects unloaded after import = 3

========================================================================
Received Import Request.
  Time since last request: 0.000028 seconds.
  path: Assets/POLYGON - FPS free/weapons raw/equipment_mats/red_dot_c/Materials
  artifactKey: Guid(5775d45ad0ade604ba74d53171e50788) Importer(2089858483,b0f066a214c2f5e87bad3c948f4d605d)
Start importing Assets/POLYGON - FPS free/weapons raw/equipment_mats/red_dot_c/Materials using Guid(5775d45ad0ade604ba74d53171e50788) Importer(2089858483,b0f066a214c2f5e87bad3c948f4d605d) (ScriptedImporter) -> (artifact id: '96e466fc45768199aa3015b62374dd0a') in 0.0198814 seconds
Number of updated asset objects reloaded before import = 0Number of asset objects unloaded after import = 1

========================================================================
Received Import Request.
  Time since last request: 0.000073 seconds.
  path: Assets/POLYGON - FPS free/Prefabs/props/TexMat/Lantern.mat
  artifactKey: Guid(345b20999ed117149a94011792b54d00) Importer(2089858483,b0f066a214c2f5e87bad3c948f4d605d)
Start importing Assets/POLYGON - FPS free/Prefabs/props/TexMat/Lantern.mat using Guid(345b20999ed117149a94011792b54d00) Importer(2089858483,b0f066a214c2f5e87bad3c948f4d605d) (ScriptedImporter) -> (artifact id: '36776ebf8be03e49adc093861ce3271b') in 0.036485 seconds
Number of updated asset objects reloaded before import = 0Number of asset objects unloaded after import = 3

========================================================================
Received Import Request.
  Time since last request: 0.000023 seconds.
  path: Assets/POLYGON - FPS free/weapons raw/bullet_shells_fbxTexMat/12gauge.fbx
  artifactKey: Guid(0cbcca22d5c10a24b977bba0abad2358) Importer(2089858483,b0f066a214c2f5e87bad3c948f4d605d)
Start importing Assets/POLYGON - FPS free/weapons raw/bullet_shells_fbxTexMat/12gauge.fbx using Guid(0cbcca22d5c10a24b977bba0abad2358) Importer(2089858483,b0f066a214c2f5e87bad3c948f4d605d) (ScriptedImporter) -> (artifact id: 'a77e49c1965119d9dec734b4e57c9c3a') in 0.0591166 seconds
Number of updated asset objects reloaded before import = 0Number of asset objects unloaded after import = 9

========================================================================
Received Import Request.
  Time since last request: 0.000029 seconds.
  path: Assets/POLYGON - FPS free/map/particles/TexMat/muzzle_flash2.png
  artifactKey: Guid(a3ac65729017afa49b554799ee4977ce) Importer(2089858483,b0f066a214c2f5e87bad3c948f4d605d)
Start importing Assets/POLYGON - FPS free/map/particles/TexMat/muzzle_flash2.png using Guid(a3ac65729017afa49b554799ee4977ce) Importer(2089858483,b0f066a214c2f5e87bad3c948f4d605d) (ScriptedImporter) -> (artifact id: 'f6840a7cbe8d459a40adce2fe7fa16bf') in 0.0229631 seconds
Number of updated asset objects reloaded before import = 0Number of asset objects unloaded after import = 1

========================================================================
Received Import Request.
  Time since last request: 0.000109 seconds.
  path: Assets/POLYGON - FPS free/weapons raw/Equipment_raw_prefab/lamp_laser_a_prefab.prefab
  artifactKey: Guid(41171b73986a29e40aac4ae0eeb045fd) Importer(2089858483,b0f066a214c2f5e87bad3c948f4d605d)
Start importing Assets/POLYGON - FPS free/weapons raw/Equipment_raw_prefab/lamp_laser_a_prefab.prefab using Guid(41171b73986a29e40aac4ae0eeb045fd) Importer(2089858483,b0f066a214c2f5e87bad3c948f4d605d) (ScriptedImporter) -> (artifact id: '9ee1348a4706071858feaaa743d84bf7') in 0.0484562 seconds
Number of updated asset objects reloaded before import = 0Number of asset objects unloaded after import = 9

========================================================================
Received Import Request.
  Time since last request: 0.000027 seconds.
  path: Assets/POLYGON - FPS free/scripts/assault57.cs
  artifactKey: Guid(7ed166e4f1ae948419433097a5db993f) Importer(2089858483,b0f066a214c2f5e87bad3c948f4d605d)
Start importing Assets/POLYGON - FPS free/scripts/assault57.cs using Guid(7ed166e4f1ae948419433097a5db993f) Importer(2089858483,b0f066a214c2f5e87bad3c948f4d605d) (ScriptedImporter) -> (artifact id: 'da617dd8631535e4f008ccafdfa1ff1a') in 0.0195693 seconds
Number of updated asset objects reloaded before import = 0Number of asset objects unloaded after import = 0

========================================================================
Received Import Request.
  Time since last request: 0.000142 seconds.
  path: Assets/POLYGON - FPS free/weapons raw/equipment_mats/red_dot_b/red_dot_b.png
  artifactKey: Guid(bbda667ebc8eda54fb0702028c5b8996) Importer(2089858483,b0f066a214c2f5e87bad3c948f4d605d)
Start importing Assets/POLYGON - FPS free/weapons raw/equipment_mats/red_dot_b/red_dot_b.png using Guid(bbda667ebc8eda54fb0702028c5b8996) Importer(2089858483,b0f066a214c2f5e87bad3c948f4d605d) (ScriptedImporter) -> (artifact id: '1ea66b6445459f459a92767e0b6ed464') in 0.0247277 seconds
Number of updated asset objects reloaded before import = 0Number of asset objects unloaded after import = 1

========================================================================
Received Import Request.
  Time since last request: 0.000100 seconds.
  path: Assets/POLYGON - FPS free/map/particles/TexMat/muzzle_falsh.mat
  artifactKey: Guid(93d4d5bbe3fb12a489353e25ca3a4d6e) Importer(2089858483,b0f066a214c2f5e87bad3c948f4d605d)
Start importing Assets/POLYGON - FPS free/map/particles/TexMat/muzzle_falsh.mat using Guid(93d4d5bbe3fb12a489353e25ca3a4d6e) Importer(2089858483,b0f066a214c2f5e87bad3c948f4d605d) (ScriptedImporter) -> (artifact id: '9e85afa6b67ced7a33ae533780af3825') in 0.0343263 seconds
Number of updated asset objects reloaded before import = 0Number of asset objects unloaded after import = 1

========================================================================
Received Import Request.
  Time since last request: 0.000134 seconds.
  path: Assets/POLYGON - FPS free/weapons raw/bullet_shells_fbxTexMat/12gauge.mat
  artifactKey: Guid(513c2f9880623654bb6c13c5a355c5e5) Importer(2089858483,b0f066a214c2f5e87bad3c948f4d605d)
Start importing Assets/POLYGON - FPS free/weapons raw/bullet_shells_fbxTexMat/12gauge.mat using Guid(513c2f9880623654bb6c13c5a355c5e5) Importer(2089858483,b0f066a214c2f5e87bad3c948f4d605d) (ScriptedImporter) -> (artifact id: 'a27967cc5c00dbc39ea96dcba5e71fdd') in 0.0408876 seconds
Number of updated asset objects reloaded before import = 0Number of asset objects unloaded after import = 2

========================================================================
Received Import Request.
  Time since last request: 0.022985 seconds.
  path: Assets/POLYGON - FPS free/polygon fps sounds/assault57
  artifactKey: Guid(c07f048cac315b8418dceeb0f83d1c1b) Importer(2089858483,b0f066a214c2f5e87bad3c948f4d605d)
Start importing Assets/POLYGON - FPS free/polygon fps sounds/assault57 using Guid(c07f048cac315b8418dceeb0f83d1c1b) Importer(2089858483,b0f066a214c2f5e87bad3c948f4d605d) (ScriptedImporter) -> (artifact id: 'fe4f560a87ebbdda9241719fcfbae6af') in 0.0142298 seconds
Number of updated asset objects reloaded before import = 0Number of asset objects unloaded after import = 1

========================================================================
Received Import Request.
  Time since last request: 0.000122 seconds.
  path: Assets/POLYGON - FPS free/weapon icon/assault_57_icon.PNG
  artifactKey: Guid(2619487cb31a0c34cabe4eb8512abc97) Importer(2089858483,b0f066a214c2f5e87bad3c948f4d605d)
Start importing Assets/POLYGON - FPS free/weapon icon/assault_57_icon.PNG using Guid(2619487cb31a0c34cabe4eb8512abc97) Importer(2089858483,b0f066a214c2f5e87bad3c948f4d605d) (ScriptedImporter) -> (artifact id: '47768bea4965c3910ddfd1a72f17a2cc') in 0.0444588 seconds
Number of updated asset objects reloaded before import = 0Number of asset objects unloaded after import = 3

========================================================================
Received Import Request.
  Time since last request: 0.000023 seconds.
  path: Assets/POLYGON - FPS free/Prefabs/props/TexMat/plywood_box.mat
  artifactKey: Guid(94bc1cc654a0cbd41b2ce9fa3a0cdae8) Importer(2089858483,b0f066a214c2f5e87bad3c948f4d605d)
Start importing Assets/POLYGON - FPS free/Prefabs/props/TexMat/plywood_box.mat using Guid(94bc1cc654a0cbd41b2ce9fa3a0cdae8) Importer(2089858483,b0f066a214c2f5e87bad3c948f4d605d) (ScriptedImporter) -> (artifact id: 'a6f4b639c485fd8d33064593c3dd1b4f') in 0.0376085 seconds
Number of updated asset objects reloaded before import = 0Number of asset objects unloaded after import = 2

========================================================================
Received Import Request.
  Time since last request: 0.000027 seconds.
  path: Assets/POLYGON - FPS free/map/fbx/texture3.png
  artifactKey: Guid(2abf3197f20263549891c944bbd7b2c8) Importer(2089858483,b0f066a214c2f5e87bad3c948f4d605d)
Start importing Assets/POLYGON - FPS free/map/fbx/texture3.png using Guid(2abf3197f20263549891c944bbd7b2c8) Importer(2089858483,b0f066a214c2f5e87bad3c948f4d605d) (ScriptedImporter) -> (artifact id: '9495363e86b5b23503788fe161ec210a') in 0.0275189 seconds
Number of updated asset objects reloaded before import = 0Number of asset objects unloaded after import = 3

========================================================================
Received Import Request.
  Time since last request: 0.000026 seconds.
  path: Assets/POLYGON - FPS free/map/particles/glass_particle.prefab
  artifactKey: Guid(f4c9ef68ad80f344fa81cf0a7d73b607) Importer(2089858483,b0f066a214c2f5e87bad3c948f4d605d)
Start importing Assets/POLYGON - FPS free/map/particles/glass_particle.prefab using Guid(f4c9ef68ad80f344fa81cf0a7d73b607) Importer(2089858483,b0f066a214c2f5e87bad3c948f4d605d) (ScriptedImporter) -> (artifact id: '761a0083e34ac63572458441a3c4c0c2') in 0.0881948 seconds
Number of updated asset objects reloaded before import = 0Number of asset objects unloaded after import = 6

========================================================================
Received Import Request.
  Time since last request: 0.000028 seconds.
  path: Assets/POLYGON - FPS free/weapons raw/equipment_mats/red_dot_b/red_dot_b.fbx
  artifactKey: Guid(76737658f1db5a04e817cf00e8dedbc6) Importer(2089858483,b0f066a214c2f5e87bad3c948f4d605d)
Start importing Assets/POLYGON - FPS free/weapons raw/equipment_mats/red_dot_b/red_dot_b.fbx using Guid(76737658f1db5a04e817cf00e8dedbc6) Importer(2089858483,b0f066a214c2f5e87bad3c948f4d605d) (ScriptedImporter) -> (artifact id: '6d90074d446225bc81252bdbd295c7e0') in 0.0481041 seconds
Number of updated asset objects reloaded before import = 0Number of asset objects unloaded after import = 20

========================================================================
Received Import Request.
  Time since last request: 0.000060 seconds.
  path: Assets/POLYGON - FPS free/polygon fps sounds/legs/run.wav
  artifactKey: Guid(b7d9cf30dc8e9e746b5e396febcc2827) Importer(2089858483,b0f066a214c2f5e87bad3c948f4d605d)
Start importing Assets/POLYGON - FPS free/polygon fps sounds/legs/run.wav using Guid(b7d9cf30dc8e9e746b5e396febcc2827) Importer(2089858483,b0f066a214c2f5e87bad3c948f4d605d) (ScriptedImporter) -> (artifact id: 'cc4a5640e906c3f9833464c1ce8dd404') in 0.0534545 seconds
Number of updated asset objects reloaded before import = 0Number of asset objects unloaded after import = 1

========================================================================
Received Import Request.
  Time since last request: 0.000095 seconds.
  path: Assets/POLYGON - FPS free/weapons raw/equipment_mats/lamp_laser_a/lamp_laser_a_c.png
  artifactKey: Guid(45fcaa60e080537489f42d498338d701) Importer(2089858483,b0f066a214c2f5e87bad3c948f4d605d)
Start importing Assets/POLYGON - FPS free/weapons raw/equipment_mats/lamp_laser_a/lamp_laser_a_c.png using Guid(45fcaa60e080537489f42d498338d701) Importer(2089858483,b0f066a214c2f5e87bad3c948f4d605d) (ScriptedImporter) -> (artifact id: 'dd5d68f9617b3d4645f41d70ed69df39') in 0.037163 seconds
Number of updated asset objects reloaded before import = 0Number of asset objects unloaded after import = 1

========================================================================
Received Import Request.
  Time since last request: 0.000121 seconds.
  path: Assets/POLYGON - FPS free/map/particles/TexMat/fire_sheet.mat
  artifactKey: Guid(40a23b61d2356094292e574d8e0b2284) Importer(2089858483,b0f066a214c2f5e87bad3c948f4d605d)
Start importing Assets/POLYGON - FPS free/map/particles/TexMat/fire_sheet.mat using Guid(40a23b61d2356094292e574d8e0b2284) Importer(2089858483,b0f066a214c2f5e87bad3c948f4d605d) (ScriptedImporter) -> (artifact id: '085e2a25acfef097b8bc766ae7e1e736') in 0.0471903 seconds
Number of updated asset objects reloaded before import = 0Number of asset objects unloaded after import = 2

========================================================================
Received Import Request.
  Time since last request: 0.000044 seconds.
  path: Assets/POLYGON - FPS free/weapons raw/Equipment_raw_prefab/Scope_a_prefab.prefab
  artifactKey: Guid(61d9cc96200e5524e9c372b2e2570d85) Importer(2089858483,b0f066a214c2f5e87bad3c948f4d605d)
Start importing Assets/POLYGON - FPS free/weapons raw/Equipment_raw_prefab/Scope_a_prefab.prefab using Guid(61d9cc96200e5524e9c372b2e2570d85) Importer(2089858483,b0f066a214c2f5e87bad3c948f4d605d) (ScriptedImporter) -> (artifact id: 'efdbaef392316c1ee8db82d74c604420') in 0.0585811 seconds
Number of updated asset objects reloaded before import = 0Number of asset objects unloaded after import = 29

========================================================================
Received Import Request.
  Time since last request: 0.000036 seconds.
  path: Assets/POLYGON - FPS free/killer bunny/MatTex/flesh.png
  artifactKey: Guid(d26f6c9893991194ead1a21101f3b6b3) Importer(2089858483,b0f066a214c2f5e87bad3c948f4d605d)
Start importing Assets/POLYGON - FPS free/killer bunny/MatTex/flesh.png using Guid(d26f6c9893991194ead1a21101f3b6b3) Importer(2089858483,b0f066a214c2f5e87bad3c948f4d605d) (ScriptedImporter) -> (artifact id: '51d1009bc5158c6fa549a59c0f569d57') in 0.0268144 seconds
Number of updated asset objects reloaded before import = 0Number of asset objects unloaded after import = 1

========================================================================
Received Import Request.
  Time since last request: 0.000092 seconds.
  path: Assets/POLYGON - FPS free/weapon icon/weapon icon lighting/fireaxe.PNG
  artifactKey: Guid(71b4ac0ee6113634196348d30cd322f4) Importer(2089858483,b0f066a214c2f5e87bad3c948f4d605d)
Start importing Assets/POLYGON - FPS free/weapon icon/weapon icon lighting/fireaxe.PNG using Guid(71b4ac0ee6113634196348d30cd322f4) Importer(2089858483,b0f066a214c2f5e87bad3c948f4d605d) (ScriptedImporter) -> (artifact id: '880f2ce9f7fcbd3f04b5f97d99896a0d') in 0.0255364 seconds
Number of updated asset objects reloaded before import = 0Number of asset objects unloaded after import = 3

========================================================================
Received Import Request.
  Time since last request: 0.000024 seconds.
  path: Assets/POLYGON - FPS free/weapon icon/weapon icon lighting/Scorp6.PNG
  artifactKey: Guid(38d7edc97ae2772488bf3134b08524d9) Importer(2089858483,b0f066a214c2f5e87bad3c948f4d605d)
Start importing Assets/POLYGON - FPS free/weapon icon/weapon icon lighting/Scorp6.PNG using Guid(38d7edc97ae2772488bf3134b08524d9) Importer(2089858483,b0f066a214c2f5e87bad3c948f4d605d) (ScriptedImporter) -> (artifact id: '2bf805451de89b6b7f27709587116438') in 0.0441239 seconds
Number of updated asset objects reloaded before import = 0Number of asset objects unloaded after import = 3

========================================================================
Received Import Request.
  Time since last request: 0.000033 seconds.
  path: Assets/POLYGON - FPS free/weapon icon/buzzsub.PNG
  artifactKey: Guid(d2db9e1eb43ca004fb906479441a4007) Importer(2089858483,b0f066a214c2f5e87bad3c948f4d605d)
Start importing Assets/POLYGON - FPS free/weapon icon/buzzsub.PNG using Guid(d2db9e1eb43ca004fb906479441a4007) Importer(2089858483,b0f066a214c2f5e87bad3c948f4d605d) (ScriptedImporter) -> (artifact id: 'b0162d9a0323544ef89f0a36a5598cf5') in 0.1282089 seconds
Number of updated asset objects reloaded before import = 0Number of asset objects unloaded after import = 3

========================================================================
Received Import Request.
  Time since last request: 0.000034 seconds.
  path: Assets/POLYGON - FPS free/Prefabs/bullet_shells/7,62x54_prefab.prefab
  artifactKey: Guid(072b09f469defef4a91d31f821873a7b) Importer(2089858483,b0f066a214c2f5e87bad3c948f4d605d)
Start importing Assets/POLYGON - FPS free/Prefabs/bullet_shells/7,62x54_prefab.prefab using Guid(072b09f469defef4a91d31f821873a7b) Importer(2089858483,b0f066a214c2f5e87bad3c948f4d605d) (ScriptedImporter) -> (artifact id: 'e7b75a2721c6e8fcb1e148d7a55d6745') in 0.0372576 seconds
Number of updated asset objects reloaded before import = 0Number of asset objects unloaded after import = 13

========================================================================
Received Import Request.
  Time since last request: 0.000040 seconds.
  path: Assets/POLYGON - FPS free/weapons raw/bullet_shells_fbxTexMat/7.62x39.png
  artifactKey: Guid(c48f684fe5e2e6a4fb32311989afe9c9) Importer(2089858483,b0f066a214c2f5e87bad3c948f4d605d)
Start importing Assets/POLYGON - FPS free/weapons raw/bullet_shells_fbxTexMat/7.62x39.png using Guid(c48f684fe5e2e6a4fb32311989afe9c9) Importer(2089858483,b0f066a214c2f5e87bad3c948f4d605d) (ScriptedImporter) -> (artifact id: 'b243e6b86a3f2cd276bcae43f86a8114') in 0.0272309 seconds
Number of updated asset objects reloaded before import = 0Number of asset objects unloaded after import = 1

========================================================================
Received Import Request.
  Time since last request: 0.000062 seconds.
  path: Assets/POLYGON - FPS free/weapons raw/Equipment_raw_prefab/suppressor_c_prefab.prefab
  artifactKey: Guid(ee17032d57e5de849b25c4adb62dc1b2) Importer(2089858483,b0f066a214c2f5e87bad3c948f4d605d)
Start importing Assets/POLYGON - FPS free/weapons raw/Equipment_raw_prefab/suppressor_c_prefab.prefab using Guid(ee17032d57e5de849b25c4adb62dc1b2) Importer(2089858483,b0f066a214c2f5e87bad3c948f4d605d) (ScriptedImporter) -> (artifact id: '716b514b5ba1732cd2aeea36058d1aa7') in 0.0540039 seconds
Number of updated asset objects reloaded before import = 0Number of asset objects unloaded after import = 9

========================================================================
Received Import Request.
  Time since last request: 0.000031 seconds.
  path: Assets/POLYGON - FPS free/weapons raw/equipment_mats/suppressor_a/suppressor_a.fbx
  artifactKey: Guid(c586353df8032cd47982e62465161153) Importer(2089858483,b0f066a214c2f5e87bad3c948f4d605d)
Start importing Assets/POLYGON - FPS free/weapons raw/equipment_mats/suppressor_a/suppressor_a.fbx using Guid(c586353df8032cd47982e62465161153) Importer(2089858483,b0f066a214c2f5e87bad3c948f4d605d) (ScriptedImporter) -> (artifact id: '8ce16f1012b3fd7c30ec6db62daa1638') in 0.0274736 seconds
Number of updated asset objects reloaded before import = 0Number of asset objects unloaded after import = 8

========================================================================
Received Import Request.
  Time since last request: 0.000036 seconds.
  path: Assets/POLYGON - FPS free/weapons raw/equipment_mats/Scope_a/Scope_a.fbx
  artifactKey: Guid(7c3e9f1f7a153c749a8f01ecb51477ab) Importer(2089858483,b0f066a214c2f5e87bad3c948f4d605d)
Start importing Assets/POLYGON - FPS free/weapons raw/equipment_mats/Scope_a/Scope_a.fbx using Guid(7c3e9f1f7a153c749a8f01ecb51477ab) Importer(2089858483,b0f066a214c2f5e87bad3c948f4d605d) (ScriptedImporter) -> (artifact id: 'ddab230da124db0856b06a40e9309358') in 0.0451365 seconds
Number of updated asset objects reloaded before import = 0Number of asset objects unloaded after import = 26

========================================================================
Received Import Request.
  Time since last request: 0.000027 seconds.
  path: Assets/POLYGON - FPS free/weapons raw/equipment_mats/red_dot_b/red_dot_b.mat
  artifactKey: Guid(c1567a2500c382e44b3630fcb2bba6ed) Importer(2089858483,b0f066a214c2f5e87bad3c948f4d605d)
Start importing Assets/POLYGON - FPS free/weapons raw/equipment_mats/red_dot_b/red_dot_b.mat using Guid(c1567a2500c382e44b3630fcb2bba6ed) Importer(2089858483,b0f066a214c2f5e87bad3c948f4d605d) (ScriptedImporter) -> (artifact id: 'c685c87148e7c051261ba2b9e8199f15') in 0.0209295 seconds
Number of updated asset objects reloaded before import = 0Number of asset objects unloaded after import = 3

Editor requested this worker to shutdown with reason: Scaling down because of idle timeout
AssetImportWorker is now disconnected from the server
Process exiting
Exiting without the bug reporter. Application will terminate with return code 0