[Licensing::Module] Trying to connect to existing licensing client channel...
Built from '6000.3/staging' branch; Version is '6000.3.4f1 (fdd3b8998ec4) revision 16634808'; Using compiler version '194234433'; Build Type 'Release'
OS: 'Windows 11  (10.0.26200) Professional' Language: 'ru' Physical Memory: 16236 MB
BatchMode: 1, IsHumanControllingUs: 0, StartBugReporterOnCrash: 0, Is64bit: 1
System  architecture: x64
Process architecture: x64
[Licensing::IpcConnector] Successfully connected to: "LicenseClient-03051" at "2026-02-02T15:08:43.964458Z"
Date: 2026-02-02T15:08:43Z

COMMAND LINE ARGUMENTS:
E:\unity\6000.3.4f1\Editor\Unity.exe
-adb2
-batchMode
-noUpm
-name
AssetImportWorker5
-projectPath
E:/Unity Project/tap tap dashGD511/tap tap dash GD511
-logFile
Logs/AssetImportWorker5.log
-srvPort
62307
-licensingIpc
LicenseClient-03051
-job-worker-count
11
-background-job-worker-count
8
-gc-helper-count
1
-name
AssetImport
Successfully changed project path to: E:/Unity Project/tap tap dashGD511/tap tap dash GD511
E:/Unity Project/tap tap dashGD511/tap tap dash GD511
[UnityMemory] Configuration Parameters - Can be set up in boot.config
    "memorysetup-temp-allocator-size-nav-mesh-worker=65536"
    "memorysetup-temp-allocator-size-audio-worker=65536"
    "memorysetup-temp-allocator-size-gfx=262144"
    "memorysetup-allocator-temp-initial-block-size-main=262144"
    "memorysetup-allocator-temp-initial-block-size-worker=262144"
    "memorysetup-temp-allocator-size-background-worker=32768"
    "memorysetup-temp-allocator-size-job-worker=262144"
    "memorysetup-temp-allocator-size-preload-manager=33554432"
    "memorysetup-temp-allocator-size-gi-baking-worker=262144"
    "memorysetup-temp-allocator-size-gi-baking-worker=262144"
    "memorysetup-temp-allocator-size-gi-baking-worker=262144"
    "memorysetup-temp-allocator-size-gi-baking-worker=262144"
    "memorysetup-temp-allocator-size-gi-baking-worker=262144"
    "memorysetup-bucket-allocator-granularity=16"
    "memorysetup-bucket-allocator-bucket-count=8"
    "memorysetup-bucket-allocator-block-size=33554432"
    "memorysetup-bucket-allocator-block-count=8"
    "memorysetup-main-allocator-block-size=16777216"
    "memorysetup-thread-allocator-block-size=16777216"
    "memorysetup-gfx-main-allocator-block-size=16777216"
    "memorysetup-gfx-thread-allocator-block-size=16777216"
    "memorysetup-cache-allocator-block-size=4194304"
    "memorysetup-typetree-allocator-block-size=2097152"
    "memorysetup-profiler-bucket-allocator-granularity=16"
    "memorysetup-profiler-bucket-allocator-bucket-count=8"
    "memorysetup-profiler-bucket-allocator-block-size=33554432"
    "memorysetup-profiler-bucket-allocator-block-count=8"
    "memorysetup-profiler-allocator-block-size=16777216"
    "memorysetup-profiler-editor-allocator-block-size=1048576"
    "memorysetup-temp-allocator-size-main=16777216"
    "memorysetup-job-temp-allocator-block-size=2097152"
    "memorysetup-job-temp-allocator-block-size-background=1048576"
    "memorysetup-job-temp-allocator-reduction-small-platforms=262144"
    "memorysetup-temp-allocator-size-cloud-worker=32768"
Player connection [34208]  Target information:

Player connection [34208]  * "[IP] 192.168.0.100 [Port] 0 [Flags] 2 [Guid] 3960830183 [EditorId] 3960830183 [Version] 1048832 [Id] WindowsEditor(7,AndrewPC) [Debug] 1 [PackageName] WindowsEditor [ProjectName] Editor" 

Player connection [34208]  * "[IP] 10.0.85.2 [Port] 0 [Flags] 2 [Guid] 3960830183 [EditorId] 3960830183 [Version] 1048832 [Id] WindowsEditor(7,AndrewPC) [Debug] 1 [PackageName] WindowsEditor [ProjectName] Editor" 

Player connection [34208]  * "[IP] 192.168.56.1 [Port] 0 [Flags] 2 [Guid] 3960830183 [EditorId] 3960830183 [Version] 1048832 [Id] WindowsEditor(7,AndrewPC) [Debug] 1 [PackageName] WindowsEditor [ProjectName] Editor" 

Player connection [34208] Host joined multi-casting on [225.0.0.222:54997]...
Player connection [34208] Host joined alternative multi-casting on [225.0.0.222:34997]...
JobSystem: Creating JobQueue using job-worker-count value 11
Input System module state changed to: Initialized.
[Physics::Module] Initialized fallback backend.
[Physics::Module] Id: 0xdecafbad
Library Redirect Path: Library/
[Physics::Module] Selected backend.
[Physics::Module] Name: PhysX
[Physics::Module] Id: 0xf2b8ea05
[Physics::Module] SDK Version: 4.1.2
[Physics::Module] Integration Version: 1.0.0
[Physics::Module] Threading Mode: Multi-Threaded
Refreshing native plugins compatible for Editor in 16.25 ms, found 3 plugins.
Preloading 0 native plugins for Editor in 0.00 ms.
Initialize engine version: 6000.3.4f1 (fdd3b8998ec4)
[Subsystems] Discovering subsystems at path E:/unity/6000.3.4f1/Editor/Data/Resources/UnitySubsystems
[Subsystems] Discovering subsystems at path E:/Unity Project/tap tap dashGD511/tap tap dash GD511/Assets
GfxDevice: creating device client; kGfxThreadingModeNonThreaded
Direct3D:
    Version:  Direct3D 11.0 [level 11.1]
    Renderer: AMD Radeon RX 580 2048SP (ID=0x6fdf)
    Vendor:   ATI
    VRAM:     8170 MB
    Driver:   31.0.12027.9001
Initialize mono
Mono path[0] = 'E:/unity/6000.3.4f1/Editor/Data/Managed'
Mono path[1] = 'E:/unity/6000.3.4f1/Editor/Data/MonoBleedingEdge/lib/mono/unityjit-win32'
Mono config path = 'E:/unity/6000.3.4f1/Editor/Data/MonoBleedingEdge/etc'
Using monoOptions --debugger-agent=transport=dt_socket,embedding=1,server=y,suspend=n,address=127.0.0.1:56236
Begin MonoManager ReloadAssembly
Registering precompiled unity dll's ...
Register platform support module: E:/unity/6000.3.4f1/Editor/Data/PlaybackEngines/WebGLSupport/UnityEditor.WebGL.Extensions.dll
Register platform support module: E:/unity/6000.3.4f1/Editor/Data/PlaybackEngines/WindowsStandaloneSupport/UnityEditor.WindowsStandalone.Extensions.dll
Registered in 0.003713 seconds.
- Loaded All Assemblies, in  1.303 seconds
Native extension for WindowsStandalone target not found
Native extension for WebGL target not found
ScheduleIndexationOnStartup MainProcess:False IndexOnStartup:True
Mono: successfully reloaded assembly
- Finished resetting the current domain, in  1.164 seconds
Domain Reload Profiling: 2467ms
	BeginReloadAssembly (462ms)
		ExecutionOrderSort (0ms)
		DisableScriptedObjects (0ms)
		BackupInstance (0ms)
		ReleaseScriptingObjects (0ms)
		CreateAndSetChildDomain (2ms)
	RebuildCommonClasses (105ms)
	RebuildNativeTypeToScriptingClass (41ms)
	initialDomainReloadingComplete (146ms)
	LoadAllAssembliesAndSetupDomain (547ms)
		LoadAssemblies (460ms)
		RebuildTransferFunctionScriptingTraits (0ms)
		AnalyzeDomain (539ms)
			TypeCache.Refresh (534ms)
				TypeCache.ScanAssembly (492ms)
			BuildScriptInfoCaches (0ms)
			ResolveRequiredComponents (1ms)
	FinalizeReload (1165ms)
		ReleaseScriptCaches (0ms)
		RebuildScriptCaches (0ms)
		SetupLoadedEditorAssemblies (1034ms)
			LogAssemblyErrors (0ms)
			InitializePlatformSupportModulesInManaged (122ms)
			SetLoadedEditorAssemblies (9ms)
			BeforeProcessingInitializeOnLoad (252ms)
			ProcessInitializeOnLoadAttributes (441ms)
			ProcessInitializeOnLoadMethodAttributes (211ms)
			AfterProcessingInitializeOnLoad (0ms)
			EditorAssembliesLoaded (0ms)
		ExecutionOrderSort2 (0ms)
		AwakeInstancesAfterBackupRestoration (0ms)
[Licensing::Client] Handshaking with LicensingClient:
  Version:                 1.17.4+4293ba1
  Session Id:              b2d4510f0c774b78bc692d1c8b18be37
  Correlation Id:          7c8eaf41241a1288635266aec62ec46d
  External correlation Id: 1429598367653345950
  Machine Id:              fl+u5cdejddwypgSW6GhqK0MRfU=
[Licensing::Module] Successfully connected to LicensingClient on channel: "LicenseClient-03051" (connect: 0.00s, validation: 0.00s, handshake: 3.89s)
[Licensing::IpcConnector] Successfully connected to: "LicenseClient-03051-notifications" at "2026-02-02T15:08:47.8556664Z"
[Licensing::Module] Licensing Background thread has ended after 3.89s
========================================================================
Worker process is ready to serve import requests
Import Worker Mode flag is 0x00
Begin MonoManager ReloadAssembly
[Licensing::Client] Successfully resolved entitlement details
[Licensing::Module] License group:
  Id: 10171059585381-UnityPersXXXX
  Product: Unity Personal
  Type: Assigned
  Expiration: Unlimited
- Loaded All Assemblies, in  2.307 seconds
Refreshing native plugins compatible for Editor in 1.73 ms, found 3 plugins.
Native extension for WindowsStandalone target not found
Native extension for WebGL target not found
Package Manager log level set to [2]
[Package Manager] Failed to launch server process. Reason: Unity was launched with the -noUpm command-line argument
[Package Manager] Unable to send message (not connected to server process).
[Package Manager] Cannot connect to Unity Package Manager local server
ScheduleIndexationOnStartup MainProcess:False IndexOnStartup:True
Mono: successfully reloaded assembly
- Finished resetting the current domain, in  1.733 seconds
Domain Reload Profiling: 4041ms
	BeginReloadAssembly (426ms)
		ExecutionOrderSort (0ms)
		DisableScriptedObjects (16ms)
		BackupInstance (0ms)
		ReleaseScriptingObjects (0ms)
		CreateAndSetChildDomain (107ms)
	RebuildCommonClasses (102ms)
	RebuildNativeTypeToScriptingClass (27ms)
	initialDomainReloadingComplete (73ms)
	LoadAllAssembliesAndSetupDomain (1678ms)
		LoadAssemblies (1198ms)
		RebuildTransferFunctionScriptingTraits (0ms)
		AnalyzeDomain (692ms)
			TypeCache.Refresh (523ms)
				TypeCache.ScanAssembly (480ms)
			BuildScriptInfoCaches (125ms)
			ResolveRequiredComponents (32ms)
	FinalizeReload (1734ms)
		ReleaseScriptCaches (0ms)
		RebuildScriptCaches (0ms)
		SetupLoadedEditorAssemblies (1400ms)
			LogAssemblyErrors (0ms)
			InitializePlatformSupportModulesInManaged (6ms)
			SetLoadedEditorAssemblies (13ms)
			BeforeProcessingInitializeOnLoad (442ms)
			ProcessInitializeOnLoadAttributes (783ms)
			ProcessInitializeOnLoadMethodAttributes (142ms)
			AfterProcessingInitializeOnLoad (13ms)
			EditorAssembliesLoaded (1ms)
		ExecutionOrderSort2 (0ms)
		AwakeInstancesAfterBackupRestoration (16ms)
WARNING: Shader Unsupported: 'Hidden/Universal Render Pipeline/Terrain/Lit (Base Pass)' - All subshaders removed
WARNING: Shader Did you use #pragma only_renderers and omit this platform?
WARNING: Shader If subshaders removal was intentional, you may have forgotten turning Fallback off?
WARNING: Shader Unsupported: 'Hidden/Universal Render Pipeline/Terrain/Lit (Base Pass)' - All subshaders removed
WARNING: Shader Did you use #pragma only_renderers and omit this platform?
WARNING: Shader If subshaders removal was intentional, you may have forgotten turning Fallback off?
WARNING: Shader Unsupported: 'Universal Render Pipeline/Terrain/Lit' - All subshaders removed
WARNING: Shader Did you use #pragma only_renderers and omit this platform?
WARNING: Shader If subshaders removal was intentional, you may have forgotten turning Fallback off?
WARNING: Shader Unsupported: 'Universal Render Pipeline/Terrain/Lit' - All subshaders removed
WARNING: Shader Did you use #pragma only_renderers and omit this platform?
WARNING: Shader If subshaders removal was intentional, you may have forgotten turning Fallback off?
Launched and connected shader compiler UnityShaderCompiler.exe after 0.04 seconds
Refreshing native plugins compatible for Editor in 1.30 ms, found 3 plugins.
Preloading 0 native plugins for Editor in 0.00 ms.
Unloading 45 Unused Serialized files (Serialized files now loaded: 0)
Unloading 6271 unused Assets / (6.8 MB). Loaded Objects now: 6907.
Memory consumption went from 144.3 MB to 137.5 MB.
Total: 29.270200 ms (FindLiveObjects: 3.146800 ms CreateObjectMapping: 2.367200 ms MarkObjects: 13.824000 ms  DeleteObjects: 9.930100 ms)

========================================================================
Received Import Request.
  Time since last request: 45426.628096 seconds.
  path: Assets/POLYGON - FPS free/weapons raw/aim_point
  artifactKey: Guid(d3b1683f66fa89c4a8cd47a7e1ec5202) Importer(2089858483,b0f066a214c2f5e87bad3c948f4d605d)
Start importing Assets/POLYGON - FPS free/weapons raw/aim_point using Guid(d3b1683f66fa89c4a8cd47a7e1ec5202) Importer(2089858483,b0f066a214c2f5e87bad3c948f4d605d) (ScriptedImporter) -> (artifact id: '3aae16429e342266a5c220b4b81aef81') in 0.0988762 seconds
Number of updated asset objects reloaded before import = 0Number of asset objects unloaded after import = 1

========================================================================
Received Import Request.
  Time since last request: 0.000031 seconds.
  path: Assets/POLYGON - FPS free/scripts/to_parent_connect.cs
  artifactKey: Guid(162e70ffa5e559047ba3bb49891a59c5) Importer(2089858483,b0f066a214c2f5e87bad3c948f4d605d)
Start importing Assets/POLYGON - FPS free/scripts/to_parent_connect.cs using Guid(162e70ffa5e559047ba3bb49891a59c5) Importer(2089858483,b0f066a214c2f5e87bad3c948f4d605d) (ScriptedImporter) -> (artifact id: 'c969a053e724f40734a5452217681c64') in 0.1082843 seconds
Number of updated asset objects reloaded before import = 0Number of asset objects unloaded after import = 0

========================================================================
Received Import Request.
  Time since last request: 0.000196 seconds.
  path: Assets/POLYGON - FPS free/weapons raw/equipment_mats/Dot_red.mat
  artifactKey: Guid(f825b589726b2884aab7ef41c5257991) Importer(2089858483,b0f066a214c2f5e87bad3c948f4d605d)
Start importing Assets/POLYGON - FPS free/weapons raw/equipment_mats/Dot_red.mat using Guid(f825b589726b2884aab7ef41c5257991) Importer(2089858483,b0f066a214c2f5e87bad3c948f4d605d) (ScriptedImporter) -> (artifact id: 'ab1e59f39a29a3ec010a32be8009b034') in 0.0590208 seconds
Number of updated asset objects reloaded before import = 0Number of asset objects unloaded after import = 1

========================================================================
Received Import Request.
  Time since last request: 0.000160 seconds.
  path: Assets/POLYGON - FPS free/map/fbx/texture9.mat
  artifactKey: Guid(1ef28a03b90f37d45b98390c209949bc) Importer(2089858483,b0f066a214c2f5e87bad3c948f4d605d)
Start importing Assets/POLYGON - FPS free/map/fbx/texture9.mat using Guid(1ef28a03b90f37d45b98390c209949bc) Importer(2089858483,b0f066a214c2f5e87bad3c948f4d605d) (ScriptedImporter) -> (artifact id: 'e45bd3709579ca4a2b91b7a128559192') in 0.0295755 seconds
Number of updated asset objects reloaded before import = 0Number of asset objects unloaded after import = 2

========================================================================
Received Import Request.
  Time since last request: 0.000026 seconds.
  path: Assets/POLYGON - FPS free/weapon icon/shotgun3.PNG
  artifactKey: Guid(46d0f367893425444b488bd59fcc874f) Importer(2089858483,b0f066a214c2f5e87bad3c948f4d605d)
Start importing Assets/POLYGON - FPS free/weapon icon/shotgun3.PNG using Guid(46d0f367893425444b488bd59fcc874f) Importer(2089858483,b0f066a214c2f5e87bad3c948f4d605d) (ScriptedImporter) -> (artifact id: 'e23a7e5a1aee0c6b987f6c1ef6e5fcd6') in 0.1380611 seconds
Number of updated asset objects reloaded before import = 0Number of asset objects unloaded after import = 3

========================================================================
Received Import Request.
  Time since last request: 0.000035 seconds.
  path: Assets/POLYGON - FPS free/Prefabs/props/prop_sounds
  artifactKey: Guid(26058aacddf02eb4eac274888d1fe390) Importer(2089858483,b0f066a214c2f5e87bad3c948f4d605d)
Start importing Assets/POLYGON - FPS free/Prefabs/props/prop_sounds using Guid(26058aacddf02eb4eac274888d1fe390) Importer(2089858483,b0f066a214c2f5e87bad3c948f4d605d) (ScriptedImporter) -> (artifact id: '9e956c6cf50b7a34991e9024bff0f864') in 0.0168732 seconds
Number of updated asset objects reloaded before import = 0Number of asset objects unloaded after import = 1

========================================================================
Received Import Request.
  Time since last request: 0.000162 seconds.
  path: Assets/POLYGON - FPS free/weapons raw/equipment_mats/Scope_c/Materials/cam_5.mat
  artifactKey: Guid(add482bed562ce94dabc4af217793bbe) Importer(2089858483,b0f066a214c2f5e87bad3c948f4d605d)
Start importing Assets/POLYGON - FPS free/weapons raw/equipment_mats/Scope_c/Materials/cam_5.mat using Guid(add482bed562ce94dabc4af217793bbe) Importer(2089858483,b0f066a214c2f5e87bad3c948f4d605d) (ScriptedImporter) -> (artifact id: 'c256318b1fa3b84c1c5de373418cf75f') in 0.0266386 seconds
Number of updated asset objects reloaded before import = 0Number of asset objects unloaded after import = 2

========================================================================
Received Import Request.
  Time since last request: 0.000072 seconds.
  path: Assets/POLYGON - FPS free/weapons raw/equipment_mats/red_dot_e/Materials
  artifactKey: Guid(1a576abecb205894699d080b3ebcb707) Importer(2089858483,b0f066a214c2f5e87bad3c948f4d605d)
Start importing Assets/POLYGON - FPS free/weapons raw/equipment_mats/red_dot_e/Materials using Guid(1a576abecb205894699d080b3ebcb707) Importer(2089858483,b0f066a214c2f5e87bad3c948f4d605d) (ScriptedImporter) -> (artifact id: '9b98f11eb454819e4c81939e761c6069') in 0.0207267 seconds
Number of updated asset objects reloaded before import = 0Number of asset objects unloaded after import = 1

========================================================================
Received Import Request.
  Time since last request: 0.000131 seconds.
  path: Assets/POLYGON - FPS free/weapons raw/Assault57/Assault57.fbx
  artifactKey: Guid(f195a1c5c53e4f941ba323a19344c013) Importer(2089858483,b0f066a214c2f5e87bad3c948f4d605d)
Start importing Assets/POLYGON - FPS free/weapons raw/Assault57/Assault57.fbx using Guid(f195a1c5c53e4f941ba323a19344c013) Importer(2089858483,b0f066a214c2f5e87bad3c948f4d605d) (ScriptedImporter) -> (artifact id: '4b014780f14ddfd20b424a598189a018') in 0.1262142 seconds
Number of updated asset objects reloaded before import = 0Number of asset objects unloaded after import = 9

========================================================================
Received Import Request.
  Time since last request: 0.000043 seconds.
  path: Assets/POLYGON - FPS free/scripts/bunny_receive_dmg.cs
  artifactKey: Guid(78655649076725f4180c0e8f5b87c8fd) Importer(2089858483,b0f066a214c2f5e87bad3c948f4d605d)
Start importing Assets/POLYGON - FPS free/scripts/bunny_receive_dmg.cs using Guid(78655649076725f4180c0e8f5b87c8fd) Importer(2089858483,b0f066a214c2f5e87bad3c948f4d605d) (ScriptedImporter) -> (artifact id: 'a18f3fde1689655515186ae1be1615a0') in 0.0195928 seconds
Number of updated asset objects reloaded before import = 0Number of asset objects unloaded after import = 0

========================================================================
Received Import Request.
  Time since last request: 0.000178 seconds.
  path: Assets/POLYGON - FPS free/weapons raw/equipment_mats/red_dot_b/red_dot_b_emssion.png
  artifactKey: Guid(59fa5fc480e9ff44eb6ec14f952f7834) Importer(2089858483,b0f066a214c2f5e87bad3c948f4d605d)
Start importing Assets/POLYGON - FPS free/weapons raw/equipment_mats/red_dot_b/red_dot_b_emssion.png using Guid(59fa5fc480e9ff44eb6ec14f952f7834) Importer(2089858483,b0f066a214c2f5e87bad3c948f4d605d) (ScriptedImporter) -> (artifact id: '2267da50957e9127c1e663f9137fc85a') in 0.0332946 seconds
Number of updated asset objects reloaded before import = 0Number of asset objects unloaded after import = 1

========================================================================
Received Import Request.
  Time since last request: 0.000118 seconds.
  path: Assets/POLYGON - FPS free/weapon icon/clusterShotgun.PNG
  artifactKey: Guid(b3a7233de3a22834db28e524a917b9c4) Importer(2089858483,b0f066a214c2f5e87bad3c948f4d605d)
Start importing Assets/POLYGON - FPS free/weapon icon/clusterShotgun.PNG using Guid(b3a7233de3a22834db28e524a917b9c4) Importer(2089858483,b0f066a214c2f5e87bad3c948f4d605d) (ScriptedImporter) -> (artifact id: 'dbc5231b40f3fd252d17a85b93701883') in 0.0499256 seconds
Number of updated asset objects reloaded before import = 0Number of asset objects unloaded after import = 3

========================================================================
Received Import Request.
  Time since last request: 0.000032 seconds.
  path: Assets/POLYGON - FPS free/weapons raw/equipment_mats/Scope_a/Materials/cam_3.mat
  artifactKey: Guid(f81ad0c6f1f07eb44ba495abb965dc84) Importer(2089858483,b0f066a214c2f5e87bad3c948f4d605d)
Start importing Assets/POLYGON - FPS free/weapons raw/equipment_mats/Scope_a/Materials/cam_3.mat using Guid(f81ad0c6f1f07eb44ba495abb965dc84) Importer(2089858483,b0f066a214c2f5e87bad3c948f4d605d) (ScriptedImporter) -> (artifact id: '68959ee78fc3ec943dabb7a6e055a376') in 0.0243699 seconds
Number of updated asset objects reloaded before import = 0Number of asset objects unloaded after import = 2

========================================================================
Received Import Request.
  Time since last request: 0.000063 seconds.
  path: Assets/POLYGON - FPS free/polygon fps sounds/assault57/reload empty assault57.wav
  artifactKey: Guid(c60953862b92d8e4d96e7f4a04670036) Importer(2089858483,b0f066a214c2f5e87bad3c948f4d605d)
Start importing Assets/POLYGON - FPS free/polygon fps sounds/assault57/reload empty assault57.wav using Guid(c60953862b92d8e4d96e7f4a04670036) Importer(2089858483,b0f066a214c2f5e87bad3c948f4d605d) (ScriptedImporter) -> (artifact id: '017ef129ad8d3b5e35be4a8e76e32729') in 0.0961543 seconds
Number of updated asset objects reloaded before import = 0Number of asset objects unloaded after import = 1

========================================================================
Received Import Request.
  Time since last request: 0.000045 seconds.
  path: Assets/POLYGON - FPS free/map/particles/explosion/TexMat
  artifactKey: Guid(14fd81a75934f274b90f0a7798623271) Importer(2089858483,b0f066a214c2f5e87bad3c948f4d605d)
Start importing Assets/POLYGON - FPS free/map/particles/explosion/TexMat using Guid(14fd81a75934f274b90f0a7798623271) Importer(2089858483,b0f066a214c2f5e87bad3c948f4d605d) (ScriptedImporter) -> (artifact id: '488302790e7167dd21d09bf54b7a0ccc') in 0.0215982 seconds
Number of updated asset objects reloaded before import = 0Number of asset objects unloaded after import = 1

========================================================================
Received Import Request.
  Time since last request: 0.000176 seconds.
  path: Assets/POLYGON - FPS free/polygon fps sounds/legs/walk_side.wav
  artifactKey: Guid(6f4fdfc0c264e6243b1c5a402016ffc4) Importer(2089858483,b0f066a214c2f5e87bad3c948f4d605d)
Start importing Assets/POLYGON - FPS free/polygon fps sounds/legs/walk_side.wav using Guid(6f4fdfc0c264e6243b1c5a402016ffc4) Importer(2089858483,b0f066a214c2f5e87bad3c948f4d605d) (ScriptedImporter) -> (artifact id: 'ff33e7fe8f7da07b05823d5283cfea1e') in 0.10458 seconds
Number of updated asset objects reloaded before import = 0Number of asset objects unloaded after import = 1

========================================================================
Received Import Request.
  Time since last request: 0.000084 seconds.
  path: Assets/POLYGON - FPS free/Player_fps_files/animations/Polygon_FPS - Animation legs.fbx
  artifactKey: Guid(cba7d78222a8a02409210f51a07bc668) Importer(2089858483,b0f066a214c2f5e87bad3c948f4d605d)
Start importing Assets/POLYGON - FPS free/Player_fps_files/animations/Polygon_FPS - Animation legs.fbx using Guid(cba7d78222a8a02409210f51a07bc668) Importer(2089858483,b0f066a214c2f5e87bad3c948f4d605d) (ScriptedImporter) -> (artifact id: 'd788a579742936b6dfad13a4bbe2f44e') in 0.1084355 seconds
Number of updated asset objects reloaded before import = 0Number of asset objects unloaded after import = 199

========================================================================
Received Import Request.
  Time since last request: 0.000043 seconds.
  path: Assets/POLYGON - FPS free/weapons raw/equipment_mats/lamp_laser_a/lamp_laser_a.fbx
  artifactKey: Guid(e50939ef8fcad354788d6932d1f69692) Importer(2089858483,b0f066a214c2f5e87bad3c948f4d605d)
Start importing Assets/POLYGON - FPS free/weapons raw/equipment_mats/lamp_laser_a/lamp_laser_a.fbx using Guid(e50939ef8fcad354788d6932d1f69692) Importer(2089858483,b0f066a214c2f5e87bad3c948f4d605d) (ScriptedImporter) -> (artifact id: '6329599b2e1cc69855de3fe43d89ab1f') in 0.0382613 seconds
Number of updated asset objects reloaded before import = 0Number of asset objects unloaded after import = 8

========================================================================
Received Import Request.
  Time since last request: 0.000044 seconds.
  path: Assets/POLYGON - FPS free/weapons raw/equipment_mats/lamp_a
  artifactKey: Guid(9deb5ecf52329a7419f558a531634435) Importer(2089858483,b0f066a214c2f5e87bad3c948f4d605d)
Start importing Assets/POLYGON - FPS free/weapons raw/equipment_mats/lamp_a using Guid(9deb5ecf52329a7419f558a531634435) Importer(2089858483,b0f066a214c2f5e87bad3c948f4d605d) (ScriptedImporter) -> (artifact id: '5b63b26aa16b5e48ce14aab98296ddc7') in 0.0564208 seconds
Number of updated asset objects reloaded before import = 0Number of asset objects unloaded after import = 1

========================================================================
Received Import Request.
  Time since last request: 0.000245 seconds.
  path: Assets/POLYGON - FPS free/Prefabs/props/PlyBox_prefab.prefab
  artifactKey: Guid(43aa756b21984fc42b060a751373e24e) Importer(2089858483,b0f066a214c2f5e87bad3c948f4d605d)
Start importing Assets/POLYGON - FPS free/Prefabs/props/PlyBox_prefab.prefab using Guid(43aa756b21984fc42b060a751373e24e) Importer(2089858483,b0f066a214c2f5e87bad3c948f4d605d) (ScriptedImporter) -> (artifact id: '111173ceaf1947a121ee08a387c45494') in 0.0649355 seconds
Number of updated asset objects reloaded before import = 0Number of asset objects unloaded after import = 107

========================================================================
Received Import Request.
  Time since last request: 0.023437 seconds.
  path: Assets/POLYGON - FPS free/weapons raw/equipment_mats/suppressor_b/suppressor_b.png
  artifactKey: Guid(c12210a932e34694f86a5eba22c81eb9) Importer(2089858483,b0f066a214c2f5e87bad3c948f4d605d)
Start importing Assets/POLYGON - FPS free/weapons raw/equipment_mats/suppressor_b/suppressor_b.png using Guid(c12210a932e34694f86a5eba22c81eb9) Importer(2089858483,b0f066a214c2f5e87bad3c948f4d605d) (ScriptedImporter) -> (artifact id: 'd3509a0409b5996410d0505c13e9825a') in 0.027691 seconds
Number of updated asset objects reloaded before import = 0Number of asset objects unloaded after import = 1

========================================================================
Received Import Request.
  Time since last request: 0.000146 seconds.
  path: Assets/POLYGON - FPS free/weapons raw/equipment_mats/lamp_laser_b/lamp_laser_b_emission.png
  artifactKey: Guid(00a3fab9006f532439ee375137265cc7) Importer(2089858483,b0f066a214c2f5e87bad3c948f4d605d)
Start importing Assets/POLYGON - FPS free/weapons raw/equipment_mats/lamp_laser_b/lamp_laser_b_emission.png using Guid(00a3fab9006f532439ee375137265cc7) Importer(2089858483,b0f066a214c2f5e87bad3c948f4d605d) (ScriptedImporter) -> (artifact id: 'fb028adac11b9113289736723d956598') in 0.0263597 seconds
Number of updated asset objects reloaded before import = 0Number of asset objects unloaded after import = 1

========================================================================
Received Import Request.
  Time since last request: 0.000100 seconds.
  path: Assets/POLYGON - FPS free/weapons raw/equipment_mats/lamp_b
  artifactKey: Guid(d736c6e17c9b03f4aa87701d3423da27) Importer(2089858483,b0f066a214c2f5e87bad3c948f4d605d)
Start importing Assets/POLYGON - FPS free/weapons raw/equipment_mats/lamp_b using Guid(d736c6e17c9b03f4aa87701d3423da27) Importer(2089858483,b0f066a214c2f5e87bad3c948f4d605d) (ScriptedImporter) -> (artifact id: '6ca4de345a135ae934d00858f66c5362') in 0.0176759 seconds
Number of updated asset objects reloaded before import = 0Number of asset objects unloaded after import = 1

========================================================================
Received Import Request.
  Time since last request: 0.000083 seconds.
  path: Assets/POLYGON - FPS free/map/particles/TexMat/muzzle_flash2.mat
  artifactKey: Guid(96973c2b660ea404399483da4a6598a8) Importer(2089858483,b0f066a214c2f5e87bad3c948f4d605d)
Start importing Assets/POLYGON - FPS free/map/particles/TexMat/muzzle_flash2.mat using Guid(96973c2b660ea404399483da4a6598a8) Importer(2089858483,b0f066a214c2f5e87bad3c948f4d605d) (ScriptedImporter) -> (artifact id: '881d9657dccae816f6a8653cd90bcc79') in 0.0519753 seconds
Number of updated asset objects reloaded before import = 0Number of asset objects unloaded after import = 2

========================================================================
Received Import Request.
  Time since last request: 0.000026 seconds.
  path: Assets/POLYGON - FPS free/scripts/targets_for_bunny.cs
  artifactKey: Guid(b1bbce12b37b9d541b267ae5d2c9c9ca) Importer(2089858483,b0f066a214c2f5e87bad3c948f4d605d)
Start importing Assets/POLYGON - FPS free/scripts/targets_for_bunny.cs using Guid(b1bbce12b37b9d541b267ae5d2c9c9ca) Importer(2089858483,b0f066a214c2f5e87bad3c948f4d605d) (ScriptedImporter) -> (artifact id: 'bf5d23b1295136f838690ec2fe59e9c4') in 0.0182564 seconds
Number of updated asset objects reloaded before import = 0Number of asset objects unloaded after import = 0

========================================================================
Received Import Request.
  Time since last request: 0.000124 seconds.
  path: Assets/POLYGON - FPS free/map/fbx/texture5.png
  artifactKey: Guid(fe0e987bfbf7e3e4497e98e6b6dfdc17) Importer(2089858483,b0f066a214c2f5e87bad3c948f4d605d)
Start importing Assets/POLYGON - FPS free/map/fbx/texture5.png using Guid(fe0e987bfbf7e3e4497e98e6b6dfdc17) Importer(2089858483,b0f066a214c2f5e87bad3c948f4d605d) (ScriptedImporter) -> (artifact id: '2ac5f0323fca69ad8f4844fe991ff217') in 0.0294189 seconds
Number of updated asset objects reloaded before import = 0Number of asset objects unloaded after import = 3

========================================================================
Received Import Request.
  Time since last request: 0.000039 seconds.
  path: Assets/POLYGON - FPS free/weapons raw/Equipment_raw_prefab/suppressor_a_prefab.prefab
  artifactKey: Guid(1e59df50807b0a74c82484ec2e9809fd) Importer(2089858483,b0f066a214c2f5e87bad3c948f4d605d)
Start importing Assets/POLYGON - FPS free/weapons raw/Equipment_raw_prefab/suppressor_a_prefab.prefab using Guid(1e59df50807b0a74c82484ec2e9809fd) Importer(2089858483,b0f066a214c2f5e87bad3c948f4d605d) (ScriptedImporter) -> (artifact id: '87a31e869b917f4050a47e3db393d55b') in 0.0530593 seconds
Number of updated asset objects reloaded before import = 0Number of asset objects unloaded after import = 9

========================================================================
Received Import Request.
  Time since last request: 0.000048 seconds.
  path: Assets/POLYGON - FPS free/weapon icon/weapon icon lighting/knife.PNG
  artifactKey: Guid(e0d53dd7ae1d1d44ab3ed0faa61d7f61) Importer(2089858483,b0f066a214c2f5e87bad3c948f4d605d)
Start importing Assets/POLYGON - FPS free/weapon icon/weapon icon lighting/knife.PNG using Guid(e0d53dd7ae1d1d44ab3ed0faa61d7f61) Importer(2089858483,b0f066a214c2f5e87bad3c948f4d605d) (ScriptedImporter) -> (artifact id: '14ad70a8cf4aac8e4be6815fbe2786de') in 0.0473808 seconds
Number of updated asset objects reloaded before import = 0Number of asset objects unloaded after import = 3

========================================================================
Received Import Request.
  Time since last request: 0.000024 seconds.
  path: Assets/POLYGON - FPS free/polygon fps sounds/axe/axe_swing.wav
  artifactKey: Guid(60a5d21ee18b20449b6858c5f81adc8e) Importer(2089858483,b0f066a214c2f5e87bad3c948f4d605d)
Start importing Assets/POLYGON - FPS free/polygon fps sounds/axe/axe_swing.wav using Guid(60a5d21ee18b20449b6858c5f81adc8e) Importer(2089858483,b0f066a214c2f5e87bad3c948f4d605d) (ScriptedImporter) -> (artifact id: '0bc5947ec8cd4c0771b4030fd0d982dc') in 0.0751219 seconds
Number of updated asset objects reloaded before import = 0Number of asset objects unloaded after import = 1

========================================================================
Received Import Request.
  Time since last request: 0.000057 seconds.
  path: Assets/POLYGON - FPS free/weapons raw/equipment_mats/Scope_c/Scope_c.png
  artifactKey: Guid(e7fdce1fbc60f054680e22f8a290721f) Importer(2089858483,b0f066a214c2f5e87bad3c948f4d605d)
Start importing Assets/POLYGON - FPS free/weapons raw/equipment_mats/Scope_c/Scope_c.png using Guid(e7fdce1fbc60f054680e22f8a290721f) Importer(2089858483,b0f066a214c2f5e87bad3c948f4d605d) (ScriptedImporter) -> (artifact id: 'd1e79f48d3b1114f3d1dd1ed5b4ff951') in 0.0236256 seconds
Number of updated asset objects reloaded before import = 0Number of asset objects unloaded after import = 1

========================================================================
Received Import Request.
  Time since last request: 0.000131 seconds.
  path: Assets/POLYGON - FPS free/map/fbx/texture7.png
  artifactKey: Guid(70d245b03c7e7564cbc255e4bdb8a962) Importer(2089858483,b0f066a214c2f5e87bad3c948f4d605d)
Start importing Assets/POLYGON - FPS free/map/fbx/texture7.png using Guid(70d245b03c7e7564cbc255e4bdb8a962) Importer(2089858483,b0f066a214c2f5e87bad3c948f4d605d) (ScriptedImporter) -> (artifact id: '1166be4ae4a5d4a5c223517821bad078') in 0.0793491 seconds
Number of updated asset objects reloaded before import = 0Number of asset objects unloaded after import = 3

========================================================================
Received Import Request.
  Time since last request: 0.000029 seconds.
  path: Assets/POLYGON - FPS free/Prefabs/props/TexMat/petrol.mat
  artifactKey: Guid(a74b8192710420c468b50336e3e64359) Importer(2089858483,b0f066a214c2f5e87bad3c948f4d605d)
Start importing Assets/POLYGON - FPS free/Prefabs/props/TexMat/petrol.mat using Guid(a74b8192710420c468b50336e3e64359) Importer(2089858483,b0f066a214c2f5e87bad3c948f4d605d) (ScriptedImporter) -> (artifact id: '08b47d9d52477a32fd8a443953c46d7a') in 0.0210342 seconds
Number of updated asset objects reloaded before import = 0Number of asset objects unloaded after import = 2

========================================================================
Received Import Request.
  Time since last request: 0.000052 seconds.
  path: Assets/POLYGON - FPS free/weapons raw/equipment_mats/red_dot_a/red_dot_a.fbx
  artifactKey: Guid(9898cee6dd75e344da4af65fdd97b18f) Importer(2089858483,b0f066a214c2f5e87bad3c948f4d605d)
Start importing Assets/POLYGON - FPS free/weapons raw/equipment_mats/red_dot_a/red_dot_a.fbx using Guid(9898cee6dd75e344da4af65fdd97b18f) Importer(2089858483,b0f066a214c2f5e87bad3c948f4d605d) (ScriptedImporter) -> (artifact id: '3a4d7a657753f3bdeda18e5ff34d7898') in 0.0429681 seconds
Number of updated asset objects reloaded before import = 0Number of asset objects unloaded after import = 18

========================================================================
Received Import Request.
  Time since last request: 0.000041 seconds.
  path: Assets/POLYGON - FPS free/map/skybox/Skybox.mat
  artifactKey: Guid(70d29ee1db5e5514dbf23cad11cfc90f) Importer(2089858483,b0f066a214c2f5e87bad3c948f4d605d)
Start importing Assets/POLYGON - FPS free/map/skybox/Skybox.mat using Guid(70d29ee1db5e5514dbf23cad11cfc90f) Importer(2089858483,b0f066a214c2f5e87bad3c948f4d605d) (ScriptedImporter) -> (artifact id: '12d4e0fa7009165cc3c7c31eb648b67a') in 0.0411692 seconds
Number of updated asset objects reloaded before import = 0Number of asset objects unloaded after import = 2

========================================================================
Received Import Request.
  Time since last request: 0.000026 seconds.
  path: Assets/POLYGON - FPS free/scripts
  artifactKey: Guid(1a6753566bb54514cbebb39251be5ee9) Importer(2089858483,b0f066a214c2f5e87bad3c948f4d605d)
Start importing Assets/POLYGON - FPS free/scripts using Guid(1a6753566bb54514cbebb39251be5ee9) Importer(2089858483,b0f066a214c2f5e87bad3c948f4d605d) (ScriptedImporter) -> (artifact id: 'e32a5655d16e2bbcd0f46dc16cf10d16') in 0.0205486 seconds
Number of updated asset objects reloaded before import = 0Number of asset objects unloaded after import = 1

========================================================================
Received Import Request.
  Time since last request: 0.000157 seconds.
  path: Assets/POLYGON - FPS free/Prefabs/props/TexMat/lever.png
  artifactKey: Guid(da38e203c1abc0c46b40dbeed46e40c1) Importer(2089858483,b0f066a214c2f5e87bad3c948f4d605d)
Start importing Assets/POLYGON - FPS free/Prefabs/props/TexMat/lever.png using Guid(da38e203c1abc0c46b40dbeed46e40c1) Importer(2089858483,b0f066a214c2f5e87bad3c948f4d605d) (ScriptedImporter) -> (artifact id: '20f29a4f0f4f8f769b1861034940bb35') in 0.0274847 seconds
Number of updated asset objects reloaded before import = 0Number of asset objects unloaded after import = 1

========================================================================
Received Import Request.
  Time since last request: 0.000111 seconds.
  path: Assets/POLYGON - FPS free/map/skybox/Materials/skyboxTex.mat
  artifactKey: Guid(bad89c18663c104468fd11f7decc18a4) Importer(2089858483,b0f066a214c2f5e87bad3c948f4d605d)
Start importing Assets/POLYGON - FPS free/map/skybox/Materials/skyboxTex.mat using Guid(bad89c18663c104468fd11f7decc18a4) Importer(2089858483,b0f066a214c2f5e87bad3c948f4d605d) (ScriptedImporter) -> (artifact id: '3e3d012673abf90ed02504a928b19ba2') in 0.0224836 seconds
Number of updated asset objects reloaded before import = 0Number of asset objects unloaded after import = 2

========================================================================
Received Import Request.
  Time since last request: 0.000029 seconds.
  path: Assets/POLYGON - FPS free/weapons raw/bullet_shells_fbxTexMat/9mm.fbx
  artifactKey: Guid(3ac20c35b3215974e8c345074c60980e) Importer(2089858483,b0f066a214c2f5e87bad3c948f4d605d)
Start importing Assets/POLYGON - FPS free/weapons raw/bullet_shells_fbxTexMat/9mm.fbx using Guid(3ac20c35b3215974e8c345074c60980e) Importer(2089858483,b0f066a214c2f5e87bad3c948f4d605d) (ScriptedImporter) -> (artifact id: '8e8a4f0fd32bd066691d0b1dc53b45d4') in 0.0605335 seconds
Number of updated asset objects reloaded before import = 0Number of asset objects unloaded after import = 9

========================================================================
Received Import Request.
  Time since last request: 0.000069 seconds.
  path: Assets/POLYGON - FPS free/scripts/muzzle_flash.cs
  artifactKey: Guid(1c8ba2a9ce50fc146b6067af66cc2eaa) Importer(2089858483,b0f066a214c2f5e87bad3c948f4d605d)
Start importing Assets/POLYGON - FPS free/scripts/muzzle_flash.cs using Guid(1c8ba2a9ce50fc146b6067af66cc2eaa) Importer(2089858483,b0f066a214c2f5e87bad3c948f4d605d) (ScriptedImporter) -> (artifact id: 'c74d65c3dce57e3d89a7d164bb7ff4fe') in 0.0231283 seconds
Number of updated asset objects reloaded before import = 0Number of asset objects unloaded after import = 0

========================================================================
Received Import Request.
  Time since last request: 0.000238 seconds.
  path: Assets/POLYGON - FPS free/weapons raw/equipment_mats/suppressor_d/suppressor_d.png
  artifactKey: Guid(ea2074970a0102a43a8b0752ffd0b33d) Importer(2089858483,b0f066a214c2f5e87bad3c948f4d605d)
Start importing Assets/POLYGON - FPS free/weapons raw/equipment_mats/suppressor_d/suppressor_d.png using Guid(ea2074970a0102a43a8b0752ffd0b33d) Importer(2089858483,b0f066a214c2f5e87bad3c948f4d605d) (ScriptedImporter) -> (artifact id: '6e1181455680745488d6e1bbdf24bd9c') in 0.0248987 seconds
Number of updated asset objects reloaded before import = 0Number of asset objects unloaded after import = 1

========================================================================
Received Import Request.
  Time since last request: 0.000114 seconds.
  path: Assets/POLYGON - FPS free/polygon fps sounds/old_pistol
  artifactKey: Guid(3f773b97a19d1234c9aebe46e6b59767) Importer(2089858483,b0f066a214c2f5e87bad3c948f4d605d)
Start importing Assets/POLYGON - FPS free/polygon fps sounds/old_pistol using Guid(3f773b97a19d1234c9aebe46e6b59767) Importer(2089858483,b0f066a214c2f5e87bad3c948f4d605d) (ScriptedImporter) -> (artifact id: '6a565981b2430e2accca13ea4cff471f') in 0.0167391 seconds
Number of updated asset objects reloaded before import = 0Number of asset objects unloaded after import = 1

========================================================================
Received Import Request.
  Time since last request: 0.000115 seconds.
  path: Assets/POLYGON - FPS free/weapons raw/equipment_mats/glass 1.mat
  artifactKey: Guid(2465f69206fc3dd47af31fe837918ed5) Importer(2089858483,b0f066a214c2f5e87bad3c948f4d605d)
Start importing Assets/POLYGON - FPS free/weapons raw/equipment_mats/glass 1.mat using Guid(2465f69206fc3dd47af31fe837918ed5) Importer(2089858483,b0f066a214c2f5e87bad3c948f4d605d) (ScriptedImporter) -> (artifact id: '819fc3516729338a9fc284315cf9fdf8') in 0.0197474 seconds
Number of updated asset objects reloaded before import = 0Number of asset objects unloaded after import = 1

========================================================================
Received Import Request.
  Time since last request: 0.000104 seconds.
  path: Assets/POLYGON - FPS free/weapons raw/equipment_mats/lamp_laser_a/lamp_laser_a.mat
  artifactKey: Guid(227a8215572f50e409da22fe1d3158ae) Importer(2089858483,b0f066a214c2f5e87bad3c948f4d605d)
Start importing Assets/POLYGON - FPS free/weapons raw/equipment_mats/lamp_laser_a/lamp_laser_a.mat using Guid(227a8215572f50e409da22fe1d3158ae) Importer(2089858483,b0f066a214c2f5e87bad3c948f4d605d) (ScriptedImporter) -> (artifact id: '1831ce3e04962228f44e5459cb18b558') in 0.0235285 seconds
Number of updated asset objects reloaded before import = 0Number of asset objects unloaded after import = 2

========================================================================
Received Import Request.
  Time since last request: 0.000023 seconds.
  path: Assets/POLYGON - FPS free/scripts/killer_bunny.cs
  artifactKey: Guid(5584e164dbdfc0d43863b19be2b90f86) Importer(2089858483,b0f066a214c2f5e87bad3c948f4d605d)
Start importing Assets/POLYGON - FPS free/scripts/killer_bunny.cs using Guid(5584e164dbdfc0d43863b19be2b90f86) Importer(2089858483,b0f066a214c2f5e87bad3c948f4d605d) (ScriptedImporter) -> (artifact id: 'e13685f33f815bf772bd3dc88994c1cc') in 0.042825 seconds
Number of updated asset objects reloaded before import = 0Number of asset objects unloaded after import = 0

========================================================================
Received Import Request.
  Time since last request: 0.000226 seconds.
  path: Assets/POLYGON - FPS free/weapons raw/equipment_mats/laser_b/laser_b_emission.png
  artifactKey: Guid(6d0531f3f78600c4592a088fe75eea8a) Importer(2089858483,b0f066a214c2f5e87bad3c948f4d605d)
Start importing Assets/POLYGON - FPS free/weapons raw/equipment_mats/laser_b/laser_b_emission.png using Guid(6d0531f3f78600c4592a088fe75eea8a) Importer(2089858483,b0f066a214c2f5e87bad3c948f4d605d) (ScriptedImporter) -> (artifact id: 'f6a9fd33e9709e34439f2ad198ec12da') in 0.035823 seconds
Number of updated asset objects reloaded before import = 0Number of asset objects unloaded after import = 1

========================================================================
Received Import Request.
  Time since last request: 0.011108 seconds.
  path: Assets/POLYGON - FPS free/polygon fps sounds/hit sounds/hit dirt.wav
  artifactKey: Guid(dc6335ad80948944c8982f4372407f1e) Importer(2089858483,b0f066a214c2f5e87bad3c948f4d605d)
Start importing Assets/POLYGON - FPS free/polygon fps sounds/hit sounds/hit dirt.wav using Guid(dc6335ad80948944c8982f4372407f1e) Importer(2089858483,b0f066a214c2f5e87bad3c948f4d605d) (ScriptedImporter) -> (artifact id: '60754d055c9fbb9c3a5e263e56b7ca94') in 0.1111519 seconds
Number of updated asset objects reloaded before import = 0Number of asset objects unloaded after import = 1

========================================================================
Received Import Request.
  Time since last request: 0.000065 seconds.
  path: Assets/POLYGON - FPS free/weapons raw/old_pistol
  artifactKey: Guid(9eccdc87b331f3e4fb83a72b1d376ab1) Importer(2089858483,b0f066a214c2f5e87bad3c948f4d605d)
Start importing Assets/POLYGON - FPS free/weapons raw/old_pistol using Guid(9eccdc87b331f3e4fb83a72b1d376ab1) Importer(2089858483,b0f066a214c2f5e87bad3c948f4d605d) (ScriptedImporter) -> (artifact id: '3a7808d8b7e8707981ee9468cb6e5a67') in 0.0186238 seconds
Number of updated asset objects reloaded before import = 0Number of asset objects unloaded after import = 1

========================================================================
Received Import Request.
  Time since last request: 0.000070 seconds.
  path: Assets/POLYGON - FPS free/weapons raw/Assault57
  artifactKey: Guid(2e07fdbf90b8d814f8e3f97979bd71c2) Importer(2089858483,b0f066a214c2f5e87bad3c948f4d605d)
Start importing Assets/POLYGON - FPS free/weapons raw/Assault57 using Guid(2e07fdbf90b8d814f8e3f97979bd71c2) Importer(2089858483,b0f066a214c2f5e87bad3c948f4d605d) (ScriptedImporter) -> (artifact id: '5a910aeeee17a28da6b6e0be1eaa2471') in 0.021001 seconds
Number of updated asset objects reloaded before import = 0Number of asset objects unloaded after import = 1

========================================================================
Received Import Request.
  Time since last request: 0.000083 seconds.
  path: Assets/POLYGON - FPS free/weapons raw/Equipment_raw_prefab/Suppressor_b_prefab.prefab
  artifactKey: Guid(c720069b6f176304b92c9663a0317df8) Importer(2089858483,b0f066a214c2f5e87bad3c948f4d605d)
Start importing Assets/POLYGON - FPS free/weapons raw/Equipment_raw_prefab/Suppressor_b_prefab.prefab using Guid(c720069b6f176304b92c9663a0317df8) Importer(2089858483,b0f066a214c2f5e87bad3c948f4d605d) (ScriptedImporter) -> (artifact id: '7d8b742d62ca80d95f0bb0c24f5f8543') in 0.0485331 seconds
Number of updated asset objects reloaded before import = 0Number of asset objects unloaded after import = 9

========================================================================
Received Import Request.
  Time since last request: 0.000034 seconds.
  path: Assets/POLYGON - FPS free/polygon fps sounds/old_pistol/shoot silence old_pistol.wav
  artifactKey: Guid(cda441b8614ef3444a84d0592820c172) Importer(2089858483,b0f066a214c2f5e87bad3c948f4d605d)
Start importing Assets/POLYGON - FPS free/polygon fps sounds/old_pistol/shoot silence old_pistol.wav using Guid(cda441b8614ef3444a84d0592820c172) Importer(2089858483,b0f066a214c2f5e87bad3c948f4d605d) (ScriptedImporter) -> (artifact id: 'feb067fa61cb9dfcc61c18626beb1ff2') in 0.0572789 seconds
Number of updated asset objects reloaded before import = 0Number of asset objects unloaded after import = 1

========================================================================
Received Import Request.
  Time since last request: 0.000085 seconds.
  path: Assets/POLYGON - FPS free/weapons raw/equipment_mats/lamp_b/lamp_b.png
  artifactKey: Guid(1f5067c72ced267408ab5b26bf2fcc5c) Importer(2089858483,b0f066a214c2f5e87bad3c948f4d605d)
Start importing Assets/POLYGON - FPS free/weapons raw/equipment_mats/lamp_b/lamp_b.png using Guid(1f5067c72ced267408ab5b26bf2fcc5c) Importer(2089858483,b0f066a214c2f5e87bad3c948f4d605d) (ScriptedImporter) -> (artifact id: 'e7bed84a8bbb12130a8861fab0aa4b6f') in 0.0344865 seconds
Number of updated asset objects reloaded before import = 0Number of asset objects unloaded after import = 1

========================================================================
Received Import Request.
  Time since last request: 0.000070 seconds.
  path: Assets/POLYGON - FPS free/weapons raw/Equipment_raw_prefab/scope_c_prefab.prefab
  artifactKey: Guid(46215f485cc2c8943985f0fd31ba7a83) Importer(2089858483,b0f066a214c2f5e87bad3c948f4d605d)
Start importing Assets/POLYGON - FPS free/weapons raw/Equipment_raw_prefab/scope_c_prefab.prefab using Guid(46215f485cc2c8943985f0fd31ba7a83) Importer(2089858483,b0f066a214c2f5e87bad3c948f4d605d) (ScriptedImporter) -> (artifact id: '98499df3d6982dafe791d74d89645045') in 0.0443138 seconds
Number of updated asset objects reloaded before import = 0Number of asset objects unloaded after import = 29

========================================================================
Received Import Request.
  Time since last request: 0.000029 seconds.
  path: Assets/POLYGON - FPS free/Prefabs/props/TexMat/burn.png
  artifactKey: Guid(2c633cc268e38a249ab7419cc7cd266b) Importer(2089858483,b0f066a214c2f5e87bad3c948f4d605d)
Start importing Assets/POLYGON - FPS free/Prefabs/props/TexMat/burn.png using Guid(2c633cc268e38a249ab7419cc7cd266b) Importer(2089858483,b0f066a214c2f5e87bad3c948f4d605d) (ScriptedImporter) -> (artifact id: 'c0c0c3e8eaf486e273659d64df208e16') in 0.0342801 seconds
Number of updated asset objects reloaded before import = 0Number of asset objects unloaded after import = 1

========================================================================
Received Import Request.
  Time since last request: 0.000106 seconds.
  path: Assets/POLYGON - FPS free/weapons raw/bullet_shells_fbxTexMat/magnum.png
  artifactKey: Guid(144b60e6fdf147046b581b57aa0d4f8a) Importer(2089858483,b0f066a214c2f5e87bad3c948f4d605d)
Start importing Assets/POLYGON - FPS free/weapons raw/bullet_shells_fbxTexMat/magnum.png using Guid(144b60e6fdf147046b581b57aa0d4f8a) Importer(2089858483,b0f066a214c2f5e87bad3c948f4d605d) (ScriptedImporter) -> (artifact id: '15aacc5165851fab36277cb816b9a890') in 0.0365031 seconds
Number of updated asset objects reloaded before import = 0Number of asset objects unloaded after import = 1

========================================================================
Received Import Request.
  Time since last request: 0.000111 seconds.
  path: Assets/POLYGON - FPS free/Prefabs/props/prop_sounds/in_move.wav
  artifactKey: Guid(34d755bc2e657a948ae716073379754f) Importer(2089858483,b0f066a214c2f5e87bad3c948f4d605d)
Start importing Assets/POLYGON - FPS free/Prefabs/props/prop_sounds/in_move.wav using Guid(34d755bc2e657a948ae716073379754f) Importer(2089858483,b0f066a214c2f5e87bad3c948f4d605d) (ScriptedImporter) -> (artifact id: '12a7de9f32bff3c99896f1edb60b30af') in 0.0937667 seconds
Number of updated asset objects reloaded before import = 0Number of asset objects unloaded after import = 1

========================================================================
Received Import Request.
  Time since last request: 0.000063 seconds.
  path: Assets/POLYGON - FPS free/weapons raw/equipment_mats/red_dot_c/Cam_1.renderTexture
  artifactKey: Guid(90c746d58f746034bb5181b9fe46880c) Importer(2089858483,b0f066a214c2f5e87bad3c948f4d605d)
Start importing Assets/POLYGON - FPS free/weapons raw/equipment_mats/red_dot_c/Cam_1.renderTexture using Guid(90c746d58f746034bb5181b9fe46880c) Importer(2089858483,b0f066a214c2f5e87bad3c948f4d605d) (ScriptedImporter) -> (artifact id: '1b09dd3044a45dbdf49f16ee9b4a1830') in 0.0316613 seconds
Number of updated asset objects reloaded before import = 0Number of asset objects unloaded after import = 1

========================================================================
Received Import Request.
  Time since last request: 0.000093 seconds.
  path: Assets/POLYGON - FPS free/Prefabs/props/fbx/petrol.fbx
  artifactKey: Guid(09afba6a7341e5a4c817856d08f34855) Importer(2089858483,b0f066a214c2f5e87bad3c948f4d605d)
Start importing Assets/POLYGON - FPS free/Prefabs/props/fbx/petrol.fbx using Guid(09afba6a7341e5a4c817856d08f34855) Importer(2089858483,b0f066a214c2f5e87bad3c948f4d605d) (ScriptedImporter) -> (artifact id: '325087c5988d18a422b4afbad8d654af') in 0.0435456 seconds
Number of updated asset objects reloaded before import = 0Number of asset objects unloaded after import = 9

========================================================================
Received Import Request.
  Time since last request: 0.000026 seconds.
  path: Assets/POLYGON - FPS free/weapons raw/bullet_shells_fbxTexMat/7.62x39.mat
  artifactKey: Guid(8bd6c92bfac58694ba3e4f5b78fdc111) Importer(2089858483,b0f066a214c2f5e87bad3c948f4d605d)
Start importing Assets/POLYGON - FPS free/weapons raw/bullet_shells_fbxTexMat/7.62x39.mat using Guid(8bd6c92bfac58694ba3e4f5b78fdc111) Importer(2089858483,b0f066a214c2f5e87bad3c948f4d605d) (ScriptedImporter) -> (artifact id: '0bf40d271fdedc240c0d1a70c98cea99') in 0.0508318 seconds
Number of updated asset objects reloaded before import = 0Number of asset objects unloaded after import = 2

========================================================================
Received Import Request.
  Time since last request: 0.000026 seconds.
  path: Assets/POLYGON - FPS free/weapon icon/weapon icon lighting/clusterShotgun.PNG
  artifactKey: Guid(be415c6be3f00f24b9f954d37b5eb59f) Importer(2089858483,b0f066a214c2f5e87bad3c948f4d605d)
Start importing Assets/POLYGON - FPS free/weapon icon/weapon icon lighting/clusterShotgun.PNG using Guid(be415c6be3f00f24b9f954d37b5eb59f) Importer(2089858483,b0f066a214c2f5e87bad3c948f4d605d) (ScriptedImporter) -> (artifact id: '7c2a09b15443f22554871c4f4635c3fb') in 0.0433139 seconds
Number of updated asset objects reloaded before import = 0Number of asset objects unloaded after import = 3

========================================================================
Received Import Request.
  Time since last request: 0.000072 seconds.
  path: Assets/POLYGON - FPS free/map/particles/muzzle_flash_prefab.prefab
  artifactKey: Guid(4547f8ff15bb82947b85f8c98dee9fd0) Importer(2089858483,b0f066a214c2f5e87bad3c948f4d605d)
Start importing Assets/POLYGON - FPS free/map/particles/muzzle_flash_prefab.prefab using Guid(4547f8ff15bb82947b85f8c98dee9fd0) Importer(2089858483,b0f066a214c2f5e87bad3c948f4d605d) (ScriptedImporter) -> (artifact id: '23219b5e72ad94346c404d1b660c098a') in 0.0698181 seconds
Number of updated asset objects reloaded before import = 0Number of asset objects unloaded after import = 15

========================================================================
Received Import Request.
  Time since last request: 0.000034 seconds.
  path: Assets/POLYGON - FPS free/Player_fps_files/fbx/Polygon_FPS.fbx
  artifactKey: Guid(019ac360c1284de428ede7fdae6e3d9b) Importer(2089858483,b0f066a214c2f5e87bad3c948f4d605d)
Start importing Assets/POLYGON - FPS free/Player_fps_files/fbx/Polygon_FPS.fbx using Guid(019ac360c1284de428ede7fdae6e3d9b) Importer(2089858483,b0f066a214c2f5e87bad3c948f4d605d) (ScriptedImporter) -> (artifact id: '4ecbde22a8e7a01bf376a851325eb047') in 0.1019196 seconds
Number of updated asset objects reloaded before import = 0Number of asset objects unloaded after import = 254

========================================================================
Received Import Request.
  Time since last request: 0.000063 seconds.
  path: Assets/POLYGON - FPS free/weapons raw/equipment_mats/red_dot_d
  artifactKey: Guid(71638dba194c9164f8b2d26c3d938240) Importer(2089858483,b0f066a214c2f5e87bad3c948f4d605d)
Start importing Assets/POLYGON - FPS free/weapons raw/equipment_mats/red_dot_d using Guid(71638dba194c9164f8b2d26c3d938240) Importer(2089858483,b0f066a214c2f5e87bad3c948f4d605d) (ScriptedImporter) -> (artifact id: '514b45eafc99f764f892635381042420') in 0.0198169 seconds
Number of updated asset objects reloaded before import = 0Number of asset objects unloaded after import = 1

========================================================================
Received Import Request.
  Time since last request: 0.000149 seconds.
  path: Assets/POLYGON - FPS free/Prefabs/test_map_prefab.prefab
  artifactKey: Guid(e3d707c29a2415740953c579b3cdc855) Importer(2089858483,b0f066a214c2f5e87bad3c948f4d605d)
Start importing Assets/POLYGON - FPS free/Prefabs/test_map_prefab.prefab using Guid(e3d707c29a2415740953c579b3cdc855) Importer(2089858483,b0f066a214c2f5e87bad3c948f4d605d) (ScriptedImporter) -> (artifact id: '7d7d4dd5c2f320b7374ee7c4614ac79d') in 0.094261 seconds
Number of updated asset objects reloaded before import = 0Number of asset objects unloaded after import = 43

========================================================================
Received Import Request.
  Time since last request: 0.000029 seconds.
  path: Assets/POLYGON - FPS free/map/fbx/texture3.mat
  artifactKey: Guid(d002e7c4b24e9614ea003c9581ef6151) Importer(2089858483,b0f066a214c2f5e87bad3c948f4d605d)
Start importing Assets/POLYGON - FPS free/map/fbx/texture3.mat using Guid(d002e7c4b24e9614ea003c9581ef6151) Importer(2089858483,b0f066a214c2f5e87bad3c948f4d605d) (ScriptedImporter) -> (artifact id: '4592d86187608696feb4aab34ba133fc') in 0.0238747 seconds
Number of updated asset objects reloaded before import = 0Number of asset objects unloaded after import = 2

========================================================================
Received Import Request.
  Time since last request: 0.000036 seconds.
  path: Assets/POLYGON - FPS free/map/particles/TexMat/blood_floor.png
  artifactKey: Guid(cdaaf6396e739464a9be2858bc0afbd5) Importer(2089858483,b0f066a214c2f5e87bad3c948f4d605d)
Start importing Assets/POLYGON - FPS free/map/particles/TexMat/blood_floor.png using Guid(cdaaf6396e739464a9be2858bc0afbd5) Importer(2089858483,b0f066a214c2f5e87bad3c948f4d605d) (ScriptedImporter) -> (artifact id: '75052250d977f2fe847e4c3bc91f395c') in 0.039232 seconds
Number of updated asset objects reloaded before import = 0Number of asset objects unloaded after import = 3

========================================================================
Received Import Request.
  Time since last request: 0.023236 seconds.
  path: Assets/POLYGON - FPS free/weapons raw/equipment_mats
  artifactKey: Guid(d9360d4faf2f9414587964573fa69834) Importer(2089858483,b0f066a214c2f5e87bad3c948f4d605d)
Start importing Assets/POLYGON - FPS free/weapons raw/equipment_mats using Guid(d9360d4faf2f9414587964573fa69834) Importer(2089858483,b0f066a214c2f5e87bad3c948f4d605d) (ScriptedImporter) -> (artifact id: '4b0dd7147f05e1a307bd60e5b985cc3a') in 0.013845 seconds
Number of updated asset objects reloaded before import = 0Number of asset objects unloaded after import = 1

========================================================================
Received Import Request.
  Time since last request: 0.000096 seconds.
  path: Assets/POLYGON - FPS free/killer bunny/MatTex/flesh.mat
  artifactKey: Guid(7463f39db32135f489575c10e0dc4209) Importer(2089858483,b0f066a214c2f5e87bad3c948f4d605d)
Start importing Assets/POLYGON - FPS free/killer bunny/MatTex/flesh.mat using Guid(7463f39db32135f489575c10e0dc4209) Importer(2089858483,b0f066a214c2f5e87bad3c948f4d605d) (ScriptedImporter) -> (artifact id: '215d133f2de8d545e1e58ce274b4754a') in 0.0357932 seconds
Number of updated asset objects reloaded before import = 0Number of asset objects unloaded after import = 2

========================================================================
Received Import Request.
  Time since last request: 0.000025 seconds.
  path: Assets/POLYGON - FPS free/Prefabs/props/TexMat/plywood_box2.png
  artifactKey: Guid(4f1d612ed5689f149b66418a8022fab9) Importer(2089858483,b0f066a214c2f5e87bad3c948f4d605d)
Start importing Assets/POLYGON - FPS free/Prefabs/props/TexMat/plywood_box2.png using Guid(4f1d612ed5689f149b66418a8022fab9) Importer(2089858483,b0f066a214c2f5e87bad3c948f4d605d) (ScriptedImporter) -> (artifact id: '1c110f342bf9d4a28efbc97a8156d88f') in 0.0273528 seconds
Number of updated asset objects reloaded before import = 0Number of asset objects unloaded after import = 1

========================================================================
Received Import Request.
  Time since last request: 0.000102 seconds.
  path: Assets/POLYGON - FPS free/map/particles/TexMat/blood.mat
  artifactKey: Guid(3a72766a37ecf3a438d897c1aebbbf56) Importer(2089858483,b0f066a214c2f5e87bad3c948f4d605d)
Start importing Assets/POLYGON - FPS free/map/particles/TexMat/blood.mat using Guid(3a72766a37ecf3a438d897c1aebbbf56) Importer(2089858483,b0f066a214c2f5e87bad3c948f4d605d) (ScriptedImporter) -> (artifact id: '5f1a9e268369eb01aa165ee11c9a9cdf') in 0.0416526 seconds
Number of updated asset objects reloaded before import = 0Number of asset objects unloaded after import = 1

========================================================================
Received Import Request.
  Time since last request: 0.000111 seconds.
  path: Assets/POLYGON - FPS free/scripts/old_pistol.cs
  artifactKey: Guid(d1df43f335314054490daa88dd2f41a4) Importer(2089858483,b0f066a214c2f5e87bad3c948f4d605d)
Start importing Assets/POLYGON - FPS free/scripts/old_pistol.cs using Guid(d1df43f335314054490daa88dd2f41a4) Importer(2089858483,b0f066a214c2f5e87bad3c948f4d605d) (ScriptedImporter) -> (artifact id: '081ed2db740f05f8f24beed73e1ed55f') in 0.022123 seconds
Number of updated asset objects reloaded before import = 0Number of asset objects unloaded after import = 0

========================================================================
Received Import Request.
  Time since last request: 0.000153 seconds.
  path: Assets/POLYGON - FPS free/weapons raw/equipment_mats/Scope_c/scope_c.fbx
  artifactKey: Guid(e3d181bd30f419045a9916cbbd7b0f43) Importer(2089858483,b0f066a214c2f5e87bad3c948f4d605d)
Start importing Assets/POLYGON - FPS free/weapons raw/equipment_mats/Scope_c/scope_c.fbx using Guid(e3d181bd30f419045a9916cbbd7b0f43) Importer(2089858483,b0f066a214c2f5e87bad3c948f4d605d) (ScriptedImporter) -> (artifact id: '5f27593e79d3a949c0939558483d9dbe') in 0.0434224 seconds
Number of updated asset objects reloaded before import = 0Number of asset objects unloaded after import = 26

========================================================================
Received Import Request.
  Time since last request: 0.000025 seconds.
  path: Assets/POLYGON - FPS free/weapons raw/equipment_mats/suppressor_d/suppressor_d.mat
  artifactKey: Guid(1ab34da889bd9594590f538ecf0d1c10) Importer(2089858483,b0f066a214c2f5e87bad3c948f4d605d)
Start importing Assets/POLYGON - FPS free/weapons raw/equipment_mats/suppressor_d/suppressor_d.mat using Guid(1ab34da889bd9594590f538ecf0d1c10) Importer(2089858483,b0f066a214c2f5e87bad3c948f4d605d) (ScriptedImporter) -> (artifact id: '131d360e49a812785892ad44636f34f6') in 0.0214567 seconds
Number of updated asset objects reloaded before import = 0Number of asset objects unloaded after import = 2

========================================================================
Received Import Request.
  Time since last request: 0.000036 seconds.
  path: Assets/POLYGON - FPS free/Prefabs/pickUp_prefabs/equipment/lamp_laser_a_prefab.prefab
  artifactKey: Guid(498c0a38d186d104f95da3ec8ee41bb0) Importer(2089858483,b0f066a214c2f5e87bad3c948f4d605d)
Start importing Assets/POLYGON - FPS free/Prefabs/pickUp_prefabs/equipment/lamp_laser_a_prefab.prefab using Guid(498c0a38d186d104f95da3ec8ee41bb0) Importer(2089858483,b0f066a214c2f5e87bad3c948f4d605d) (ScriptedImporter) -> (artifact id: 'a455ee9bf413dbf309b31f9d20493af1') in 0.0431567 seconds
Number of updated asset objects reloaded before import = 0Number of asset objects unloaded after import = 12

========================================================================
Received Import Request.
  Time since last request: 0.000024 seconds.
  path: Assets/POLYGON - FPS free/weapon icon/Submachine5.PNG
  artifactKey: Guid(7c0037bc83fae0b4b864ae49790c8d4e) Importer(2089858483,b0f066a214c2f5e87bad3c948f4d605d)
Start importing Assets/POLYGON - FPS free/weapon icon/Submachine5.PNG using Guid(7c0037bc83fae0b4b864ae49790c8d4e) Importer(2089858483,b0f066a214c2f5e87bad3c948f4d605d) (ScriptedImporter) -> (artifact id: '582808eb1a833295d9e63d5b85b25640') in 0.0398624 seconds
Number of updated asset objects reloaded before import = 0Number of asset objects unloaded after import = 3

========================================================================
Received Import Request.
  Time since last request: 0.000025 seconds.
  path: Assets/POLYGON - FPS free/Prefabs/pickUp_prefabs/equipment/red_dot_c_pickUp_prefab.prefab
  artifactKey: Guid(136972a43d063a94e8e3255bc91cb587) Importer(2089858483,b0f066a214c2f5e87bad3c948f4d605d)
Start importing Assets/POLYGON - FPS free/Prefabs/pickUp_prefabs/equipment/red_dot_c_pickUp_prefab.prefab using Guid(136972a43d063a94e8e3255bc91cb587) Importer(2089858483,b0f066a214c2f5e87bad3c948f4d605d) (ScriptedImporter) -> (artifact id: '1f8585a46fe730de5a904c225ac21a68') in 0.0447775 seconds
Number of updated asset objects reloaded before import = 0Number of asset objects unloaded after import = 37

========================================================================
Received Import Request.
  Time since last request: 0.000028 seconds.
  path: Assets/POLYGON - FPS free/weapons raw/equipment_mats/Scope_a
  artifactKey: Guid(4d84d7ebb0d551843a50a44b6390c271) Importer(2089858483,b0f066a214c2f5e87bad3c948f4d605d)
Start importing Assets/POLYGON - FPS free/weapons raw/equipment_mats/Scope_a using Guid(4d84d7ebb0d551843a50a44b6390c271) Importer(2089858483,b0f066a214c2f5e87bad3c948f4d605d) (ScriptedImporter) -> (artifact id: '752849e34c1adff0d7630674a9c3d34b') in 0.0159038 seconds
Number of updated asset objects reloaded before import = 0Number of asset objects unloaded after import = 1

========================================================================
Received Import Request.
  Time since last request: 0.000096 seconds.
  path: Assets/POLYGON - FPS free/weapon icon/streetsub.PNG
  artifactKey: Guid(4fee3d3bf3937e64f817b6aba3e7170e) Importer(2089858483,b0f066a214c2f5e87bad3c948f4d605d)
Start importing Assets/POLYGON - FPS free/weapon icon/streetsub.PNG using Guid(4fee3d3bf3937e64f817b6aba3e7170e) Importer(2089858483,b0f066a214c2f5e87bad3c948f4d605d) (ScriptedImporter) -> (artifact id: '9c9206bfde962b99dbe3393caf19cb93') in 0.0462336 seconds
Number of updated asset objects reloaded before import = 0Number of asset objects unloaded after import = 3

========================================================================
Received Import Request.
  Time since last request: 0.000028 seconds.
  path: Assets/POLYGON - FPS free/weapons raw/Equipment_raw_prefab/red_dot_e_prefab.prefab
  artifactKey: Guid(aa60aca005282164d8fd41b243854008) Importer(2089858483,b0f066a214c2f5e87bad3c948f4d605d)
Start importing Assets/POLYGON - FPS free/weapons raw/Equipment_raw_prefab/red_dot_e_prefab.prefab using Guid(aa60aca005282164d8fd41b243854008) Importer(2089858483,b0f066a214c2f5e87bad3c948f4d605d) (ScriptedImporter) -> (artifact id: '5a77fa1397d1d9c77f2e6b1fdea049f1') in 0.0503051 seconds
Number of updated asset objects reloaded before import = 0Number of asset objects unloaded after import = 29

========================================================================
Received Import Request.
  Time since last request: 0.000034 seconds.
  path: Assets/POLYGON - FPS free/map/fbx/texture6.png
  artifactKey: Guid(0fd9a41a85494094687a53aade0bfc1d) Importer(2089858483,b0f066a214c2f5e87bad3c948f4d605d)
Start importing Assets/POLYGON - FPS free/map/fbx/texture6.png using Guid(0fd9a41a85494094687a53aade0bfc1d) Importer(2089858483,b0f066a214c2f5e87bad3c948f4d605d) (ScriptedImporter) -> (artifact id: '834ae0e93bad401c90ab44b8d9dd5b6e') in 0.0307232 seconds
Number of updated asset objects reloaded before import = 0Number of asset objects unloaded after import = 3

========================================================================
Received Import Request.
  Time since last request: 0.000029 seconds.
  path: Assets/POLYGON - FPS free/weapons raw/equipment_mats/red_dot_a
  artifactKey: Guid(5ac064dfa4d5497439ec7fbe4ebb46cf) Importer(2089858483,b0f066a214c2f5e87bad3c948f4d605d)
Start importing Assets/POLYGON - FPS free/weapons raw/equipment_mats/red_dot_a using Guid(5ac064dfa4d5497439ec7fbe4ebb46cf) Importer(2089858483,b0f066a214c2f5e87bad3c948f4d605d) (ScriptedImporter) -> (artifact id: '3a904e95a1d1b113bde043b89fe6359d') in 0.0157703 seconds
Number of updated asset objects reloaded before import = 0Number of asset objects unloaded after import = 1

========================================================================
Received Import Request.
  Time since last request: 0.000155 seconds.
  path: Assets/POLYGON - FPS free/weapon icon/auge.PNG
  artifactKey: Guid(dcb31db008416064b9e9985c1aca7734) Importer(2089858483,b0f066a214c2f5e87bad3c948f4d605d)
Start importing Assets/POLYGON - FPS free/weapon icon/auge.PNG using Guid(dcb31db008416064b9e9985c1aca7734) Importer(2089858483,b0f066a214c2f5e87bad3c948f4d605d) (ScriptedImporter) -> (artifact id: '1f34bf1363e5f48db1f8760145c32499') in 0.0508321 seconds
Number of updated asset objects reloaded before import = 0Number of asset objects unloaded after import = 3

========================================================================
Received Import Request.
  Time since last request: 0.000030 seconds.
  path: Assets/POLYGON - FPS free/Prefabs/props/TexMat/lever_on.png
  artifactKey: Guid(b18a5f00afd647f479741cb216de6c0c) Importer(2089858483,b0f066a214c2f5e87bad3c948f4d605d)
Start importing Assets/POLYGON - FPS free/Prefabs/props/TexMat/lever_on.png using Guid(b18a5f00afd647f479741cb216de6c0c) Importer(2089858483,b0f066a214c2f5e87bad3c948f4d605d) (ScriptedImporter) -> (artifact id: '6ac9f4327a99de2b7c757ad014b1f7b4') in 0.0666654 seconds
Number of updated asset objects reloaded before import = 0Number of asset objects unloaded after import = 1

========================================================================
Received Import Request.
  Time since last request: 0.000097 seconds.
  path: Assets/POLYGON - FPS free/polygon fps sounds/assault57/reload unempty assault57.wav
  artifactKey: Guid(2acaed2e9cc9dbd41ad038d82775adfa) Importer(2089858483,b0f066a214c2f5e87bad3c948f4d605d)
Start importing Assets/POLYGON - FPS free/polygon fps sounds/assault57/reload unempty assault57.wav using Guid(2acaed2e9cc9dbd41ad038d82775adfa) Importer(2089858483,b0f066a214c2f5e87bad3c948f4d605d) (ScriptedImporter) -> (artifact id: 'd922e5fbc67f37d476431f123808d102') in 0.0623216 seconds
Number of updated asset objects reloaded before import = 0Number of asset objects unloaded after import = 1

========================================================================
Received Import Request.
  Time since last request: 0.000056 seconds.
  path: Assets/POLYGON - FPS free/weapons raw/equipment_mats/red_dot_c/red_dot_c.mat
  artifactKey: Guid(055a6c474938af3409aaaae47d7ae0b0) Importer(2089858483,b0f066a214c2f5e87bad3c948f4d605d)
Start importing Assets/POLYGON - FPS free/weapons raw/equipment_mats/red_dot_c/red_dot_c.mat using Guid(055a6c474938af3409aaaae47d7ae0b0) Importer(2089858483,b0f066a214c2f5e87bad3c948f4d605d) (ScriptedImporter) -> (artifact id: '97bac2e3fcbc51191e15e858e55d07cf') in 0.0303345 seconds
Number of updated asset objects reloaded before import = 0Number of asset objects unloaded after import = 2

========================================================================
Received Import Request.
  Time since last request: 0.000024 seconds.
  path: Assets/POLYGON - FPS free/polygon fps sounds/assault57/shoot assault57.wav
  artifactKey: Guid(eb8db376ee229124799f452cfc6f0833) Importer(2089858483,b0f066a214c2f5e87bad3c948f4d605d)
Start importing Assets/POLYGON - FPS free/polygon fps sounds/assault57/shoot assault57.wav using Guid(eb8db376ee229124799f452cfc6f0833) Importer(2089858483,b0f066a214c2f5e87bad3c948f4d605d) (ScriptedImporter) -> (artifact id: '5853767e6e8c27c5c4291f514b3aff60') in 0.0609436 seconds
Number of updated asset objects reloaded before import = 0Number of asset objects unloaded after import = 1

========================================================================
Received Import Request.
  Time since last request: 0.000072 seconds.
  path: Assets/POLYGON - FPS free/killer bunny/MatTex/Killer_bunny_light.png
  artifactKey: Guid(61a8f486498175640905aa41b2e5a442) Importer(2089858483,b0f066a214c2f5e87bad3c948f4d605d)
Start importing Assets/POLYGON - FPS free/killer bunny/MatTex/Killer_bunny_light.png using Guid(61a8f486498175640905aa41b2e5a442) Importer(2089858483,b0f066a214c2f5e87bad3c948f4d605d) (ScriptedImporter) -> (artifact id: 'c457d1ab33fcaca0c9bef9bd46ce0428') in 0.0255924 seconds
Number of updated asset objects reloaded before import = 0Number of asset objects unloaded after import = 1

========================================================================
Received Import Request.
  Time since last request: 0.000046 seconds.
  path: Assets/POLYGON - FPS free/weapon icon/weapon icon lighting/assault_57_icon.PNG
  artifactKey: Guid(18636b9bd6f78314aaa665b13fa8aa00) Importer(2089858483,b0f066a214c2f5e87bad3c948f4d605d)
Start importing Assets/POLYGON - FPS free/weapon icon/weapon icon lighting/assault_57_icon.PNG using Guid(18636b9bd6f78314aaa665b13fa8aa00) Importer(2089858483,b0f066a214c2f5e87bad3c948f4d605d) (ScriptedImporter) -> (artifact id: '949bc99c058990609046e48da81843bd') in 0.035801 seconds
Number of updated asset objects reloaded before import = 0Number of asset objects unloaded after import = 3

========================================================================
Received Import Request.
  Time since last request: 0.000030 seconds.
  path: Assets/POLYGON - FPS free/weapons raw/fireaxe/fireaxe.fbx
  artifactKey: Guid(cd01ba052a6358b429cb051112534b2a) Importer(2089858483,b0f066a214c2f5e87bad3c948f4d605d)
Start importing Assets/POLYGON - FPS free/weapons raw/fireaxe/fireaxe.fbx using Guid(cd01ba052a6358b429cb051112534b2a) Importer(2089858483,b0f066a214c2f5e87bad3c948f4d605d) (ScriptedImporter) -> (artifact id: '843396588536ed5c49c7c6fbae219007') in 0.0296197 seconds
Number of updated asset objects reloaded before import = 0Number of asset objects unloaded after import = 9

Editor requested this worker to shutdown with reason: Scaling down because of idle timeout
AssetImportWorker is now disconnected from the server
Process exiting
Exiting without the bug reporter. Application will terminate with return code 0